03-12 11:11:03.336   892   892 D android.hardware.audio.service-aidl.mediatek: appOpsOpenAppLibs(), init AppOps struct, lib is libaudio_param_parser-vnd.so
03-12 11:11:03.336   892   892 W AudioParamParser-vnd: appHandleGetFeatureOptionIntValue(), No MODEM_PCM_SAMPLE_RATE such feature option
03-12 11:11:03.336   892   892 D AudioSmartPaController: initSmartPaAttribute(), spkType: int_lo_buf, isSmartPA: 0
03-12 11:11:03.336   892   892 D AudioALSAHardwareResourceManager: AudioALSAHardwareResourceManager()
03-12 11:11:03.336   892   892 D android.hardware.audio.service-aidl.mediatek: appOpsOpenAppLibs(), init AppOps struct, lib is libaudio_param_parser-vnd.so
03-12 11:11:03.337   892   892 D AudioALSACodecDeviceOutEarphonePMIC: AudioALSACodecDeviceOutEarphonePMIC()
03-12 11:11:03.337   892   892 D AudioALSACodecDeviceOutSpeakerEarphonePMIC: AudioALSACodecDeviceOutSpeakerEarphonePMIC()
03-12 11:11:03.337   892   892 D android.hardware.audio.service-aidl.mediatek: appOpsOpenAppLibs(), init AppOps struct, lib is libaudio_param_parser-vnd.so
03-12 11:11:03.337   892   892 W AudioParamParser-vnd: appHandleGetFeatureOptionIntValue(), No AUDIO_PMIC_ADC_SUPPORT_NUM such feature option
03-12 11:11:03.337   892   892 D AudioALSAHardwareResourceManager: setNumSpkSupport() spk number: 2
03-12 11:11:03.337   892   892 D AudioUtility: PHONE_MIC_MODE defined!, mPhoneMicMode = 1
03-12 11:11:03.337   892   892 D AudioUtility: HEADSET_MIC_MODE defined!, mHeadsetMicMode = 1
03-12 11:11:03.337   892   892 D AudioALSAHardwareResourceManager: setNonSmartPAType(), nonSmartPAType: 1
03-12 11:11:03.338   892   892 D AudioALSAHardwareResourceManager: loadMbrainLib(), load mbrain successfully
03-12 11:11:03.338   892   892 D GainTableParamParser: getInstance()
03-12 11:11:03.338   892   892 D GainTableParamParser: GainTableParamParser()
03-12 11:11:03.338   892   892 D android.hardware.audio.service-aidl.mediatek: appOpsOpenAppLibs(), init AppOps struct, lib is libaudio_param_parser-vnd.so
03-12 11:11:03.339   892   892 D GainTableParamParser: loadGainTableSpec(), mSpec.audioBufferGainPreferMaxIdx = 18, audioBufMixerName = Headset Volume
03-12 11:11:03.339   892   892 D GainTableParamParser: loadGainTableSpec(), mSpec.voiceBufferGainPreferMaxIdx = 18, voiceBufMixerName = Handset Volume
03-12 11:11:03.339   892   892 D GainTableParamParser: loadGainTableSpec(), mSpec.lineoutBufferGainPreferMaxIdx = 18
03-12 11:11:03.339   892   892 D GainTableParamParser: loadGainTableSpec(), mSpec.spkAnaType = 3, spkMixerName = Lineout Volume
03-12 11:11:03.339   892   892 E GainTableParamParser: error: get param fail, param_name = ul_pga_3_mixer_name
03-12 11:11:03.339   892   892 E GainTableParamParser: error: get param fail, param_name = ul_pga_4_mixer_name
03-12 11:11:03.339   892   892 E GainTableParamParser: error: get param fail, param_name = ul_pga_5_mixer_name
03-12 11:11:03.339   892   892 E GainTableParamParser: error: get param fail, param_name = ul_pga_6_mixer_name
03-12 11:11:03.339   892   892 D GainTableParamParser: loadGainTableSpec(), ulPgaMixerName = ch0:PGA1 Volume, ch1:PGA2 Volume, ch2:, ch3:, ch4:, ch5:
03-12 11:11:03.339   892   892 D GainTableParamParser: loadGainTableMapDl()
03-12 11:11:03.339   892   892 D GainTableParamParser: loadGainTableMapUl()
03-12 11:11:03.339   892   892 W GainTableParamParser: loadGainTableDevPower(), get paramUnit fail, paramPath = Power,MT6768, use common
03-12 11:11:03.339   892   892 W GainTableParamParser: loadGainTableCodec(), get paramUnit fail, paramPath = Codec,MT6768, use common
03-12 11:11:03.339   892   892 D GainTableParamParser: getGainTableParam()
03-12 11:11:03.339   892   892 D GainTableParamParser: updatePlaybackDigitalGain()
03-12 11:11:03.347   892   892 D GainTableParamParser: updatePlaybackAnalogGain()
03-12 11:11:03.357   892   892 D GainTableParamParser: updateSpeechVol()
03-12 11:11:03.360   892   892 D GainTableParamParser: updateRecordVol()
03-12 11:11:03.364   958  1050 I libGLES_mali: mtk-brm-commit-id:98f1b008e40bf1c0287166d9cdf910ff92998348
03-12 11:11:03.364   958  1050 I libGLES_mali: mtk-brm-change-id:I54e4c3e9281d28b2f7b7c482c2d26577e295469b
03-12 11:11:03.364   958  1050 I libGLES_mali: mtk-brm-merge-id:none
03-12 11:11:03.367   969   969 E ccci_mdinit: (1):fail to open /mnt/vendor/nvdata/APCFG/APRDCL/CXP_SBP: 2
03-12 11:11:03.367   969   969 I ccci_mdinit: (1):get_cip_sbp_setting, file /custom/etc/firmware/CIP_MD_SBP NOT exists!
03-12 11:11:03.367   969   969 I ccci_mdinit: (1):PRJ_SBP_ID:ro.vendor.mtk_md_sbp_custom_value not exist, using default value
03-12 11:11:03.367   969   969 D NVRAM   : NVM_GetLIDByName /vendor/nvdata/APCFG/APRDCL/MD_SBP 
03-12 11:11:03.367   969   969 D NVRAM   : NVM_Init
03-12 11:11:03.367   969   969 I ccci_mdinit: [libfstab] Using Android DT directory /proc/device-tree/firmware/android/
03-12 11:11:03.368   969   969 W ccci_mdinit: [libfstab] Warning: unknown flag: resize
03-12 11:11:03.369   969   969 D NVRAM   : NVM_load_libcustom_nvram dlopen
03-12 11:11:03.369   969   969 D NVRAM   : NVM_load_libcustom_nvram hcustlib: 0xb911e21c87a3feb1
03-12 11:11:03.369   969   969 D NVRAM   : g_i4CFG_File_Count=51
03-12 11:11:03.369   969   969 D NVRAM   : g_akCFG_File[0].cFileName=/mnt/vendor/nvdata/APCFG/APRDCL/FILE_VER
03-12 11:11:03.370   969   969 D NVRAM   : g_akCFG_File_Custom[1].cFileName=/mnt/vendor/nvdata/APCFG/APRDEB/GPS
03-12 11:11:03.370   969   969 D NVRAM   : iCustomBeginLID=51, iFileVerInfoLID=0
03-12 11:11:03.370   969   969 D NVRAM   : iFileWIFILID=55, iFileCustomWIFILID=56, iNvRamFileMaxLID=79
03-12 11:11:03.370   969   969 D NVRAM   : g_new_nvram_lid_count=2
03-12 11:11:03.370   969   969 D NVRAM   : g_new_nvram_lid[0].lid=61
03-12 11:11:03.370   969   969 D NVRAM   : g_Backup_File_Count=17
03-12 11:11:03.370   969   969 D NVRAM   : aBackupToBinRegion[0]=FILE_VER
03-12 11:11:03.370   969   969 D NVRAM   : libfile nvram_platform_log_block =2,nvram_platform_resv_block=2,nvram_platform_DM_block=1 nvram_platform_layout_version##=0,nvram_platform_header_offset=0,g_i4CFG_File_Count=51
03-12 11:11:03.370   969   969 D NVRAM   : NVM_Init Max Lid: 79
03-12 11:11:03.370   969   969 D NVRAM   : [NVRAM]: info nvram_gpt_flag =1
03-12 11:11:03.370   969   969 D NVRAM   : deal with cfgfile =/mnt/vendor/nvdata/APCFG/APRDCL/FILE_VER,0
03-12 11:11:03.370   969   969 D NVRAM   : deal with cfgfile =/mnt/vendor/nvdata/APCFG/APRDEB/BT_Addr,1
03-12 11:11:03.370   969   969 D NVRAM   : deal with cfgfile =/mnt/vendor/nvdata/APCFG/APRDCL/AUXADC,2
03-12 11:11:03.370   969   969 D NVRAM   : deal with cfgfile =/mnt/vendor/nvdata/media/CAMERA_Para,3
03-12 11:11:03.370   969   969 D NVRAM   : deal with cfgfile =/mnt/vendor/nvdata/media/CAMERA_3A,4
03-12 11:11:03.370   969   969 D NVRAM   : deal with cfgfile =/mnt/vendor/nvdata/media/CAMERA_SHADING,5
03-12 11:11:03.370   969   969 D NVRAM   : deal with cfgfile =/mnt/vendor/nvdata/media/CAMERA_DEFECT,6
03-12 11:11:03.370   969   969 D NVRAM   : deal with cfgfile =/mnt/vendor/nvdata/media/CAMERA_SENSOR,7
03-12 11:11:03.370   969   969 D NVRAM   : deal with cfgfile =/mnt/vendor/nvdata/media/CAMERA_LENS,8
03-12 11:11:03.370   969   969 D NVRAM   : deal with cfgfile =/mnt/vendor/nvdata/APCFG/APRDCL/UART,9
03-12 11:11:03.370   969   969 D NVRAM   : deal with cfgfile =/mnt/vendor/nvdata/APCFG/APRDCL/FACTORY,10
03-12 11:11:03.370   969   969 D NVRAM   : deal with cfgfile =/mnt/vendor/nvdata/APCFG/APRDCL/BWCS,11
03-12 11:11:03.370   969   969 D NVRAM   : deal with cfgfile =/mnt/vendor/nvdata/APCFG/APRDCL/HWMON_ACC,12
03-12 11:11:03.370   969   969 D NVRAM   : deal with cfgfile =/mnt/vendor/nvdata/APCFG/APRDCL/HWMON_GYRO,13
03-12 11:11:03.370   969   969 D NVRAM   : deal with cfgfile =/mnt/vendor/nvdata/APCFG/APRDEB/OMADM_USB,14
03-12 11:11:03.370   969   969 D NVRAM   : deal with cfgfile =/mnt/vendor/nvdata/media/Voice_Recognize_Param,15
03-12 11:11:03.370   969   969 D NVRAM   : deal with cfgfile =/mnt/vendor/nvdata/media/Audio_AudEnh_Control_Opt,16
03-12 11:11:03.370   969   969 D NVRAM   : deal with cfgfile =/mnt/vendor/nvdata/media/Audio_VOIP_Param,17
03-12 11:11:03.370   969   969 D NVRAM   : deal with cfgfile =/mnt/vendor/nvdata/APCFG/APRDCL/HWMON_PS,18
03-12 11:11:03.370   969   969 D NVRAM   : deal with cfgfile =/mnt/vendor/nvdata/APCFG/APRDCL/MD_Type,19
03-12 11:11:03.370   969   969 D NVRAM   : deal with cfgfile =/mnt/vendor/nvdata/APCFG/APRDCL/EXT_MD_Type,20
03-12 11:11:03.370   969   969 D NVRAM   : deal with cfgfile =/mnt/vendor/nvdata/APCFG/APRDCL/SDIO,21
03-12 11:11:03.370   969   969 D NVRAM   : deal with cfgfile =/mnt/vendor/nvdata/media/CAMERA_VERSION,22
03-12 11:11:03.370   969   969 D NVRAM   : deal with cfgfile =/mnt/vendor/nvdata/media/CAMERA_FEATURE,23
03-12 11:11:03.370   969   969 D NVRAM   : deal with cfgfile =/mnt/vendor/nvdata/media/CAMERA_GEOMETRY,24
03-12 11:11:03.370   969   969 D NVRAM   : deal with cfgfile =/mnt/vendor/nvdata/APCFG/APRDCL/MD_SBP,25
03-12 11:11:03.370   969   969 D NVRAM   : deal with cfgfile =/mnt/vendor/nvdata/media/CAMERA_SHADING2,26
03-12 11:11:03.370   969   969 D NVRAM   : deal with cfgfile =/mnt/vendor/nvdata/media/CAMERA_SHADING3,27
03-12 11:11:03.370   969   969 D NVRAM   : deal with cfgfile =/mnt/vendor/nvdata/media/CAMERA_SHADING4,28
03-12 11:11:03.370   969   969 D NVRAM   : deal with cfgfile =/mnt/vendor/nvdata/media/CAMERA_SHADING5,29
03-12 11:11:03.370   969   969 D NVRAM   : deal with cfgfile =/mnt/vendor/nvdata/media/CAMERA_SHADING6,30
03-12 11:11:03.370   969   969 D NVRAM   : deal with cfgfile =/mnt/vendor/nvdata/media/CAMERA_SHADING7,31
03-12 11:11:03.370   969   969 D NVRAM   : deal with cfgfile =/mnt/vendor/nvdata/media/CAMERA_SHADING8,32
03-12 11:11:03.370   969   969 D NVRAM   : deal with cfgfile =/mnt/vendor/nvdata/media/CAMERA_SHADING9,33
03-12 11:11:03.370   969   969 D NVRAM   : deal with cfgfile =/mnt/vendor/nvdata/media/CAMERA_SHADING10,34
03-12 11:11:03.370   969   969 D NVRAM   : deal with cfgfile =/mnt/vendor/nvdata/media/CAMERA_SHADING11,35
03-12 11:11:03.370   969   969 D NVRAM   : deal with cfgfile =/mnt/vendor/nvdata/media/CAMERA_SHADING12,36
03-12 11:11:03.370   969   969 D NVRAM   : deal with cfgfile =/mnt/vendor/nvdata/media/CAMERA_PLINE,37
03-12 11:11:03.370   969   969 D NVRAM   : deal with cfgfile =/mnt/vendor/nvdata/media/CAMERA_PLINE2,38
03-12 11:11:03.370   969   969 D NVRAM   : deal with cfgfile =/mnt/vendor/nvdata/media/CAMERA_PLINE3,39
03-12 11:11:03.370   969   969 D NVRAM   : deal with cfgfile =/mnt/vendor/nvdata/media/CAMERA_PLINE4,40
03-12 11:11:03.370   969   969 D NVRAM   : deal with cfgfile =/mnt/vendor/nvdata/media/CAMERA_PLINE5,41
03-12 11:11:03.370   969   969 D NVRAM   : deal with cfgfile =/mnt/vendor/nvdata/media/CAMERA_PLINE6,42
03-12 11:11:03.370   969   969 D NVRAM   : deal with cfgfile =/mnt/vendor/nvdata/media/CAMERA_PLINE7,43
03-12 11:11:03.370   969   969 D NVRAM   : deal with cfgfile =/mnt/vendor/nvdata/media/CAMERA_PLINE8,44
03-12 11:11:03.370   969   969 D NVRAM   : deal with cfgfile =/mnt/vendor/nvdata/media/CAMERA_PLINE9,45
03-12 11:11:03.370   969   969 D NVRAM   : deal with cfgfile =/mnt/vendor/nvdata/media/CAMERA_PLINE10,46
03-12 11:11:03.370   969   969 D NVRAM   : deal with cfgfile =/mnt/vendor/nvdata/media/CAMERA_PLINE11,47
03-12 11:11:03.370   969   969 D NVRAM   : deal with cfgfile =/mnt/vendor/nvdata/media/CAMERA_PLINE12,48
03-12 11:11:03.370   969   969 D NVRAM   : deal with cfgfile =/mnt/vendor/nvdata/media/CAMERA_AF,49
03-12 11:11:03.370   969   969 D NVRAM   : deal with cfgfile =/mnt/vendor/nvdata/media/CAMERA_FLASH_CALIBRATION,50
03-12 11:11:03.370   969   969 D NVRAM   : deal with cfgcustfile =/mnt/vendor/nvdata/media/Audio_Sph,51
03-12 11:11:03.370   969   969 D NVRAM   : deal with cfgcustfile =/mnt/vendor/nvdata/APCFG/APRDEB/GPS,52
03-12 11:11:03.370   969   969 D NVRAM   : deal with cfgcustfile =/mnt/vendor/nvdata/media/Audio_CompFlt,53
03-12 11:11:03.370   969   969 D NVRAM   : deal with cfgcustfile =/mnt/vendor/nvdata/media/Audio_Effect,54
03-12 11:11:03.370   969   969 D NVRAM   : deal with cfgcustfile =/mnt/vendor/nvdata/APCFG/APRDEB/WIFI,55
03-12 11:11:03.370   969   969 D NVRAM   : deal with cfgcustfile =/mnt/vendor/nvdata/APCFG/APRDEB/WIFI_CUSTOM,56
03-12 11:11:03.370   969   969 D NVRAM   : deal with cfgcustfile =/mnt/vendor/nvdata/media/Audio_Sph_Med,57
03-12 11:11:03.370   969   969 D NVRAM   : deal with cfgcustfile =/mnt/vendor/nvdata/media/Audio_Vol_custom,58
03-12 11:11:03.370   969   969 D NVRAM   : deal with cfgcustfile =/mnt/vendor/nvdata/media/Sph_Dual_Mic,59
03-12 11:11:03.370   969   969 D NVRAM   : deal with cfgcustfile =/mnt/vendor/nvdata/media/Audio_Wb_Sph,60
03-12 11:11:03.370   969   969 D NVRAM   : deal with cfgcustfile =/mnt/vendor/nvdata/APCFG/APRDEB/PRODUCT_INFO,61
03-12 11:11:03.370   969   969 D NVRAM   : deal with cfgcustfile =/mnt/vendor/nvdata/media/Headphone_CompFlt,62
03-12 11:11:03.370   969   969 D NVRAM   : deal with cfgcustfile =/mnt/vendor/nvdata/media/Audio_gain_table,63
03-12 11:11:03.370   969   969 D NVRAM   : deal with cfgcustfile =/mnt/vendor/nvdata/media/Audio_ver1_Vol_custom,64
03-12 11:11:03.370   969   969 D NVRAM   : deal with cfgcustfile =/mnt/vendor/nvdata/media/Audio_Hd_Record_Param,65
03-12 11:11:03.370   969   969 D NVRAM   : deal with cfgcustfile =/mnt/vendor/nvdata/media/Audio_Hd_Record_Scene_Table,66
03-12 11:11:03.370   969   969 D NVRAM   : deal with cfgcustfile =/mnt/vendor/nvdata/media/Audio_Buffer_DC_Calibration_Param,67
03-12 11:11:03.370   969   969 D NVRAM   : deal with cfgcustfile =/mnt/vendor/nvdata/media/VibSpk_CompFlt,68
03-12 11:11:03.370   969   969 D NVRAM   : deal with cfgcustfile =/mnt/vendor/nvdata/media/MusicDRC_CompFlt,69
03-12 11:11:03.370   969   969 D NVRAM   : deal with cfgcustfile =/mnt/vendor/nvdata/media/RingToneDRC_CompFlt,70
03-12 11:11:03.370   969   969 D NVRAM   : deal with cfgcustfile =/mnt/vendor/nvdata/media/Audio_MAGI_CONFERENCE,71
03-12 11:11:03.370   969   969 D NVRAM   : deal with cfgcustfile =/mnt/vendor/nvdata/media/Audio_HAC_Param,72
03-12 11:11:03.370   969   969 D NVRAM   : deal with cfgcustfile =/mnt/vendor/nvdata/media/Audio_Sph_Lpbk,73
03-12 11:11:03.370   969   969 D NVRAM   : deal with cfgcustfile =/mnt/vendor/nvdata/media/Audio_BT_Gain,74
03-12 11:11:03.370   969   969 D NVRAM   : deal with cfgcustfile =/mnt/vendor/nvdata/media/AUDIO_FUNC_SWITCH_Param,75
03-12 11:11:03.370   969   969 D NVRAM   : deal with cfgcustfile =/mnt/vendor/nvdata/APCFG/APRDCL/FG,76
03-12 11:11:03.370   969   969 D NVRAM   : deal with cfgcustfile =/mnt/vendor/nvdata/APCFG/APRDCL/smartpa_calib,77
03-12 11:11:03.370   969   969 D NVRAM   : deal with cfgcustfile =/mnt/vendor/nvdata/APCFG/APRDCL/FTM_report,78
03-12 11:11:03.370   969   969 D NVRAM   : NVRAM: NVM_GetLIDByName Lid =25 
03-12 11:11:03.370   969   969 D NVRAM   : fail to open /sys/class/BOOT/BOOT/boot/boot_mode: 
03-12 11:11:03.370   969   969 D NVRAM   : NVM_GetFileDesc: Open /mnt/vendor/nvdata/APCFG/APRDCL/MD_SBP,LID:25
03-12 11:11:03.370   969   969 D NVRAM   : NVM_CmpFileVerNo 25  
03-12 11:11:03.370   969   969 D NVRAM   : Load File Version: 001, NvRam File Version: 001
03-12 11:11:03.370   969   969 D NVRAM   : NVM_ProtectDataFile : 25 ++
03-12 11:11:03.371   969   969 D NVRAM   : NVM_ProtectUserData:Check Success
03-12 11:11:03.371   969   969 D NVRAM   : NVM_GetFileDesc ProtectDataFile Check Success!!
03-12 11:11:03.371   969   969 D NVRAM   : NVM_GetFileDesc --
03-12 11:11:03.372   969   969 D NVRAM   : NVM_ProtectDataFile : 25 ++
03-12 11:11:03.372   969   969 D NVRAM   : NVM_SetCheckNo: CheckNo:3
03-12 11:11:03.372   969   969 D NVRAM   : NVM_SetCheckNo: CheckFlag:0
03-12 11:11:03.375   892   892 D GainTableParamParser: updateVoIPVol()
03-12 11:11:03.375   892   892 D GainTableParamParser: updateRingbackVol()
03-12 11:11:03.375   892   892 D GainTableParamParser: updateCRSVol()
03-12 11:11:03.376   892   892 D SpeechConfig: SpeechConfig()
03-12 11:11:03.376   892   892 D SpeechConfig: init()
03-12 11:11:03.376   892   892 D SpeechConfig: +initAppParser() appHandleGetInstance
03-12 11:11:03.376   892   892 D SpeechConfig: appOpsOpenAppLibs(), init AppOps struct, lib is libaudio_param_parser-vnd.so
03-12 11:11:03.376   892   892 D SpeechConfig: -initAppParser() appHandleRegXmlChangedCb
03-12 11:11:03.376   892   892 D SpeechConfig: initSpeechNetwork(), xml(SpeechNetwork), GSM=0xfff,
03-12 11:11:03.376   892   892 D SpeechConfig: initSpeechNetwork(), Bit[0]=GSM,[1]=GSM,[2]=GSM,[3]=GSM,[4]=GSM,[5]=GSM,[6]=GSM,[7]=GSM,[8]=GSM,[9]=GSM,[10]=GSM,[11]=GSM,
03-12 11:11:03.376   892   892 D SpeechConfig: initFeatureSupport(), SPH_PARAM_VERSION(2.0), Network(1), SuperVolume(0)
03-12 11:11:03.376   892   892 I SpeechConfig: getAcousticShockParam(), config dump: init_db = 85.000000, ramp_time = 4.200000, timeout = 6.000000
03-12 11:11:03.376   892   892 D android.hardware.audio.service-aidl.mediatek: appOpsOpenAppLibs(), init AppOps struct, lib is libaudio_param_parser-vnd.so
03-12 11:11:03.376   892   892 D AudioParamParser-vnd: appHandleRegXmlChangedCb(), appHandle = 0x0x76e3ddd068, callbackFun = 0x0x76e7e0f3a0
03-12 11:11:03.376   969   969 D NVRAM   : NVM_ProtectUserData:Set Check Num Success
03-12 11:11:03.376   969   969 D NVRAM   : NVM_CloseFileDesc ProtectDataFile Success!!
03-12 11:11:03.376   892   892 D WCNChipController: WCNChipController()
03-12 11:11:03.376   969   969 D ccci_mdinit: (1):Get: usp_sbp=-1, cip_sbp=0, project_sbp=0, nvram_sbp=0, set sbp=0
03-12 11:11:03.377   892   892 D android.hardware.audio.service-aidl.mediatek: appOpsOpenAppLibs(), init AppOps struct, lib is libaudio_param_parser-vnd.so
03-12 11:11:03.377   892   892 D AudioALSAHardware: AudioALSAHardware()
03-12 11:11:03.377   969   969 I ccci_mdinit: (1):SBP_SUB_ID:persist.vendor.operator.subid not exist
03-12 11:11:03.377   969   969 I ccci_mdinit: (1):set md boot data:mdl=0 sbp=0 dbg_dump=-1 sbp_sub=0
03-12 11:11:03.377   969   969 D ccci_mdinit: (1):[get_rsc_protol_value] md_id: 0; value: Lf/Lt/W/G
03-12 11:11:03.377   969   969 D ccci_mdinit: (1):md env r
03-12 11:11:03.377   969   969 D ccci_mdinit: [SYSENV]sysenv_get_with_area():330 , get env name=md_type
03-12 11:11:03.377   969   969 D ccci_mdinit: [SYSENV]get_env_info():218 , initialize
03-12 11:11:03.378   969   969 D ccci_mdinit: [SYSENV]get_partition_path():77 , partition path = dev/block/by-name/para
03-12 11:11:03.378   969   969 E ccci_mdinit: [SYSENV]get_env_info():233 , env_buffer[0] : 0xb400007a06762040
03-12 11:11:03.378   969   969 D ccci_mdinit: [SYSENV]read_env_area():151 , read 16384 data from 0x20000 to 0xb400007a06762040
03-12 11:11:03.378   969   969 D ccci_mdinit: [SYSENV]get_env_info():262 , ENV initialize success
03-12 11:11:03.378   969   969 I ccci_mdinit: (1):get md_type (null)
03-12 11:11:03.378   969   969 D ccci_mdinit: (1):get_save_modem_type_val: 0x0[(null)]
03-12 11:11:03.380   969   969 D ccci_mdinit: (1):set md status:vendor.mtk.md1.status=bootup
03-12 11:11:03.384   969   969 I ccci_mdinit: (1):MD1 set status: mtk.md1.status=bootup
03-12 11:11:03.384   969   969 I ccci_mdinit: (1):md_id = 0; mdstatusfd = -1
03-12 11:11:03.393   892  1098 D audio_sw_mixer: sw_mixer_mix_thread(), thread mix1:0 idle
03-12 11:11:03.393   892   892 W aurisys_config_parser: parse_aurisys_config(),property_get audio_pa_device_switch fs1815! use aurisys_config_fsm.xml
03-12 11:11:03.394   892   892 D aurisys_config_parser: parse_aurisys_config(), "/system/vendor/etc/aurisys_config_fsm.xml"
03-12 11:11:03.394   892  1099 D audio_sw_mixer: sw_mixer_mix_thread(), thread mix1:1 idle
03-12 11:11:03.395   892  1096 D audio_sw_mixer: sw_mixer_mix_thread(), thread mix0:0 idle
03-12 11:11:03.396   892  1097 D audio_sw_mixer: sw_mixer_mix_thread(), thread mix0:1 idle
03-12 11:11:03.401   892   892 D android.hardware.audio.service-aidl.mediatek: appOpsOpenAppLibs(), init AppOps struct, lib is libaudio_param_parser-vnd.so
03-12 11:11:03.403   892   892 D AudioUtility: boot mode struct:size=3,tag=1090521090,mode=0
03-12 11:11:03.403   892   892 D AudioUtility: bootMode = 0
03-12 11:11:03.403   892   892 D AudioUtility: Unsupported factory mode!
03-12 11:11:03.403   892   892 D SpeechDriverFactory: CreateSpeechDriverInstances(), create SpeechDriverNormal for MODEM_1
03-12 11:11:03.403   892   892 D android.hardware.audio.service-aidl.mediatek: CleanGainValueAndMuteStatus(), mUplinkMuteOn 0, mUplinkSourceMuteOn 0, mDownlinkMuteOn 0, mDynamicDownlinkMuteOn 0
03-12 11:11:03.403   892   892 D SpeechExtMemCCCI: SpeechExtMemCCCI()
03-12 11:11:03.403   892   892 W SpeechMessengerNormal: checkCcciStatusAndRecovery() mCcciDeviceHandler: -1
03-12 11:11:03.403   892   892 D SpeechMessengerNormal: openCcciDriver(), dev_name: "/dev/ccci_aud", mCcciDeviceHandler: 7
03-12 11:11:03.403   892   892 W SpeechMessengerNormal: checkCcciStatusAndRecovery() mCcciShareMemoryHandler: -1
03-12 11:11:03.403   892   892 D SpeechUtility: mmap on (9) for addr=0x7201b000, len=53248
03-12 11:11:03.404   892   892 D SpeechExtMemCCCI: openShareMemory(), mCcciShareMemoryHandler: 9, mShareMemoryBase: 0x79903fc000, mShareMemoryLength: 53248 , get share momoey address time: 0 ms
03-12 11:11:03.404   892   892 W SpeechMessengerNormal: checkModemReady(), modem_status 1 != MODEM_STATUS_READY
03-12 11:11:03.405   892  1101 W SpeechMessengerNormal: formatShareMemoryThread(), modem not ready...retry start
03-12 11:11:03.405   892   892 D SpeechEnhancementController: SpeechEnhancementController(), get value from propterty persist.vendor.audiohal.modem.sph_enh_mask fail! value:, use default value
03-12 11:11:03.405   892   892 D SpeechEnhancementController: mSpeechEnhancementMask: main_func = 0xffbf, sub_func = 0xfffffb9e
03-12 11:11:03.405   892   892 D SpeechEnhancementController: GetBtHeadsetNrecOn(), mBtHeadsetNrecOn = 0
03-12 11:11:03.406   892   892 D AudioEventThreadManager: registerCallback(), audioEventType=1, callbackFunc = 0x76e7defc00
03-12 11:11:03.406   892   892 D AudioEventThreadManager: AudioEventThread(), audioEventType = 1
03-12 11:11:03.406   892   892 D AudioEventThreadManager: registerCallback(), add new audioEventType=1, callbackFunc = 0x76e7defc00
03-12 11:11:03.406   892   892 W SpeechDriverFactory: CreateSpeechDriverInstances(), create SpeechDriverDummy for MODEM_2
03-12 11:11:03.406   892   892 D android.hardware.audio.service-aidl.mediatek: CleanGainValueAndMuteStatus(), mUplinkMuteOn 0, mUplinkSourceMuteOn 0, mDownlinkMuteOn 0, mDynamicDownlinkMuteOn 0
03-12 11:11:03.406   892   892 W SpeechDriverDummy: SpeechDriverDummy(), modem_index = 1
03-12 11:11:03.406   892   892 W SpeechDriverFactory: CreateSpeechDriverInstances(), create SpeechDriverDummy for MODEM_EXTERNAL
03-12 11:11:03.406   892   892 D android.hardware.audio.service-aidl.mediatek: CleanGainValueAndMuteStatus(), mUplinkMuteOn 0, mUplinkSourceMuteOn 0, mDownlinkMuteOn 0, mDynamicDownlinkMuteOn 0
03-12 11:11:03.406   892   892 W SpeechDriverDummy: SpeechDriverDummy(), modem_index = 2
03-12 11:11:03.406   892   892 D SpeechDriverFactory: -SpeechDriverFactory(), mActiveModemIndex = 0
03-12 11:11:03.407   892   892 D AudioALSASpeechPhoneCallController: appOpsOpenAppLibs(), init AppOps struct, lib is libaudio_param_parser-vnd.so
03-12 11:11:03.407   892   892 W AudioParamParser-vnd: appHandleGetFeatureOptionIntValue(), No MODEM_PCM_SAMPLE_RATE such feature option
03-12 11:11:03.407   892   892 D AudioALSAFMController: AudioALSAFMController()
03-12 11:11:03.407   892   892 D AudioALSAStreamManager: AudioALSAStreamManager()
03-12 11:11:03.407   892   892 D AudioUtility: AudioPlatformInfo()
03-12 11:11:03.407   892   892 D AudioUtility: AudioPlatformInfo(), mPlatformInfoValue(KERNEL_BUFFER_SIZE_NORMAL) = 32768
03-12 11:11:03.408   892   892 D AudioUtility: AudioPlatformInfo(), mPlatformInfoValue(KERNEL_BUFFER_SIZE_DEEP) = 32768
03-12 11:11:03.408   892   892 W AudioParamParser-vnd: appHandleGetFeatureOptionIntValue(), No KERNEL_DSPBUFFER_SIZE_DEEP such feature option
03-12 11:11:03.408   892   892 D AudioUtility: AudioPlatformInfo(), mPlatformInfoValue(KERNEL_DSPBUFFER_SIZE_DEEP) = 0
03-12 11:11:03.408   892   892 W AudioParamParser-vnd: appHandleGetFeatureOptionIntValue(), No KERNEL_DSPBUFFER_SIZE_HIFI_96K such feature option
03-12 11:11:03.408   892   892 D AudioUtility: AudioPlatformInfo(), mPlatformInfoValue(KERNEL_DSPBUFFER_SIZE_HIFI_96K) = 0
03-12 11:11:03.408   892   892 W AudioParamParser-vnd: appHandleGetFeatureOptionIntValue(), No KERNEL_DSPBUFFER_SIZE_HIFI_192K such feature option
03-12 11:11:03.408   892   892 D AudioUtility: AudioPlatformInfo(), mPlatformInfoValue(KERNEL_DSPBUFFER_SIZE_HIFI_192K) = 0
03-12 11:11:03.408   892   892 D AudioUtility: AudioPlatformInfo(), mPlatformInfoStr(DPCM_DEEP_BUFFER) = Playback_2
03-12 11:11:03.408   892   892 D AudioUtility: AudioPlatformInfo(), mPlatformInfoStr(VOW_BARGE_IN_CAPTURE) = (null)
03-12 11:11:03.408   892   892 D AudioUtility: AudioPlatformInfo(), mPlatformInfoBool(PLAYBACK_USE_24BITS_ONLY) = true
03-12 11:11:03.408   892   892 D AudioUtility: AudioPlatformInfo(), mPlatformInfoBool(PLAYBACK_FORCE_2CH_TO_4CH) = false
03-12 11:11:03.408   892   892 D AudioUtility: AudioPlatformInfo(), mPlatformInfoBool(PHONECALL_ACOUSTIC_SHOCK) = true
03-12 11:11:03.408   892   892 D android.hardware.audio.service-aidl.mediatek: appOpsOpenAppLibs(), init AppOps struct, lib is libaudio_param_parser-vnd.so
03-12 11:11:03.408   892   892 D AudioALSAStreamManager: getBesLoudnessStateFromXML(), get BesLoudness state from xml = 1
03-12 11:11:03.408   892   892 D AudioALSAStreamManager: AudioALSAStreamManager(), Unsupport besLoudness! mBesLoudnessStatus [0] (Always) 
03-12 11:11:03.411   892   892 D AudioEventThreadManager: registerCallback(), audioEventType=0, callbackFunc = 0x76e7f29c20
03-12 11:11:03.411   892   892 D AudioEventThreadManager: AudioEventThread(), audioEventType = 0
03-12 11:11:03.411   892   892 D AudioEventThreadManager: registerCallback(), add new audioEventType=0, callbackFunc = 0x76e7f29c20
03-12 11:11:03.421   892   892 D AudioUtility: getPowerHal(), Link to PowerHalWrapper successfully
03-12 11:11:03.421   892   892 D AudioALSAParamTuner: getInstance(), create AudioALSAParamTuner instance --
03-12 11:11:03.421   892   892 D AudioALSAParamTuner: +AudioALSAParamTuner()
03-12 11:11:03.421   892   892 D AudioMTKGainController: getMicGainDecimal(), micMode 1, gainDevice 0, micGainDecimal 152
03-12 11:11:03.421   892   892 D AudioMTKGainController: getMicGainDecimal(), micMode 1, gainDevice 2, micGainDecimal 184
03-12 11:11:03.421   892   892 D AudioALSAParamTuner: AudioALSAParamTuner(), AudioALSAParamTuner: default mic gain-mormal:152;handsfree:184, receiver gain:0, headset Gain:0
03-12 11:11:03.421   892   892 D AudioALSAParamTuner: getInstance(), create AudioALSAParamTuner instance ++
03-12 11:11:03.421   892   892 D android.hardware.audio.service-aidl.mediatek: appOpsOpenAppLibs(), init AppOps struct, lib is libaudio_param_parser-vnd.so
03-12 11:11:03.421   892   892 D AudioParamParser-vnd: appHandleRegXmlChangedCb(), appHandle = 0x0x76e3ddd068, callbackFun = 0x0x76e7e78780
03-12 11:11:03.421   892   892 D AudioALSAHardware: AudioALSAHardware(), mAudioHalBtscoWB = 0
03-12 11:11:03.421   892   892 D WCNChipController: SetBTCurrentSamplingRateNumber(), mBTCurrentSamplingRateNumber: 8000 => 8000
03-12 11:11:03.421   892   892 D AudioBTCVSDControl: +AudioBTCVSDControl
03-12 11:11:03.426   892   892 D AudioBTCVSDControl: BT_SCO_SET_TXState state=0x0
03-12 11:11:03.426   892   892 D AudioBTCVSDControl: BT_SCO_SET_RXState state=0x10
03-12 11:11:03.426   892   892 D AudioBTCVSDControl: -AudioBTCVSDControl
03-12 11:11:03.426   892   892 D AudioBTCVSDControl: BT_SCO_SetMode, mode=0, BTmode=0
03-12 11:11:03.426   892   892 D AudioALSASpeechPhoneCallController: setBTMode(), mBTMode: 0 => 0
03-12 11:11:03.426   892   892 D SpeechDriverNormal: setBTMode(), mBTMode: 0 => 0
03-12 11:11:03.426   892   892 D AudioALSAHardware: -mAudioALSAHardware
03-12 11:11:03.426   892   892 D mtk_audio_hw_hal: legacy_adev_open gAudioHALRefCountByClient + 1 [hal dbg] ladev(0xb40000781ca9ecc0) hwif(0xb40000772ca96d20)
03-12 11:11:03.426   892   892 I MTKAdapterLayer: loadAudioMTKHardwareInterface(), primary successed.
03-12 11:11:03.427   892   892 E AudioALSADriverUtility: mixerCtrlGetValueByName(), no mixer ctrl name = AP DMIC Used
03-12 11:11:03.427   892   892 D AudioUtility: Mic[0] projects,amic_proj,microphones,main_mic
03-12 11:11:03.427   892   892 D AudioUtility: Mic[1] projects,amic_proj,microphones,sub_mic
03-12 11:11:03.427   892   892 D AudioALSAHardware: getMicrophones(), micArray = 0x7fcab1b698, micCount = 2
03-12 11:11:03.427   892   892 D MTKAdapterLayer: getHALMicrophoneInfo(),  size : 2
03-12 11:11:03.429   892   892 I MtkAudio: createModule
03-12 11:11:03.429   892   892 I MtkAudio: moduleName: bluetooth
03-12 11:11:03.430   892   892 I MtkAudio: createModule
03-12 11:11:03.431   892   892 I MtkAudio: MTK_TODO : skip create module for a2dp
03-12 11:11:03.431   892   892 I MtkAudio: MTK_TODO : skip create module for usb
03-12 11:11:03.431   892   892 I MtkAudio: moduleName: r_submix
03-12 11:11:03.431   892   892 D AHAL_Module: ModuleRemoteSubmixRemoteSubmixModule()
03-12 11:11:03.432   892   892 I MtkAudio: createModule
03-12 11:11:03.432   892   892 D MtkAudio: register android.hardware.bluetooth.audio-impl-mediatek service in audio repo
03-12 11:11:03.434   892   892 I MtkAudio: createIBluetoothAudioProviderFactory() from android.hardware.bluetooth.audio-impl-mediatek success
03-12 11:11:03.434   892   892 D MtkAudio: register android.hardware.audio.effect.aidl-impl-mediatek service in audio repo
03-12 11:11:03.435   892   892 D android.hardware.audio.service-aidl.mediatek: createIEffectMTK: start factory with configFile:/vendor/etc/audio_effects_config.xml
03-12 11:11:03.438   892   892 D AHAL_EffectConfig: parseLibrary aecsw : /vendor/lib64/soundfx//libaecsw.so
03-12 11:11:03.438   892   892 D AHAL_EffectConfig: parseLibrary agc1sw : /vendor/lib64/soundfx//libagc1sw.so
03-12 11:11:03.438   892   892 D AHAL_EffectConfig: parseLibrary agc2sw : /vendor/lib64/soundfx//libagc2sw.so
03-12 11:11:03.438   892   892 D AHAL_EffectConfig: parseLibrary bassboostsw : /vendor/lib64/soundfx//libbassboostsw.so
03-12 11:11:03.438   892   892 D AHAL_EffectConfig: parseLibrary bundle : /vendor/lib64/soundfx//libbundleaidl.so
03-12 11:11:03.438   892   892 D AHAL_EffectConfig: parseLibrary downmix : /vendor/lib64/soundfx//libdownmixaidl.so
03-12 11:11:03.438   892   892 D AHAL_EffectConfig: parseLibrary dynamics_processing : /vendor/lib64/soundfx//libdynamicsprocessingaidl.so
03-12 11:11:03.438   892   892 D AHAL_EffectConfig: parseLibrary equalizersw : /vendor/lib64/soundfx//libequalizersw.so
03-12 11:11:03.439   892   892 D AHAL_EffectConfig: parseLibrary haptic_generator : /vendor/lib64/soundfx//libhapticgeneratoraidl.so
03-12 11:11:03.439   892   892 D AHAL_EffectConfig: parseLibrary loudness_enhancer : /vendor/lib64/soundfx//libloudnessenhanceraidl.so
03-12 11:11:03.439   892   892 D AHAL_EffectConfig: parseLibrary nssw : /vendor/lib64/soundfx//libnssw.so
03-12 11:11:03.439   892   892 D AHAL_EffectConfig: parseLibrary pre_processing : /vendor/lib64/soundfx//libpreprocessingaidl.so
03-12 11:11:03.439   892   892 D AHAL_EffectConfig: parseLibrary preset_reverbsw : /vendor/lib64/soundfx//libpresetreverbsw.so
03-12 11:11:03.439   892   892 D AHAL_EffectConfig: parseLibrary reverb : /vendor/lib64/soundfx//libreverbaidl.so
03-12 11:11:03.439   892   892 D AHAL_EffectConfig: parseLibrary virtualizersw : /vendor/lib64/soundfx//libvirtualizersw.so
03-12 11:11:03.440   892   892 D AHAL_EffectConfig: parseLibrary visualizer : /vendor/lib64/soundfx//libvisualizeraidl.so
03-12 11:11:03.440   892   892 D AHAL_EffectConfig: parseLibrary volumesw : /vendor/lib64/soundfx//libvolumesw.so
03-12 11:11:03.440   892   892 D AHAL_EffectConfig: parseLibrary extensioneffect : /vendor/lib64/soundfx//libextensioneffect.so
03-12 11:11:03.440   892   892 E AHAL_EffectConfig: parseLibrary can't find libspatializeraidl.so
03-12 11:11:03.440   892   892 D AHAL_EffectConfig: parseLibrary dap : /vendor/lib64/soundfx//libswdapaidl.so
03-12 11:11:03.440   892   892 D AHAL_EffectConfig: parseLibrary dvl : /vendor/lib64/soundfx//libdlbvolaidl.so
03-12 11:11:03.440   976   993 W TeeMcDaemon: Cannot open trustlet /data/vendor/mcRegistry/07150000000000000000000000000000.tlbin (No such file or directory) [vendor/mediatek/proprietary/trustzone/trustonic/source/external/mobicore/common/600/Daemon/src/SecureWorld.cpp:124]
03-12 11:11:03.440   892   892 E AHAL_EffectConfig: parseLibrary can't find libswspatializer.so
03-12 11:11:03.440   892   892 D AHAL_EffectConfig: parseLibrary gamedap : /vendor/lib64/soundfx//libswgamedapaidl.so
03-12 11:11:03.441   892   892 E AHAL_EffectConfig: parseProcessing effect music_helper doesn't exist, skipping
03-12 11:11:03.441   892   892 D AHAL_EffectConfig: EffectConfig successfully parsed /vendor/etc/audio_effects_config.xml, skipping 2 element(s)
03-12 11:11:03.441   892   892 D AHAL_EffectFactory: Factory with config file: /vendor/etc/audio_effects_config.xml
03-12 11:11:03.441   892   892 W AHAL_EffectFactory: createIdentityWithConfig loading lib /vendor/lib64/soundfx//libreverbaidl.so: typeUuid 47382d60-ddd8-11db-bf3a-0002a5d5c51b
03-12 11:11:03.441   892   892 W AHAL_EffectFactory: implUuid f29a1400-a3bb-11df-8ddc-0002a5d5c51b proxyUuid null
03-12 11:11:03.450   892   892 D AHAL_EffectFactory: openEffectLibrary dlopen lib: /vendor/lib64/soundfx//libreverbaidl.so
03-12 11:11:03.450   892   892 D AHAL_EffectFactory: impl:f29a1400-a3bb-11df-8ddc-0002a5d5c51b
03-12 11:11:03.450   892   892 D AHAL_EffectFactory: handle:0x5fd8ce29aec4f0cb
03-12 11:11:03.450   892   892 W AHAL_EffectFactory: createIdentityWithConfig loading lib /vendor/lib64/soundfx//libdlbvolaidl.so: typeUuid fa81de0e-588b-11ed-9b6a-0242ac120002
03-12 11:11:03.450   892   892 W AHAL_EffectFactory: implUuid 40f66c8b-5aa5-4345-8919-53ec431aaa98 proxyUuid null
03-12 11:11:03.460   892   892 D AHAL_EffectFactory: openEffectLibrary dlopen lib: /vendor/lib64/soundfx//libdlbvolaidl.so
03-12 11:11:03.460   892   892 D AHAL_EffectFactory: impl:40f66c8b-5aa5-4345-8919-53ec431aaa98
03-12 11:11:03.460   892   892 D AHAL_EffectFactory: handle:0xc6712830f453e2eb
03-12 11:11:03.460   892   892 W AHAL_EffectFactory: createIdentityWithConfig loading lib /vendor/lib64/soundfx//libdlbvolaidl.so: typeUuid fa81de0e-588b-11ed-9b6a-0242ac120002
03-12 11:11:03.460   892   892 W AHAL_EffectFactory: implUuid 1f0091e3-6ad8-40fe-9b09-5948f9a26e7e proxyUuid null
03-12 11:11:03.460   892   892 D AHAL_EffectFactory: openEffectLibrary dlopen lib: /vendor/lib64/soundfx//libdlbvolaidl.so
03-12 11:11:03.460   892   892 D AHAL_EffectFactory: impl:1f0091e3-6ad8-40fe-9b09-5948f9a26e7e
03-12 11:11:03.460   892   892 D AHAL_EffectFactory: handle:0xc6712830f453e2eb
03-12 11:11:03.460   892   892 W AHAL_EffectFactory: createIdentityWithConfig loading lib /vendor/lib64/soundfx//libextensioneffect.so: typeUuid fa81de0e-588b-11ed-9b6a-0242ac120002
03-12 11:11:03.460   892   892 W AHAL_EffectFactory: implUuid fa81dd00-588b-11ed-9b6a-0242ac120002 proxyUuid null
03-12 11:11:03.467   892   892 D AHAL_EffectFactory: openEffectLibrary dlopen lib: /vendor/lib64/soundfx//libextensioneffect.so
03-12 11:11:03.467   892   892 D AHAL_EffectFactory: impl:fa81dd00-588b-11ed-9b6a-0242ac120002
03-12 11:11:03.467   892   892 D AHAL_EffectFactory: handle:0xa5d3b0750f5602d3
03-12 11:11:03.467   892   892 W AHAL_EffectFactory: createIdentityWithConfig loading lib /vendor/lib64/soundfx//libdynamicsprocessingaidl.so: typeUuid 7261676f-6d75-7369-6364-28e2fd3ac39e
03-12 11:11:03.467   892   892 W AHAL_EffectFactory: implUuid e0e6539b-1781-7261-676f-6d7573696340 proxyUuid null
03-12 11:11:03.473   892   892 D AHAL_EffectFactory: openEffectLibrary dlopen lib: /vendor/lib64/soundfx//libdynamicsprocessingaidl.so
03-12 11:11:03.473   892   892 D AHAL_EffectFactory: impl:e0e6539b-1781-7261-676f-6d7573696340
03-12 11:11:03.473   892   892 D AHAL_EffectFactory: handle:0x3c117cb720bf0e05
03-12 11:11:03.473   892   892 W AHAL_EffectFactory: createIdentityWithConfig loading lib /vendor/lib64/soundfx//libbundleaidl.so: typeUuid 0634f220-ddd4-11db-a0fc-0002a5d5c51b
03-12 11:11:03.473   892   892 W AHAL_EffectFactory: implUuid 8631f300-72e2-11df-b57e-0002a5d5c51b proxyUuid null
03-12 11:11:03.485   892   892 D AHAL_EffectFactory: openEffectLibrary dlopen lib: /vendor/lib64/soundfx//libbundleaidl.so
03-12 11:11:03.485   892   892 D AHAL_EffectFactory: impl:8631f300-72e2-11df-b57e-0002a5d5c51b
03-12 11:11:03.485   892   892 D AHAL_EffectFactory: handle:0x3e6ee744e0772c0b
03-12 11:11:03.485   892   892 W AHAL_EffectFactory: createIdentityWithConfig loading lib /vendor/lib64/soundfx//libbundleaidl.so: typeUuid 0bed4300-ddd6-11db-8f34-0002a5d5c51b
03-12 11:11:03.485   892   892 W AHAL_EffectFactory: implUuid ce772f20-847d-11df-bb17-0002a5d5c51b proxyUuid null
03-12 11:11:03.486   892   892 D AHAL_EffectFactory: openEffectLibrary dlopen lib: /vendor/lib64/soundfx//libbundleaidl.so
03-12 11:11:03.486   892   892 D AHAL_EffectFactory: impl:ce772f20-847d-11df-bb17-0002a5d5c51b
03-12 11:11:03.486   892   892 D AHAL_EffectFactory: handle:0x3e6ee744e0772c0b
03-12 11:11:03.486   892   892 E AHAL_EffectFactory: createIdentityWithConfig: library spatializer not exist!
03-12 11:11:03.486   892   892 W AHAL_EffectFactory: createIdentityWithConfig loading lib /vendor/lib64/soundfx//libreverbaidl.so: typeUuid c2e5d5f0-94bd-4763-9cac-4e234d06839e
03-12 11:11:03.486   892   892 W AHAL_EffectFactory: implUuid 4a387fc0-8ab3-11df-8bad-0002a5d5c51b proxyUuid null
03-12 11:11:03.486   892   892 D AHAL_EffectFactory: openEffectLibrary dlopen lib: /vendor/lib64/soundfx//libreverbaidl.so
03-12 11:11:03.486   892   892 D AHAL_EffectFactory: impl:4a387fc0-8ab3-11df-8bad-0002a5d5c51b
03-12 11:11:03.486   892   892 D AHAL_EffectFactory: handle:0x5fd8ce29aec4f0cb
03-12 11:11:03.486   892   892 W AHAL_EffectFactory: createIdentityWithConfig loading lib /vendor/lib64/soundfx//libloudnessenhanceraidl.so: typeUuid fe3199be-aed0-413f-87bb-11260eb63cf1
03-12 11:11:03.486   892   892 W AHAL_EffectFactory: implUuid fa415329-2034-4bea-b5dc-5b381c8d1e2c proxyUuid null
03-12 11:11:03.492   892   892 D AHAL_EffectFactory: openEffectLibrary dlopen lib: /vendor/lib64/soundfx//libloudnessenhanceraidl.so
03-12 11:11:03.492   892   892 D AHAL_EffectFactory: impl:fa415329-2034-4bea-b5dc-5b381c8d1e2c
03-12 11:11:03.492   892   892 D AHAL_EffectFactory: handle:0x8d72ce20754acbb
03-12 11:11:03.492   892   892 W AHAL_EffectFactory: createIdentityWithConfig loading lib /vendor/lib64/soundfx//libswdapaidl.so: typeUuid fa81de0e-588b-11ed-9b6a-0242ac120002
03-12 11:11:03.492   892   892 W AHAL_EffectFactory: implUuid 9d4921da-8225-4f29-aefa-39537a04bcaa proxyUuid null
03-12 11:11:03.498  1116  1116 D agps    : [WLAN-ASSISTANT] Running wlan_files_monitor
03-12 11:11:03.499  1116  1116 D agps    : [WLAN-ASSISTANT] [wlan_assistant] Start to wait wmtWifi ready
03-12 11:11:03.499  1116  1116 D agps    : [WLAN-ASSISTANT] Prop vendor.service.wifi_nvram = Ready:0,0
03-12 11:11:03.499  1116  1116 D agps    : [WLAN-ASSISTANT] custom nvram filename = /mnt/vendor/nvdata/APCFG/APRDEB/WIFI
03-12 11:11:03.499  1116  1116 D agps    : [WLAN-ASSISTANT] Start to check nvram_path_file = /mnt/vendor/nvdata/APCFG/APRDEB/WIFI
03-12 11:11:03.499  1116  1116 D agps    : [WLAN-ASSISTANT] nvram size = 2048
03-12 11:11:03.500  1116  1116 D agps    : [WLAN-ASSISTANT] Unable to access mac file
03-12 11:11:03.504  1116  1116 D agps    : [WLAN-ASSISTANT] Nvram path:/mnt/vendor/nvdata/APCFG/APRDEB name:WIFI
03-12 11:11:03.504  1116  1116 D agps    : [WLAN-ASSISTANT] File idx(0) wd:2 ready
03-12 11:11:03.504  1116  1116 D agps    : [WLAN-ASSISTANT] Prop vendor.service.connxo_nvram.fileNULL = NULL
03-12 11:11:03.504  1116  1116 D agps    : [WLAN-ASSISTANT] [wlan_assistant] Not support connxo
03-12 11:11:03.504  1116  1116 D agps    : [WLAN-ASSISTANT] [wlan_assistant] read boot mode:normal, cmp_value:1
03-12 11:11:03.520  1055  1055 I perfetto:  probes_producer.cc:332 Connected to the service
03-12 11:11:03.523   892   892 D AHAL_EffectFactory: openEffectLibrary dlopen lib: /vendor/lib64/soundfx//libswdapaidl.so
03-12 11:11:03.523   892   892 D AHAL_EffectFactory: impl:9d4921da-8225-4f29-aefa-39537a04bcaa
03-12 11:11:03.523   892   892 D AHAL_EffectFactory: handle:0xebb001aba61910a5
03-12 11:11:03.523   892   892 W AHAL_EffectFactory: createIdentityWithConfig loading lib /vendor/lib64/soundfx//libpreprocessingaidl.so: typeUuid 58b4b260-8e06-11e0-aa8e-0002a5d5c51b
03-12 11:11:03.523   892   892 W AHAL_EffectFactory: implUuid c06c8400-8e06-11e0-9cb6-0002a5d5c51b proxyUuid null
03-12 11:11:03.532   969   969 D ccci_mdinit: (1):md status event 9
03-12 11:11:03.533   969   981 E ccci_fsd(1): FS_Init:mkdir /mnt/vendor/md_sec for md1 failed,ret=-1, errno=13.
03-12 11:11:03.534   969   981 D STORAGE_OTP: Kernel version: 6.6.82-android15-8-gb715d421b585-dirty-android15-lamu-ksu
03-12 11:11:03.534   969   981 D STORAGE_OTP: /dev/otp is not existed, not legacy version.
03-12 11:11:03.534   969   981 D STORAGE_OTP: read boot type = 1
03-12 11:11:03.534   969   981 D STORAGE_OTP: [emmc] Open file failed
03-12 11:11:03.534   969   981 D STORAGE_OTP: [emmc] get_wp_grp_size failed
03-12 11:11:03.534   969   981 D STORAGE_OTP: storage otp device init failed
03-12 11:11:03.534   969   981 E ccci_fsd(1): FS_OTP_init:otp_open failed, errno=2!
03-12 11:11:03.534   969   981 E ccci_fsd(1): can't catch SIGKILL
03-12 11:11:03.535   969   981 I ccci_fsd(1): fsd_main before signal  :(13 690756230)
03-12 11:11:03.536   419   427 D VOLTE MD STATUS: volte_ims_md_status_read_looper 9 hs1 count = 56 property = hs1
03-12 11:11:03.537   976   993 W TeeMcDaemon: Cannot open trustlet /data/vendor/mcRegistry/070c0000000000000000000000000000.tlbin (No such file or directory) [vendor/mediatek/proprietary/trustzone/trustonic/source/external/mobicore/common/600/Daemon/src/SecureWorld.cpp:124]
03-12 11:11:03.540   892   892 D AHAL_EffectFactory: openEffectLibrary dlopen lib: /vendor/lib64/soundfx//libpreprocessingaidl.so
03-12 11:11:03.540   892   892 D AHAL_EffectFactory: impl:c06c8400-8e06-11e0-9cb6-0002a5d5c51b
03-12 11:11:03.540   892   892 D AHAL_EffectFactory: handle:0xc470306d22e21d25
03-12 11:11:03.541   892   892 W AHAL_EffectFactory: createIdentityWithConfig loading lib /vendor/lib64/soundfx//libreverbaidl.so: typeUuid c2e5d5f0-94bd-4763-9cac-4e234d06839e
03-12 11:11:03.541   892   892 W AHAL_EffectFactory: implUuid c7a511a0-a3bb-11df-860e-0002a5d5c51b proxyUuid null
03-12 11:11:03.541   892   892 D AHAL_EffectFactory: openEffectLibrary dlopen lib: /vendor/lib64/soundfx//libreverbaidl.so
03-12 11:11:03.541   892   892 D AHAL_EffectFactory: impl:c7a511a0-a3bb-11df-860e-0002a5d5c51b
03-12 11:11:03.541   892   892 D AHAL_EffectFactory: handle:0x5fd8ce29aec4f0cb
03-12 11:11:03.541   892   892 W AHAL_EffectFactory: createIdentityWithConfig loading lib /vendor/lib64/soundfx//libpreprocessingaidl.so: typeUuid 7b491460-8d4d-11e0-bd61-0002a5d5c51b
03-12 11:11:03.541   892   892 W AHAL_EffectFactory: implUuid bb392ec0-8d4d-11e0-a896-0002a5d5c51b proxyUuid null
03-12 11:11:03.542   892   892 D AHAL_EffectFactory: openEffectLibrary dlopen lib: /vendor/lib64/soundfx//libpreprocessingaidl.so
03-12 11:11:03.542   892   892 D AHAL_EffectFactory: impl:bb392ec0-8d4d-11e0-a896-0002a5d5c51b
03-12 11:11:03.542   892   892 D AHAL_EffectFactory: handle:0xc470306d22e21d25
03-12 11:11:03.542   892   892 W AHAL_EffectFactory: createIdentityWithConfig loading lib /vendor/lib64/soundfx//libhapticgeneratoraidl.so: typeUuid 1411e6d6-aecd-4021-a1cf-a6aceb0d71e5
03-12 11:11:03.542   892   892 W AHAL_EffectFactory: implUuid 97c4acd1-8b82-4f2f-832e-c2fe5d7a9931 proxyUuid null
03-12 11:11:03.561   892   892 D AHAL_EffectFactory: openEffectLibrary dlopen lib: /vendor/lib64/soundfx//libhapticgeneratoraidl.so
03-12 11:11:03.561   892   892 D AHAL_EffectFactory: impl:97c4acd1-8b82-4f2f-832e-c2fe5d7a9931
03-12 11:11:03.561   892   892 D AHAL_EffectFactory: handle:0x45a50e0ff342a449
03-12 11:11:03.561   892   892 W AHAL_EffectFactory: createIdentityWithConfig loading lib /vendor/lib64/soundfx//libpreprocessingaidl.so: typeUuid ae3c653b-be18-4ab8-8938-418f0a7f06ac
03-12 11:11:03.561   892   892 W AHAL_EffectFactory: implUuid 89f38e65-d4d2-4d64-ad0e-2b3e799ea886 proxyUuid null
03-12 11:11:03.561   892   892 D AHAL_EffectFactory: openEffectLibrary dlopen lib: /vendor/lib64/soundfx//libpreprocessingaidl.so
03-12 11:11:03.561   892   892 D AHAL_EffectFactory: impl:89f38e65-d4d2-4d64-ad0e-2b3e799ea886
03-12 11:11:03.561   892   892 D AHAL_EffectFactory: handle:0xc470306d22e21d25
03-12 11:11:03.561   892   892 W AHAL_EffectFactory: createIdentityWithConfig loading lib /vendor/lib64/soundfx//libbundleaidl.so: typeUuid 37cc2c00-dddd-11db-8577-0002a5d5c51b
03-12 11:11:03.561   892   892 W AHAL_EffectFactory: implUuid 1d4033c0-8557-11df-9f2d-0002a5d5c51b proxyUuid null
03-12 11:11:03.562   892   892 D AHAL_EffectFactory: openEffectLibrary dlopen lib: /vendor/lib64/soundfx//libbundleaidl.so
03-12 11:11:03.562   892   892 D AHAL_EffectFactory: impl:1d4033c0-8557-11df-9f2d-0002a5d5c51b
03-12 11:11:03.562   892   892 D AHAL_EffectFactory: handle:0x3e6ee744e0772c0b
03-12 11:11:03.562   892   892 W AHAL_EffectFactory: createIdentityWithConfig loading lib /vendor/lib64/soundfx//libvisualizeraidl.so: typeUuid e46b26a0-dddd-11db-8afd-0002a5d5c51b
03-12 11:11:03.562   892   892 W AHAL_EffectFactory: implUuid d069d9e0-8329-11df-9168-0002a5d5c51b proxyUuid null
03-12 11:11:03.581  1132  1132 D lbs_dbg_ext: main: LBS debug daemon begin running, Version=0.02
03-12 11:11:03.583  1132  1132 W ProcessState: Extra binder thread started, but 0 threads requested. Do not use *startThreadPool when zero threads are requested.
03-12 11:11:03.583  1132  1132 D lbs_dbg_ext: gps_debug_logd_init: gps_debug_logd_init
03-12 11:11:03.584   892   892 D AHAL_EffectFactory: openEffectLibrary dlopen lib: /vendor/lib64/soundfx//libvisualizeraidl.so
03-12 11:11:03.584   892   892 D AHAL_EffectFactory: impl:d069d9e0-8329-11df-9168-0002a5d5c51b
03-12 11:11:03.584   892   892 D AHAL_EffectFactory: handle:0xf361d88f0f641e89
03-12 11:11:03.584   892   892 W AHAL_EffectFactory: createIdentityWithConfig loading lib /vendor/lib64/soundfx//libdlbvolaidl.so: typeUuid fa81de0e-588b-11ed-9b6a-0242ac120002
03-12 11:11:03.584   892   892 W AHAL_EffectFactory: implUuid 6aff229c-30c6-4cc8-9957-dbfe5c1bd7f6 proxyUuid null
03-12 11:11:03.584   892   892 D AHAL_EffectFactory: openEffectLibrary dlopen lib: /vendor/lib64/soundfx//libdlbvolaidl.so
03-12 11:11:03.584   892   892 D AHAL_EffectFactory: impl:6aff229c-30c6-4cc8-9957-dbfe5c1bd7f6
03-12 11:11:03.584   892   892 D AHAL_EffectFactory: handle:0xc6712830f453e2eb
03-12 11:11:03.584   892   892 W AHAL_EffectFactory: createIdentityWithConfig loading lib /vendor/lib64/soundfx//libbundleaidl.so: typeUuid 09e8ede0-ddde-11db-b4f6-0002a5d5c51b
03-12 11:11:03.584   892   892 W AHAL_EffectFactory: implUuid 119341a0-8469-11df-81f9-0002a5d5c51b proxyUuid null
03-12 11:11:03.585   892   892 D AHAL_EffectFactory: openEffectLibrary dlopen lib: /vendor/lib64/soundfx//libbundleaidl.so
03-12 11:11:03.585   892   892 D AHAL_EffectFactory: impl:119341a0-8469-11df-81f9-0002a5d5c51b
03-12 11:11:03.585   892   892 D AHAL_EffectFactory: handle:0x3e6ee744e0772c0b
03-12 11:11:03.585   892   892 W AHAL_EffectFactory: createIdentityWithConfig loading lib /vendor/lib64/soundfx//libreverbaidl.so: typeUuid 47382d60-ddd8-11db-bf3a-0002a5d5c51b
03-12 11:11:03.585   892   892 W AHAL_EffectFactory: implUuid 172cdf00-a3bc-11df-a72f-0002a5d5c51b proxyUuid null
03-12 11:11:03.585  1132  1132 D lbs_dbg_ext: socket_bind_udp: fd=5,path=recycle_gpsLog
03-12 11:11:03.585  1132  1132 D lbs_dbg_ext: socket_bind_udp: fd=6,path=recycle_mpeLog
03-12 11:11:03.585  1132  1132 D lbs_dbg_ext: socket_bind_udp: fd=7,path=recycle_dumpLog
03-12 11:11:03.585  1132  1132 D lbs_dbg_ext: socket_bind_udp: fd=8,path=recycle_rawMeaLog
03-12 11:11:03.585  1132  1132 D lbs_dbg_ext: socket_bind_udp: fd=9,path=recycle_ntripLog
03-12 11:11:03.585  1132  1132 D lbs_dbg_ext: socket_bind_udp: fd=10,path=recycle_rtkpppLog
03-12 11:11:03.585   892   892 D AHAL_EffectFactory: openEffectLibrary dlopen lib: /vendor/lib64/soundfx//libreverbaidl.so
03-12 11:11:03.585   892   892 D AHAL_EffectFactory: impl:172cdf00-a3bc-11df-a72f-0002a5d5c51b
03-12 11:11:03.585   892   892 D AHAL_EffectFactory: handle:0x5fd8ce29aec4f0cb
03-12 11:11:03.586   892   892 W AHAL_EffectFactory: createIdentityWithConfig loading lib /vendor/lib64/soundfx//libdlbvolaidl.so: typeUuid fa81de0e-588b-11ed-9b6a-0242ac120002
03-12 11:11:03.586   892   892 W AHAL_EffectFactory: implUuid 21d14087-558a-4f21-94a9-5002dce64bce proxyUuid null
03-12 11:11:03.592  1132  1139 D lbs_dbg_ext: log_write_thread_pool: [mpeLog]log_write_thread_pool created
03-12 11:11:03.592  1132  1139 D lbs_dbg_ext: socket_bind_udp: fd=13,path=mpeLog
03-12 11:11:03.593   892   892 D AHAL_EffectFactory: openEffectLibrary dlopen lib: /vendor/lib64/soundfx//libdlbvolaidl.so
03-12 11:11:03.593   892   892 D AHAL_EffectFactory: impl:21d14087-558a-4f21-94a9-5002dce64bce
03-12 11:11:03.593   892   892 D AHAL_EffectFactory: handle:0xc6712830f453e2eb
03-12 11:11:03.593   892   892 E AHAL_EffectFactory: createIdentityWithConfig: library env_reverbsw not exist!
03-12 11:11:03.593   892   892 W AHAL_EffectFactory: createIdentityWithConfig loading lib /vendor/lib64/soundfx//libdlbvolaidl.so: typeUuid fa81de0e-588b-11ed-9b6a-0242ac120002
03-12 11:11:03.593   892   892 W AHAL_EffectFactory: implUuid 874db4d8-051d-4b7b-bd95-a3bebc837e9e proxyUuid null
03-12 11:11:03.593   892   892 D AHAL_EffectFactory: openEffectLibrary dlopen lib: /vendor/lib64/soundfx//libdlbvolaidl.so
