03-12 11:11:03.593   892   892 D AHAL_EffectFactory: impl:874db4d8-051d-4b7b-bd95-a3bebc837e9e
03-12 11:11:03.593   892   892 D AHAL_EffectFactory: handle:0xc6712830f453e2eb
03-12 11:11:03.593   892   892 W AHAL_EffectFactory: createIdentityWithConfig loading lib /vendor/lib64/soundfx//libdownmixaidl.so: typeUuid 381e49cc-a858-4aa2-87f6-e8388e7601b2
03-12 11:11:03.593   892   892 W AHAL_EffectFactory: implUuid 93f04452-e4fe-41cc-91f9-e475b6d1d69f proxyUuid null
03-12 11:11:03.594  1132  1140 D lbs_dbg_ext: log_write_thread_pool: [dumpLog]log_write_thread_pool created
03-12 11:11:03.594  1132  1140 D lbs_dbg_ext: socket_bind_udp: fd=15,path=dumpLog
03-12 11:11:03.594  1132  1141 D lbs_dbg_ext: log_write_thread_pool: [rawMeasureLog]log_write_thread_pool created
03-12 11:11:03.594  1132  1141 D lbs_dbg_ext: socket_bind_udp: fd=17,path=rawMeasureLog
03-12 11:11:03.594  1132  1142 D lbs_dbg_ext: log_write_thread_pool: [ntripLog]log_write_thread_pool created
03-12 11:11:03.594  1132  1142 D lbs_dbg_ext: socket_bind_udp: fd=19,path=ntripLog
03-12 11:11:03.594  1132  1138 D lbs_dbg_ext: log_write_thread_pool: [gpsLog]log_write_thread_pool created
03-12 11:11:03.594  1132  1138 D lbs_dbg_ext: socket_bind_udp: fd=21,path=gpsLog
03-12 11:11:03.596  1132  1132 D lbs_dbg_ext: hidl_set_lbs_log_callback: vendor release version:15
03-12 11:11:03.598  1132  1143 D lbs_dbg_ext: log_write_thread_pool: [rtkpppLog]log_write_thread_pool created
03-12 11:11:03.598  1132  1143 D lbs_dbg_ext: socket_bind_udp: fd=24,path=rtkpppLog
03-12 11:11:03.599   919   919 D mtk_lbs_service: [15.15][mtk_lbs_log_v2s] MtkLbsService setCallback
03-12 11:11:03.599   919   919 W mtk_lbs_service: AIBinder_linkToDeath is being called with a non-null cookie and no onUnlink callback set. This might not be intended. AIBinder_DeathRecipient_setOnUnlinked should be called first.
03-12 11:11:03.599   919   919 D mtk_lbs_service: [mtk_lbs_log_v2s] setCallback mtk_socket_server_bind_local() fd=8
03-12 11:11:03.600   892   892 D AHAL_EffectFactory: openEffectLibrary dlopen lib: /vendor/lib64/soundfx//libdownmixaidl.so
03-12 11:11:03.600   892   892 D AHAL_EffectFactory: impl:93f04452-e4fe-41cc-91f9-e475b6d1d69f
03-12 11:11:03.600   892   892 D AHAL_EffectFactory: handle:0x37847054da2af819
03-12 11:11:03.600   892   892 W AHAL_EffectFactory: createIdentityWithConfig loading lib /vendor/lib64/soundfx//libswgamedapaidl.so: typeUuid fa81de0e-588b-11ed-9b6a-0242ac120002
03-12 11:11:03.600   892   892 W AHAL_EffectFactory: implUuid 3783c334-d3a0-4d13-874f-0032e5fb80e2 proxyUuid null
03-12 11:11:03.602  1123  1123 I installd: installd firing up
03-12 11:11:03.602  1129  1129 W HidlServiceManagement: hwservicemanager is not supported on the device.
03-12 11:11:03.603  1129  1129 I HidlServiceManagement: Trying to get transport of android.hardware.atrace@1.0::IAtraceDevice/default without hwservicemanager
03-12 11:11:03.608   788   789 I zn-zygisk-loader64: [0,884,884]Zygisk library injected, version 1.3.2-688-2c60cdd-release
03-12 11:11:03.607  1121  1121 I idmap2d : Starting
03-12 11:11:03.610   788   789 I zn-zygisk-loader64: [0,884,884]Start hooking
03-12 11:11:03.614   892   892 D AHAL_EffectFactory: openEffectLibrary dlopen lib: /vendor/lib64/soundfx//libswgamedapaidl.so
03-12 11:11:03.614   892   892 D AHAL_EffectFactory: impl:3783c334-d3a0-4d13-874f-0032e5fb80e2
03-12 11:11:03.614   892   892 D AHAL_EffectFactory: handle:0xe2ff858e1e44b8ad
03-12 11:11:03.620  1118  1118 D MNLD    : main: mnld version=MTK_MNLD_14_1.00
03-12 11:11:03.621  1118  1118 D mtk_lbs_utility: set_signal_ignore: set_signal_ignore, signo:13
03-12 11:11:03.621  1118  1118 D mnld_uti: chip_detector: combo_chip_id is 0x6768
03-12 11:11:03.624   892   892 D android.hardware.audio.service-aidl.mediatek: createIEffectMTK: effectFactory: android.hardware.audio.effect.IFactory/default start
03-12 11:11:03.624   892   892 I MtkAudio: createIEffectMTK() from android.hardware.audio.effect.aidl-impl-mediatek success
03-12 11:11:03.629  1118  1118 D gps_controlller: mnl_init: register callback for mnl okey, mtk_gps_sys_function_register=0x75719c6210
03-12 11:11:03.630   892   892 D sound_trigger_hw_default: appOpsOpenAppLibs(), init AppOps struct, lib is libaudio_param_parser-vnd.so
03-12 11:11:03.630   892   892 D AudioParamParser-vnd: initXmlOps()
03-12 11:11:03.630   892   892 D AudioParamParser-vnd: getDebugLevel(), debug level = -1
03-12 11:11:03.630   892   892 W AudioParamParser-vnd: appHandleLoadDirFeatureOptionsInfo(), No /odm/etc/audio_param//AudioParamOptions.xml file
03-12 11:11:03.630   892   892 W AudioParamParser-vnd: appHandleLoadDirFeatureOptionsInfo(), No /odm/etc/audio_param//AudioParamOptions_mgvi.xml file
03-12 11:11:03.630   892   892 W AudioParamParser-vnd: appHandleLoadDirFeatureOptionsInfo(), No /odm/etc/audio_param//AudioParamOptions_vext.xml file
03-12 11:11:03.630   892   892 D AudioParamParser-vnd: appHandleLoadDirFeatureOptionsInfo(), Load xml file successfully. (/vendor/etc/audio_param//AudioParamOptions.xml)
03-12 11:11:03.631   892   892 W AudioParamParser-vnd: appHandleLoadDirFeatureOptionsInfo(), No /vendor/etc/audio_param//AudioParamOptions_mgvi.xml file
03-12 11:11:03.631   892   892 D AudioParamParser-vnd: appHandleLoadDirFeatureOptionsInfo(), Load xml file successfully. (/vendor/etc/audio_param//AudioParamOptions_vext.xml)
03-12 11:11:03.631   892   892 W AudioParamParser-vnd: appHandleLoadDirFeatureOptionsInfo(), No /system/etc/audio_param//AudioParamOptions.xml file
03-12 11:11:03.631   892   892 W AudioParamParser-vnd: appHandleLoadDirFeatureOptionsInfo(), No /system/etc/audio_param//AudioParamOptions_mgvi.xml file
03-12 11:11:03.631   892   892 W AudioParamParser-vnd: appHandleLoadDirFeatureOptionsInfo(), No /system/etc/audio_param//AudioParamOptions_vext.xml file
03-12 11:11:03.636  1118  1118 D gps_dbg_log: gps_dbg_log_property_load: Get debuglog_limit_size(get from vendor.gpsdbglog.size) fail, use default value = 3000 MB
03-12 11:11:03.637  1118  1118 D mnld_uti: adie_chip_detector: adie_chip_id can't get,set default value!
03-12 11:11:03.637  1118  1118 D MNLD    : print_chipset_capability: chip_idy:chip_id=0x6768, chip_id_adie=, hw_ver=0, fw_ver=0
03-12 11:11:03.637  1118  1118 D MNLD    : print_chipset_capability: chip_cap:flags=0x7ef, connec_dev_type=1, constellation=6, support_hw_suspend=1, support_clk_ext=1          , support_l5=0, support_offload=0, support_geofence=0, support_mpe=1, chip_key=0xffff6768, chip_eco=464, chip_calib_mipc=0
03-12 11:11:03.637  1118  1118 D mnld_uti: adie_chip_detector: adie_chip_id can't get,set default value!
03-12 11:11:03.637  1118  1118 D mnld_uti: adie_chip_detector: adie_chip_id can't get,set default value!
03-12 11:11:03.637  1118  1118 D gps_controlller: is_mnld_l1_only: L1 ONLY set be true adie(0:default 1:6631 2:6635 3:6637): 0
03-12 11:11:03.638  1131  1131 I wificond: wificond is starting up...
03-12 11:11:03.643  1131  1131 W hw-ProcessState: HwBinder is not supported on this device but this process is calling setThreadPoolConfiguration
03-12 11:11:03.644  1131  1131 W HidlServiceManagement: hwservicemanager is not supported on the device.
03-12 11:11:03.644  1131  1131 I HidlServiceManagement: Trying to get transport of android.system.wifi.keystore@1.0::IKeystore/default without hwservicemanager
03-12 11:11:03.644  1131  1131 E HidlServiceManagement: Service android.system.wifi.keystore@1.0::IKeystore/default must be in VINTF manifest in order to register/get.
03-12 11:11:03.644  1131  1131 I wificond: Did not register wifi keystore HIDL HAL service: -2147483648
03-12 11:11:03.644  1118  1118 E MNLD    : mnld_get_gnss_signal_types: mnld_gnss_signal_types.SV_num=9
03-12 11:11:03.644   976   995 I TeeMcDaemon: isStorageDirAvailable: Access storage parent path "/data/vendor/mcRegistry" [vendor/mediatek/proprietary/trustzone/trustonic/source/external/mobicore/common/600/Daemon/src/Partition.cpp:216]
03-12 11:11:03.644  1118  1118 D MNLD    : mnld_get_clock_calidata: Don't support_calibration_mipc
03-12 11:11:03.644  1118  1118 D MNLD    : mnld_get_clock_calidata: Other calibration,chip_id:0x6768
03-12 11:11:03.644   976   995 I TeeMcDaemon: open: Open storage file "/data/vendor/mcRegistry/TbStorage/Store_0.tf" [vendor/mediatek/proprietary/trustzone/trustonic/source/external/mobicore/common/600/Daemon/src/Partition.cpp:247]
03-12 11:11:03.646   976   995 I TeeMcDaemon: open: storage file "/data/vendor/mcRegistry/TbStorage/Store_0.tf" successfully open (size: 664 KB / 679936 B)) [vendor/mediatek/proprietary/trustzone/trustonic/source/external/mobicore/common/600/Daemon/src/Partition.cpp:263]
03-12 11:11:03.647  1148  1148 I thermal_repeater: START+++++++++ 1148
03-12 11:11:03.647  1148  1148 I thermal_repeater: Success to write 1148 to /proc/driver/thermal/clwmt_pid
03-12 11:11:03.647  1148  1148 I thermal_repeater: Success to write 1148 to /proc/driver/thermal/clmutt_tm_pid
03-12 11:11:03.648  1118  1118 D MNLD    : mnld_get_clock_calidata: lseek calibration file for 93MD
03-12 11:11:03.650  1118  1118 D MNLD_MIPC: mnld_mipc_init: ro.vendor.mtk_mipc_support not set,return
03-12 11:11:03.650  1118  1118 D mnl_common: mnl_utl_load_property: SUSPEND_enabled: 1, SUSPEND_timeout:120000,SUSPEND_ext_enabled:0,SUSPEND_ext_timeout:0,SUSPEND_ext_available:1
03-12 11:11:03.651  1133  1133 I thermald: START+++++++++ 1133
03-12 11:11:03.651  1133  1133 I thermald: Success to write 1133 to /proc/driver/thermal/clsd_pid
03-12 11:11:03.651  1133  1133 I thermald: Success to write 1133 to /proc/driver/thermal/clmutt_tmd_pid
03-12 11:11:03.651  1133  1133 I thermald: Enter infinite loop
03-12 11:11:03.651  1118  1118 W ADAPTER_CORE: mtk_register_adatper: mtk_register_adatper, calloc ad=0xb40000747f71f340
03-12 11:11:03.651  1118  1118 D ADAPTER_CORE: mtk_register_adatper: mtk_register_adatper, adapter_func=0x64d7d79a90, name=0x64d7d3ae89, func=0x64d7d79a90, ad->name=0x64d7d3ae89
03-12 11:11:03.651  1118  1118 D ADAPTER_CORE: mtk_register_supported_adatper: mtk_register_supported_adatper, agps_adapter_func_lpp = 0x64d7d79a90
03-12 11:11:03.651  1118  1118 W ADAPTER_CORE: mtk_register_adatper: mtk_register_adatper, calloc ad=0xb40000747f71f8e0
03-12 11:11:03.651  1118  1118 D ADAPTER_CORE: mtk_register_adatper: mtk_register_adatper, adapter_func=0x64d7d818a0, name=0x64d7d48a9c, func=0x64d7d818a0, ad->name=0x64d7d48a9c
03-12 11:11:03.651  1118  1118 D DATA_HELPER: init_data_base_helper: init_data_base_helper
03-12 11:11:03.651  1118  1118 D DATA_HELPER: on_create_data_base: on_create_data_base
03-12 11:11:03.651  1118  1118 D gps_controlller: mtk_gps_get_rfpathloss: RFPathLoss config not enable!!!
03-12 11:11:03.651  1118  1118 D gps_controlller: mtk_gps_ofl_enabled: platform not support OFL
03-12 11:11:03.651  1118  1118 D gps_controlller: mtk_gps_ofl_enabled: AP mode enabled!!!
03-12 11:11:03.651  1118  1118 D MNLD    : main: mtk_gps_ofl_enabled == MTK_GPS_FALSE
03-12 11:11:03.652  1118  1118 D gps_controlller: mtk_gps_ofl_mpvt_log_enabled: MPVT_LOG_ENABLE disabled!!!
03-12 11:11:03.652  1118  1118 E mnld    : mtk_socket_tcp_startListening: mSockListenId ok
03-12 11:11:03.653  1118  1118 D mnld    : mtk_socket_tcp_startListening: Success to setup socket local server
03-12 11:11:03.653  1118  1118 D mtk_lbs_utility: socket_bind_udp: fd=5,path=mnld_gps_control_socket
03-12 11:11:03.653  1118  1118 D mtk_lbs_utility: socket_bind_udp_force: path=mnld_gps_control_socket
03-12 11:11:03.653  1118  1118 D mtk_lbs_utility: socket_bind_udp: fd=6,path=mnld_epo_download_socket
03-12 11:11:03.654  1118  1118 D mtk_lbs_utility: socket_bind_udp: fd=8,path=mnld_qepo_download_socket
03-12 11:11:03.654  1118  1156 D gps_controlller: gps_control_thread: gps_control_thread wait
03-12 11:11:03.654  1118  1118 D mtk_lbs_utility: socket_bind_udp: fd=9,path=mnld_mtknav_download_socket
03-12 11:11:03.654  1118  1118 D MPE_MA  : mpe_sys_read_mpe_conf_flag: MPE_VER_24070101_8.00_00
03-12 11:11:03.654  1118  1118 D MPE_MA  : mpe_sys_read_mpe_conf_flag: load mpe config from default path
03-12 11:11:03.655  1118  1154 D mnld    : thread_adc_capture_init: EMI ADC thread start
03-12 11:11:03.655  1118  1154 D mnld    : thread_adc_capture_init: open gps_emi successfully
03-12 11:11:03.658  1126  1126 V MediaUtils: physMem: 3908624384
03-12 11:11:03.658  1126  1126 V MediaUtils: requested limit: 134217728
03-12 11:11:03.659  1126  1126 I libc    : malloc_limit: Allocation limit enabled, max size 134217728 bytes
03-12 11:11:03.664  1118  1118 D MPE_MA  : mpe_sys_read_mpe_conf_flag: mpe config flag 121, 0, 1, 0
03-12 11:11:03.664  1118  1118 D mtk_lbs_utility: socket_bind_udp: fd=10,path=mnld_mpe_socket
03-12 11:11:03.665  1118  1118 D MNLD    : main: chip_capability_info.support_geofence is false
03-12 11:11:03.665  1118  1118 W mnld_pwr_interface: mnld_pwr_open: mnld_pwr_open, /dev/gps_pwr failed:No such file or directory
03-12 11:11:03.665  1118  1118 E mnld_pwr_interface: mnld_pwr_init: mnld_pwr_open failed, No such file or directory
03-12 11:11:03.665  1118  1118 D mnld_pwr_interface: mnld_pwr_init: mnld_pwr_init, success, fd_pwr:-1
03-12 11:11:03.665  1126  1126 D AudioPowerUsage: AudioPowerUsage
03-12 11:11:03.665  1126  1126 D AudioAnalytics: AudioAnalytics
03-12 11:11:03.665  1118  1118 E MNL2AGPS: bind_udp_socket: bind failed path=[/data/agps_supl/agps_to_mnl] reason=[No such file or directory]
03-12 11:11:03.665  1118  1118 D MNL2AGPS: create_agps2mnl_fd: it's a Android P version, bind mtk_agps2mnl instead
03-12 11:11:03.665  1126  1126 D MediaMetricsService: MediaMetricsService
03-12 11:11:03.665  1118  1118 D mtk_lbs_utility: socket_bind_udp: fd=17,path=mtk_hal2mnl
03-12 11:11:03.665  1118  1118 D mtk_lbs_utility: socket_bind_udp_force: path=mtk_hal2mnl
03-12 11:11:03.665  1118  1118 D mtk_lbs_utility: socket_bind_udp: fd=18,path=/data/server
03-12 11:11:03.665  1118  1118 D mtk_lbs_utility: socket_bind_udp: fd=19,path=mnld_main_socket
03-12 11:11:03.665  1118  1118 D mtk_lbs_utility: socket_bind_udp_force: path=mnld_main_socket
03-12 11:11:03.665  1118  1118 D mtk_lbs_utility: socket_bind_udp: fd=20,path=mtk_meta2mnld
03-12 11:11:03.665  1118  1118 D mtk_lbs_utility: socket_bind_udp: fd=21,path=meta2mnl_req
03-12 11:11:03.665  1118  1118 D mtk_lbs_utility: socket_bind_udp: fd=24,path=mtk_mpvt2mnld
03-12 11:11:03.666  1118  1118 E mtk_lbs_utility: init_timer_id_alarm: timerfd_create  CLOCK_BOOTTIME_ALARM 
03-12 11:11:03.666  1118  1118 E mtk_lbs_utility: safe_sendto: safe_sendto() sendto() failed path=[mtk_mnl2hal] ret=-1 reason=[Connection refused]111
03-12 11:11:03.666  1118  1118 E MNLD    : mnld_init: mnl2hal_release_wakelock failed because of safe_sendto fail ,strerror:Connection refused 
03-12 11:11:03.666  1118  1118 D mnl2hal : mnl2hal_mnld_reboot: mnl2hal_mnld_reboot
03-12 11:11:03.666  1118  1118 E mtk_lbs_utility: safe_sendto: safe_sendto() sendto() failed path=[mtk_mnl2hal] ret=-1 reason=[Connection refused]111
03-12 11:11:03.666  1118  1118 E MNLD    : mnld_init: mnl2hal_mnld_reboot failed because of safe_sendto fail ,strerror:Connection refused 
03-12 11:11:03.666  1118  1118 D MNL2AGPS: mnl2agps_mnl_reboot: mnl2agps_mnl_reboot
03-12 11:11:03.666  1118  1118 E MNL2AGPS: sock_udp_client_create_local: connect() failed, abstract=1 name=[mtk_mnl2agps] reason=[Connection refused]111
03-12 11:11:03.666  1118  1118 E mnld    : Mnld2DebugInterface_mnldUpdateReboot: Mnld2DebugInterface_mnldUpdateReboot
03-12 11:11:03.666  1118  1118 E mnld    : mtk_socket_connect_local: mtk_socket_connect_local() connect() failed reason=[Connection refused]111 for path=[mtk_mnld2debugService]
03-12 11:11:03.666  1118  1118 E mnld    : Mnld2DebugInterface_mnldUpdateReboot: Mnld2DebugInterface_mnldUpdateReboot() mtk_socket_client_connect() failed
03-12 11:11:03.667  1118  1118 D mnl2hal : mnl2hal_update_gnss_name: mnl2hal_update_gnss_name, str=MediaTek,MT,MTK_MNLD_14_1.00,MNL_VER_24090501ALPS05_8.00_00, len=59
03-12 11:11:03.667  1118  1118 E mtk_lbs_utility: safe_sendto: safe_sendto() sendto() failed path=[mtk_mnl2hal] ret=-1 reason=[Connection refused]111
03-12 11:11:03.667  1118  1118 E gps_controlller: mnld_gps_update_name: mnl2hal_update_gnss_name err 
03-12 11:11:03.667  1118  1118 D MNLD    : mnld_init: 3dma_enabled=0, basement_tunnel_enabled=0
03-12 11:11:03.667  1118  1118 D mnld_mbrain: mnld_mbrain_fsm_time_init: mnld_mbrain_fsm_time_init,boot_time_ms=13823
03-12 11:11:03.668  1118  1164 D mpe     : mpe_main_thread: wait 0
03-12 11:11:03.670  1118  1118 D MNLD    : main: mnld_mbrain_init SUCCESS!
03-12 11:11:03.670   919   946 D mtk_lbs_service: [mtk_lbs_log_v2s] SocketConnector::handleSocketEvent() fd=8/8
03-12 11:11:03.670   919   946 D mtk_lbs_service: [mtk_lbs_log_v2s] socketRead() fd=[8], ret=12
03-12 11:11:03.671  1132  1138 D lbs_dbg_ext: lbslogd_handle_close_logfile: [gpsLog]lbslogd_handle_close_logfile
03-12 11:11:03.671   919   946 E mtk_lbs_service: [mtk_lbs_log_v2s] SocketConnector::callbackToClient() return 1
03-12 11:11:03.671   919   946 D mtk_lbs_service: [mtk_lbs_log_v2s] SocketConnector::handleSocketEvent() fd=8/8
03-12 11:11:03.671   919   946 D mtk_lbs_service: [mtk_lbs_log_v2s] socketRead() fd=[8], ret=12
03-12 11:11:03.671  1132  1139 D lbs_dbg_ext: lbslogd_handle_close_logfile: [mpeLog]lbslogd_handle_close_logfile
03-12 11:11:03.671   919   946 E mtk_lbs_service: [mtk_lbs_log_v2s] SocketConnector::callbackToClient() return 1
03-12 11:11:03.672   919   946 D mtk_lbs_service: [mtk_lbs_log_v2s] SocketConnector::handleSocketEvent() fd=8/8
03-12 11:11:03.672   919   946 D mtk_lbs_service: [mtk_lbs_log_v2s] socketRead() fd=[8], ret=12
03-12 11:11:03.672  1132  1140 D lbs_dbg_ext: lbslogd_handle_close_logfile: [dumpLog]lbslogd_handle_close_logfile
03-12 11:11:03.672   919   946 E mtk_lbs_service: [mtk_lbs_log_v2s] SocketConnector::callbackToClient() return 1
03-12 11:11:03.672  1118  1172 D MNLD    : mnld_init_time_aiding_ctx: mnld_init_time_aiding_ctx
03-12 11:11:03.672  1118  1172 D MNLD    : mnld_init_tsx_data_aiding_ctx: mnld_init_tsx_data_aiding_ctx
03-12 11:11:03.672  1118  1165 D mnld_pwr_interface: mnld_pwr_control_thread: mnld_pwr_control_thread enter
03-12 11:11:03.672  1118  1165 W mnld_pwr_interface: mnld_pwr_open: mnld_pwr_open, /dev/gps_pwr failed:No such file or directory
03-12 11:11:03.672  1118  1165 E mnld_pwr_interface: mnld_pwr_control_thread: mnld_pwr_open failed, No such file or directory, retry:0
03-12 11:11:03.674  1118  1118 D pseudo  : mtk_gps_sys_nmea_output_to_app: len:63, [GPSDBG],WARNING, [mnl_sys_alps_nmea_output] MNL not running!
03-12 11:11:03.674  1118  1118 D pseudo  : mtk_gps_sys_nmea_output_to_app: len:85, [GPSDBG],WARNING, [GPSLOG]:$HBD,0,IF1,GLP,MTK_PARAM_POWERSTATS_OTHERMODES_INIT*16
03-12 11:11:03.674  1118  1118 D pseudo  : 
03-12 11:11:03.678  1118  1118 D pseudo  : mtk_gps_sys_nmea_output_to_app: len:63, [GPSDBG],WARNING, [mnl_sys_alps_nmea_output] MNL not running!
03-12 11:11:03.678  1118  1118 D pseudo  : mtk_gps_sys_nmea_output_to_app: len:87, [GPSDBG],WARNING, [GPSLOG]:$HBD,0,IF1,GLP,cache_power,/data/vendor/gps/cache.dat*38
03-12 11:11:03.678  1118  1118 D pseudo  : 
03-12 11:11:03.679  1118  1118 D pseudo  : mtk_gps_sys_nmea_output_to_app: len:63, [GPSDBG],WARNING, [mnl_sys_alps_nmea_output] MNL not running!
03-12 11:11:03.679  1118  1118 D pseudo  : mtk_gps_sys_nmea_output_to_app: len:87, [GPSDBG],WARNING, [GPSLOG]:$HBD,0,IF1,GLP,cache_power,/data/vendor/gps/cache.dat*38
03-12 11:11:03.679  1118  1118 D pseudo  : 
03-12 11:11:03.698  1153  1153 I thermal_src: ta_main
03-12 11:11:03.701  1146  1146 W MTK_FG_NVRAM: open fd failed
03-12 11:11:03.701  1146  1146 W MTK_FG_NVRAM: fd < 0, init first!
03-12 11:11:03.701  1146  1146 W MTK_FG_NVRAM: open fd failed
03-12 11:11:03.701  1146  1146 W MTK_FG_NVRAM: init failed, return!
03-12 11:11:03.702  1153  1153 I thermal_src1: libthermal_algo_setup
03-12 11:11:03.703  1153  1153 V thermal_src: get control socket success, sock_id:4
03-12 11:11:03.703  1153  1153 V thermal_src: native process pid is 1153
03-12 11:11:03.703  1153  1153 V thermal_src: bind done
03-12 11:11:03.703  1153  1153 I thermal_src1: ta_daemon_init
03-12 11:11:03.703  1153  1153 V thermal_src: [ta_daemon_init] TA_DAEMON_CMD_SET_DAEMON_PID, input 1153
03-12 11:11:03.703  1153  1153 V thermal_src: tad_ctrl_cmd_to_kernel,240 cmd = 0x1, len=4
03-12 11:11:03.703  1153  1153 I thermal_src1: ta_wait_kernel_notify
03-12 11:11:03.703  1146  1146 D NVRAM   : NVM_Init
03-12 11:11:03.704  1146  1146 I fuelgauged_nvram: [libfstab] Using Android DT directory /proc/device-tree/firmware/android/
03-12 11:11:03.705   969   981 I ccci_fsd(1): First Read Time: (13 860855307); begin->firstreadreq: [interval] : 170099077 ns
03-12 11:11:03.706  1146  1146 W fuelgauged_nvram: [libfstab] Warning: unknown flag: resize
03-12 11:11:03.707  1146  1146 D NVRAM   : NVM_load_libcustom_nvram dlopen
03-12 11:11:03.707  1151  1151 I thermal_mgr: main argc 1.
03-12 11:11:03.707  1151  1151 I thermal_mgr: argv[0] /vendor/bin/thermal_manager.
03-12 11:11:03.707  1146  1146 D NVRAM   : NVM_load_libcustom_nvram hcustlib: 0xea37f17b603de673
03-12 11:11:03.707  1146  1146 D NVRAM   : g_i4CFG_File_Count=51
03-12 11:11:03.707  1146  1146 D NVRAM   : g_akCFG_File[0].cFileName=/mnt/vendor/nvdata/APCFG/APRDCL/FILE_VER
03-12 11:11:03.707  1146  1146 D NVRAM   : g_akCFG_File_Custom[1].cFileName=/mnt/vendor/nvdata/APCFG/APRDEB/GPS
03-12 11:11:03.707  1146  1146 D NVRAM   : iCustomBeginLID=51, iFileVerInfoLID=0
03-12 11:11:03.707  1146  1146 D NVRAM   : iFileWIFILID=55, iFileCustomWIFILID=56, iNvRamFileMaxLID=79
03-12 11:11:03.707  1146  1146 D NVRAM   : g_new_nvram_lid_count=2
03-12 11:11:03.707  1146  1146 D NVRAM   : g_new_nvram_lid[0].lid=61
03-12 11:11:03.707  1146  1146 D NVRAM   : g_Backup_File_Count=17
03-12 11:11:03.707  1146  1146 D NVRAM   : aBackupToBinRegion[0]=FILE_VER
03-12 11:11:03.707  1146  1146 D NVRAM   : libfile nvram_platform_log_block =2,nvram_platform_resv_block=2,nvram_platform_DM_block=1 nvram_platform_layout_version##=0,nvram_platform_header_offset=0,g_i4CFG_File_Count=51
03-12 11:11:03.707  1146  1146 D NVRAM   : NVM_Init Max Lid: 79
03-12 11:11:03.707  1146  1146 D NVRAM   : [NVRAM]: info nvram_gpt_flag =1
03-12 11:11:03.707  1146  1146 D NVRAM   : fail to open /sys/class/BOOT/BOOT/boot/boot_mode: 
03-12 11:11:03.707  1146  1146 D NVRAM   : NVM_GetFileDesc: Open /mnt/vendor/nvdata/APCFG/APRDCL/FG,LID:76
03-12 11:11:03.708  1146  1146 D NVRAM   : NVM_CmpFileVerNo 76  
03-12 11:11:03.708  1146  1146 D NVRAM   : Load File Version: 000, NvRam File Version: 000
03-12 11:11:03.708  1146  1146 D NVRAM   : NVM_ProtectDataFile : 76 ++
03-12 11:11:03.709  1151  1151 I thermal_mgr: loadmtc thermal.conf
03-12 11:11:03.710   969   981 E ccci_fsd(1): FS_IsReadOnly: [error]fail on file: /mnt/vendor/nvdata/md/FAT6E63FA35.log, error=2
03-12 11:11:03.710  1151  1151 I libMtcLoader: loadmtc
03-12 11:11:03.710  1125  1125 I main_extractorservice: enable media.extractor memory limits
03-12 11:11:03.710  1125  1125 V MediaUtils: physMem: 3908624384
03-12 11:11:03.710  1125  1125 V MediaUtils: requested limit: 781724860
03-12 11:11:03.710  1125  1125 I libc    : malloc_limit: Allocation limit enabled, max size 781724860 bytes
03-12 11:11:03.711  1136  1136 D mediaserver: start mediaserver in 64-bit=1
03-12 11:11:03.712  1146  1146 D NVRAM   : NVM_ProtectUserData:Check Success
03-12 11:11:03.712  1146  1146 D NVRAM   : NVM_GetFileDesc ProtectDataFile Check Success!!
03-12 11:11:03.712  1146  1146 D NVRAM   : NVM_GetFileDesc --
03-12 11:11:03.712  1146  1146 W MTK_FG_NVRAM: fd < 0, init first!
03-12 11:11:03.712  1146  1146 W MTK_FG_NVRAM: open fd failed
03-12 11:11:03.712  1146  1146 W MTK_FG_NVRAM: init failed, return!
03-12 11:11:03.712  1146  1146 W MTK_FG_NVRAM: fd < 0, init first!
03-12 11:11:03.712  1146  1146 W MTK_FG_NVRAM: open fd failed
03-12 11:11:03.712  1146  1146 W MTK_FG_NVRAM: init failed, return!
03-12 11:11:03.713  1146  1146 D NVRAM   : NVM_CloseFileDesc: Open by Readonly, no need to check when close
03-12 11:11:03.713  1146  1146 W MTK_FG_NVRAM: fd < 0, init first!
03-12 11:11:03.713  1146  1146 W MTK_FG_NVRAM: open fd failed
03-12 11:11:03.713  1146  1146 W MTK_FG_NVRAM: init failed, return!
03-12 11:11:03.713  1146  1146 W MTK_FG_NVRAM: fd < 0, init first!
03-12 11:11:03.713  1146  1146 W MTK_FG_NVRAM: open fd failed
03-12 11:11:03.713  1146  1146 W MTK_FG_NVRAM: init failed, return!
03-12 11:11:03.713  1146  1146 W MTK_FG_NVRAM: fd < 0, init first!
03-12 11:11:03.713  1146  1146 W MTK_FG_NVRAM: open fd failed
03-12 11:11:03.713  1146  1146 W MTK_FG_NVRAM: init failed, return!
03-12 11:11:03.713  1146  1146 W MTK_FG_NVRAM: fd < 0, init first!
03-12 11:11:03.713  1146  1146 W MTK_FG_NVRAM: open fd failed
03-12 11:11:03.713  1146  1146 W MTK_FG_NVRAM: init failed, return!
03-12 11:11:03.713  1146  1146 W MTK_FG_NVRAM: fd < 0, init first!
03-12 11:11:03.714  1146  1146 W MTK_FG_NVRAM: open fd failed
03-12 11:11:03.714  1146  1146 W MTK_FG_NVRAM: init failed, return!
03-12 11:11:03.714  1151  1151 I libMtcLoader: readPolicy_formatV2
03-12 11:11:03.714  1146  1146 W MTK_FG_NVRAM: fd < 0, init first!
03-12 11:11:03.714  1146  1146 W MTK_FG_NVRAM: open fd failed
03-12 11:11:03.714  1146  1146 W MTK_FG_NVRAM: init failed, return!
03-12 11:11:03.714  1146  1146 W MTK_FG_NVRAM: fd < 0, init first!
03-12 11:11:03.714  1146  1146 W MTK_FG_NVRAM: open fd failed
03-12 11:11:03.714  1146  1146 W MTK_FG_NVRAM: init failed, return!
03-12 11:11:03.714  1146  1146 W MTK_FG_NVRAM: fd < 0, init first!
03-12 11:11:03.714  1146  1146 W MTK_FG_NVRAM: open fd failed
03-12 11:11:03.714  1146  1146 W MTK_FG_NVRAM: init failed, return!
03-12 11:11:03.716   969   981 W ccci_fsd(1): O: X://MT00A001, flag 0x700, ret 1
03-12 11:11:03.717   969   981 W ccci_fsd(1): O: X://MT00B001, flag 0x700, ret 1
03-12 11:11:03.718   969   981 W ccci_fsd(1): O: X://MT00A001, flag 0x700, ret 1
03-12 11:11:03.718   969   981 W ccci_fsd(1): O: X://MT00B001, flag 0x700, ret 1
03-12 11:11:03.719   969   981 W ccci_fsd(1): O: X://MTFW_000, flag 0x700, ret 1
03-12 11:11:03.720  1153  1153 I thermal_src: ta_catm_init_flow
03-12 11:11:03.720  1153  1153 I thermal_src: u_CATM_ON == -1, get catm init val
03-12 11:11:03.720   969   981 W ccci_fsd(1): O: Y://MTFW_000, flag 0x700, ret 1
03-12 11:11:03.720  1153  1153 V thermal_src: TA_DAEMON_CMD_NOTIFY_DAEMON_CATMINIT cmd=0x3, len=48
03-12 11:11:03.720  1153  1153 I thermal_src: TTJ_D 13500,TT_H 500,TT_L 500,TT 4000,MAX_TT 800000,MIN_TT -800000,MIN_TTJ 65000,CATM_ON 2,TTJ 57000,MAX_TARGET_TJ 80000,TRIP_TPCB 42000,STEADY_TARGET_TPCB 44000
03-12 11:11:03.720  1153  1153 I thermal_src: update param 6912,57000,66500,27648,-19456
03-12 11:11:03.721   969   981 W ccci_fsd(1): O: X://MT00A001, flag 0x700, ret 1
03-12 11:11:03.721   969   981 W ccci_fsd(1): O: X://MT00B001, flag 0x700, ret 1
03-12 11:11:03.721   969   981 W ccci_fsd(1): O: X://MT00A001, flag 0x700, ret 1
03-12 11:11:03.722   969   981 W ccci_fsd(1): O: X://MT00B001, flag 0x700, ret 1
03-12 11:11:03.725  1066  1066 I libimsma_adapt: mtk-brm-commit-id:8783a29bae0ae84a456239f3212f27bdafa94c91
03-12 11:11:03.726  1066  1066 I libimsma_adapt: mtk-brm-change-id:Iee598bb542f5de895a4b71649fbc79b2d93bc3de
03-12 11:11:03.726  1066  1066 I libimsma_adapt: mtk-brm-merge-id:none
03-12 11:11:03.729  1066  1066 I vtservice: [VT][SRV]ServiceManager: 0xb4000075374598d0
03-12 11:11:03.729  1066  1066 I vtservice: [VT][SRV]before VTService_instantiate
03-12 11:11:03.729  1066  1066 E VT      : [VTS] before addService
03-12 11:11:03.729   958  1050 D libMEOW : meow [updated] data loaded
03-12 11:11:03.730  1125  1125 W mediaextractor: libminijail[1125]: failed to get path of fd 4: No such file or directory
03-12 11:11:03.730  1125  1125 W mediaextractor: libminijail[1125]: allowing syscall: connect
03-12 11:11:03.730  1125  1125 W mediaextractor: libminijail[1125]: allowing syscall: fcntl
03-12 11:11:03.730  1125  1125 W mediaextractor: libminijail[1125]: allowing syscall: sendto
03-12 11:11:03.730  1125  1125 W mediaextractor: libminijail[1125]: allowing syscall: socket
03-12 11:11:03.730  1125  1125 W mediaextractor: libminijail[1125]: allowing syscall: writev
03-12 11:11:03.731   958  1050 D libMEOW : load [updated] driver: libGLES_mali.so
03-12 11:11:03.731  1125  1125 W mediaextractor: libminijail[1125]: compile_file: <fd>(42): syscall readlinkat redefined here
03-12 11:11:03.731  1125  1125 W mediaextractor: libminijail[1125]: compile_file: <fd>(38): previous definition here
03-12 11:11:03.732  1125  1125 W mediaextractor: libminijail[1125]: compile_file: /apex/com.android.media/etc/seccomp_policy/crash_dump.arm64.policy(6): syscall read redefined here
03-12 11:11:03.732  1125  1125 W mediaextractor: libminijail[1125]: compile_file: <fd>(18): previous definition here
03-12 11:11:03.732  1125  1125 W mediaextractor: libminijail[1125]: compile_file: /apex/com.android.media/etc/seccomp_policy/crash_dump.arm64.policy(7): syscall write redefined here
03-12 11:11:03.732  1125  1125 W mediaextractor: libminijail[1125]: compile_file: <fd>(6): previous definition here
03-12 11:11:03.732  1125  1125 W mediaextractor: libminijail[1125]: compile_file: /apex/com.android.media/etc/seccomp_policy/crash_dump.arm64.policy(8): syscall exit redefined here
03-12 11:11:03.732  1125  1125 W mediaextractor: libminijail[1125]: compile_file: <fd>(27): previous definition here
03-12 11:11:03.732  1125  1125 W mediaextractor: libminijail[1125]: compile_file: /apex/com.android.media/etc/seccomp_policy/crash_dump.arm64.policy(9): syscall rt_sigreturn redefined here
03-12 11:11:03.732  1125  1125 W mediaextractor: libminijail[1125]: compile_file: <fd>(29): previous definition here
03-12 11:11:03.732  1125  1125 W mediaextractor: libminijail[1125]: compile_file: /apex/com.android.media/etc/seccomp_policy/crash_dump.arm64.policy(10): syscall exit_group redefined here
03-12 11:11:03.732  1125  1125 W mediaextractor: libminijail[1125]: compile_file: <fd>(28): previous definition here
03-12 11:11:03.732  1125  1125 W mediaextractor: libminijail[1125]: compile_file: /apex/com.android.media/etc/seccomp_policy/crash_dump.arm64.policy(13): syscall futex redefined here
03-12 11:11:03.732  1125  1125 W mediaextractor: libminijail[1125]: compile_file: <fd>(4): previous definition here
03-12 11:11:03.732  1125  1125 W mediaextractor: libminijail[1125]: compile_file: /apex/com.android.media/etc/seccomp_policy/crash_dump.arm64.policy(14): syscall getrandom redefined here
03-12 11:11:03.732  1125  1125 W mediaextractor: libminijail[1125]: compile_file: <fd>(32): previous definition here
03-12 11:11:03.732  1125  1125 W mediaextractor: libminijail[1125]: compile_file: /apex/com.android.media/etc/seccomp_policy/crash_dump.arm64.policy(19): syscall openat redefined here
03-12 11:11:03.732  1125  1125 W mediaextractor: libminijail[1125]: compile_file: <fd>(12): previous definition here
03-12 11:11:03.732  1125  1125 W mediaextractor: libminijail[1125]: compile_file: /apex/com.android.media/etc/seccomp_policy/crash_dump.arm64.policy(20): syscall dup redefined here
03-12 11:11:03.732  1125  1125 W mediaextractor: libminijail[1125]: compile_file: <fd>(9): previous definition here
03-12 11:11:03.732  1125  1125 W mediaextractor: libminijail[1125]: compile_file: /apex/com.android.media/etc/seccomp_policy/crash_dump.arm64.policy(21): syscall close redefined here
03-12 11:11:03.732  1125  1125 W mediaextractor: libminijail[1125]: compile_file: <fd>(8): previous definition here
03-12 11:11:03.732  1125  1125 W mediaextractor: libminijail[1125]: compile_file: /apex/com.android.media/etc/seccomp_policy/crash_dump.arm64.policy(22): syscall lseek redefined here
03-12 11:11:03.732  1125  1125 W mediaextractor: libminijail[1125]: compile_file: <fd>(23): previous definition here
03-12 11:11:03.732  1125  1125 W mediaextractor: libminijail[1125]: compile_file: /apex/com.android.media/etc/seccomp_policy/crash_dump.arm64.policy(23): syscall getdents64 redefined here
03-12 11:11:03.732  1125  1125 W mediaextractor: libminijail[1125]: compile_file: <fd>(41): previous definition here
03-12 11:11:03.732  1125  1125 W mediaextractor: libminijail[1125]: compile_file: /apex/com.android.media/etc/seccomp_policy/crash_dump.arm64.policy(24): syscall faccessat redefined here
03-12 11:11:03.732  1125  1125 W mediaextractor: libminijail[1125]: compile_file: <fd>(25): previous definition here
03-12 11:11:03.732  1125  1125 W mediaextractor: libminijail[1125]: compile_file: /apex/com.android.media/etc/seccomp_policy/crash_dump.arm64.policy(25): syscall readlinkat redefined here
03-12 11:11:03.732  1125  1125 W mediaextractor: libminijail[1125]: compile_file: <fd>(38): previous definition here
03-12 11:11:03.732  1125  1125 W mediaextractor: libminijail[1125]: compile_file: /apex/com.android.media/etc/seccomp_policy/crash_dump.arm64.policy(28): syscall setsockopt redefined here
03-12 11:11:03.732  1125  1125 W mediaextractor: libminijail[1125]: compile_file: <fd>(68): previous definition here
03-12 11:11:03.732  1125  1125 W mediaextractor: libminijail[1125]: compile_file: /apex/com.android.media/etc/seccomp_policy/crash_dump.arm64.policy(36): syscall mmap redefined here
03-12 11:11:03.732  1125  1125 W mediaextractor: libminijail[1125]: compile_file: <fd>(10): previous definition here
03-12 11:11:03.732  1125  1125 W mediaextractor: libminijail[1125]: compile_file: /apex/com.android.media/etc/seccomp_policy/crash_dump.arm64.policy(37): syscall mprotect redefined here
03-12 11:11:03.732  1125  1125 W mediaextractor: libminijail[1125]: compile_file: <fd>(13): previous definition here
03-12 11:11:03.733  1125  1125 W mediaextractor: libminijail[1125]: compile_file: /apex/com.android.media/etc/seccomp_policy/crash_dump.arm64.policy(38): syscall prctl redefined here
03-12 11:11:03.733  1125  1125 W mediaextractor: libminijail[1125]: compile_file: <fd>(5): previous definition here
03-12 11:11:03.733  1125  1125 W mediaextractor: libminijail[1125]: compile_file: /apex/com.android.media/etc/seccomp_policy/crash_dump.arm64.policy(39): syscall madvise redefined here
03-12 11:11:03.733  1125  1125 W mediaextractor: libminijail[1125]: compile_file: <fd>(14): previous definition here
03-12 11:11:03.733  1125  1125 W mediaextractor: libminijail[1125]: compile_file: /apex/com.android.media/etc/seccomp_policy/crash_dump.arm64.policy(40): syscall munmap redefined here
03-12 11:11:03.733  1125  1125 W mediaextractor: libminijail[1125]: compile_file: <fd>(11): previous definition here
03-12 11:11:03.733  1125  1125 W mediaextractor: libminijail[1125]: compile_file: /apex/com.android.media/etc/seccomp_policy/crash_dump.arm64.policy(41): syscall getuid redefined here
03-12 11:11:03.733  1125  1125 W mediaextractor: libminijail[1125]: compile_file: <fd>(15): previous definition here
03-12 11:11:03.733  1125  1125 W mediaextractor: libminijail[1125]: compile_file: /apex/com.android.media/etc/seccomp_policy/crash_dump.arm64.policy(42): syscall fstat redefined here
03-12 11:11:03.733  1125  1125 W mediaextractor: libminijail[1125]: compile_file: <fd>(16): previous definition here
03-12 11:11:03.736  1125  1125 W mediaextractor: libminijail[1125]: compile_file: <fd>(76): syscall gettimeofday redefined here
03-12 11:11:03.736  1125  1125 W mediaextractor: libminijail[1125]: compile_file: /apex/com.android.media/etc/seccomp_policy/crash_dump.arm64.policy(12): previous definition here
03-12 11:11:03.736  1125  1125 W mediaextractor: libminijail[1125]: compile_file: <fd>(78): syscall setsockopt redefined here
03-12 11:11:03.736  1125  1125 W mediaextractor: libminijail[1125]: compile_file: <fd>(68): previous definition here
03-12 11:11:03.736  1125  1125 W mediaextractor: libminijail[1125]: compile_file: <fd>(79): syscall clock_gettime redefined here
03-12 11:11:03.736  1125  1125 W mediaextractor: libminijail[1125]: compile_file: /apex/com.android.media/etc/seccomp_policy/crash_dump.arm64.policy(11): previous definition here
03-12 11:11:03.736  1125  1125 W mediaextractor: libminijail[1125]: logging seccomp filter failures
03-12 11:11:03.746  1173  1173 D agps    : [agps][n][MAIN] mtk_agpsd get vendor.agps.submarine.mode=-1
03-12 11:11:03.747  1173  1173 E agps    : [agps] ERR: [MAIN] mtk_agpsd is running ver=4.488.0, submarine_mode=-1
03-12 11:11:03.748  1173  1173 E agps    : [agps] ERR: [MAIN] mtk_agpsd is for Android
03-12 11:11:03.749  1173  1173 D agps    : [agps][n][RPC] get_rpc_interface load from /system/lib64/libviagpsrpc.so
03-12 11:11:03.750  1173  1173 D agps    : [agps][n][RPC] get_rpc_interface load from /vendor/lib64/libviagpsrpc.so
03-12 11:11:03.750  1173  1173 E agps    : [agps] ERR: [C2K_MSG] dlopen error: dlopen failed: library "/vendor/lib64/libviagpsrpc.so" not found
03-12 11:11:03.750  1173  1173 D agps    : [agps] WARNING: [MAIN] cdma_mgr_dlopen_firmware failed
03-12 11:11:03.753  1173  1183 D agps    : [agps][n][eap_mgr] [init] eap proxy normal mode, file:/data/vendor/agps_supl/agnssproxy_mock_mode is_auto_test_enabled:0
03-12 11:11:03.753  1173  1183 D agps    : [agps][n][eap_mgr] Open CLDMA(/dev/ccci_hsapif_agnss) failed, reason=[No such file or directory]2.
03-12 11:11:03.754  1173  1183 I MtkAgpsNative: Enter mtk_agps_up_init
03-12 11:11:03.755  1173  1183 D MtkAgpsNative: rrlp_mod_init(): Init rrlp_ptr_g
03-12 11:11:03.755  1173  1183 I MtkAgpsNative: [????] kal_create_mutex: name(tls_global) 
03-12 11:11:03.755  1173  1183 D MtkAgpsNative: [????] -> idx(0) tbl_mtx_name()  name(tls_global) 
03-12 11:11:03.755  1173  1183 D MtkAgpsNative: [????]   -> empty slot found (0)
03-12 11:11:03.755  1173  1183 D MtkAgpsNative: [????]   -> kal_create_mutex: idx(0) name(tls_global) 
03-12 11:11:03.764  1173  1183 E agps    : [agps] ERR: [MNL] bind failed path=[/data/agps_supl/mnl_to_agps] reason=[No such file or directory]
03-12 11:11:03.764  1173  1183 D agps    : [agps] WARNING: [MNL] it's a Android P version, bind MNL2AGPS_ABSTRACT_SOCK_NAME instead
03-12 11:11:03.766  1173  1183 E agps    : [agps] ERR: [Default] mtk_expat_xml_load2() failed [fopen() No such file or directory] file [/data/vendor/agps_supl/agps_profiles_conf2.xml]
03-12 11:11:03.766  1173  1183 E agps    : [agps] ERR: [Default] mtk_expat_xml_load2() failed [fopen() No such file or directory] file [/data/agps_supl/agps_profiles_conf2.xml]
03-12 11:11:03.766  1173  1183 E agps    : [agps] ERR: [Default] mtk_expat_xml_load2() failed [fopen() No such file or directory] file [/vendor/etc/agps_profiles_conf2.xml]
03-12 11:11:03.778  1173  1183 D agps    : [agps][n][Default] AGPS XML load from /vendor/etc/gnss/agps_profiles_conf2.xml
03-12 11:11:03.778  1173  1183 D agps    : [agps] WARNING: [Default]  =================== agps_xml_dump ===================
03-12 11:11:03.778  1173  1183 D agps    : [agps][n][Default] cur_supl_profile  name=[GOOGLE] addr=[supl.google.com] port=[7275] tls=[1] mcc=[] mcc_mnc=[] is_auto_config=[0] supl_version=[1.0.0] tls_version=[0] sha_version=[0] app_id=[] provider_id=[] default_apn=[] option_apn=[] optional_apn_2=[] addr_type=[] esupl_apn_mode=[0] addr_ni=[] addr_ni_enable=[0]
03-12 11:11:03.778  1173  1183 D agps    : [agps][n][Default] cdma_profile  name=[CDMA1] mcp_enable=[1] mcp_addr=[unprint] mcp_port=[6066] pde_addr_valid=[0] pde_ip_type=[0] pde_addr=[unprint] pde_port=[1111] pde_url_valid=[0] pde_url_addr=[unprint]
03-12 11:11:03.778  1173  1183 D agps    : [agps][n][Default] agps_setting  agps_enable=[1] agps_protocol=[0] gpevt=[0] e911_gps_icon_enable=[0] e911_open_gps=[0] tc10_ignore_fw_config=[0] lppe_hide_wifi_bt_status=[0] lppe_network_location_disable=[0] agps_nvram_enable=[0] lbs_log_enable=[0] lppe_crowd_source_confident=[90] ignore_si_for_e911=[0] use_tc10_config=[0] lppe_def_nlp_enable=[0] emergency_ext_secs=[0]
03-12 11:11:03.778  1173  1183 D agps    : [agps][n][Default] agps_setting  ignore_emergency_ext_secs_from_framework=[0] lppe_dbh_rule=[6,4,2000,2000,1024,1024,0] ssr_protocol=[0] debug_statistic_enable=[0] debug_ne_enable=[0]
03-12 11:11:03.778  1173  1215 D agps    : [agps][n][task] lpp  rcv src=[MOD_LPP_CP] dest=[MOD_LPP_UP] msg=[MSG_ID_LPP_LBS_GNSS_METHOD_UPDATE_REQ]
03-12 11:11:03.778  1173  1183 D agps    : [agps][n][Default] gnss_setting  sib8_16_enable=[1] gps_satellite_enable=[1] glonass_satellite_enable=[1] beidou_satellite_enable=[1] galileo_satellite_enable=[1] a_gps_satellite_enable=[1] a_glonass_satellite_enable=[1] a_beidou_satellite_enable=[1] a_galileo_satellite_enable=[1] a_qzss_enable=[0] a_b1c_enable=[0] a_navic_enable=[0]
03-12 11:11:03.778  1173  1183 D agps    : [agps][n][Default] cp_setting  molr_pos_method=[0] external_addr=[0][0123456789*#+] mlc_number=[0][0123456789*#+] cp_auto_reset=[0] epc_molr_lpp_payload_enable=[0] lpp_payload=[50] reject_non911_nilr_enable=[0] cp_2g_disable=[0] cp_3g_disable=[0] cp_4g_disable=[0]  cp_5g_disable=[0] cp_lppe_enable=[1] cp_lppe_wlan_enable=[1] cp_lppe_srn_enable=[1] cp_lppe_sensor_enable=[1] cp_lppe_dbh_enable=[1] cp_privacy_override=[0] cp_lppe_civic_enable=[1] 
03-12 11:11:03.778  1173  1183 D agps    : [agps][n][Default] cp_setting  tc10_cp_lpp_guard_time_sec=[-1] tc10_cp_capability_ctrl=[0]0 cp_gvc_enable=[0] cp_ssr_enable=[1]
03-12 11:11:03.778  1173  1183 D agps    : [agps][n][Utility] agps_dump_buf=lpp_payload  0xd2,0x00,0x00,0x10,0x23,0x7b,0x20,0x26,0x40,0x4f,0xb8,0x00,0x72,0x02,0xbf,0xff,0xff,0xff,0xf8,0x00,0x00,0x00,0x00,0x20,0xc0,0x00,0x01,0x00,0x94,0x0f,0xb9,0x00,
03-12 11:11:03.778  1173  1183 D agps    : [agps][n][Utility] agps_dump_buf=lpp_payload  0x12,0x02,0xb7,0xff,0xff,0xf8,0x00,0x00,0x00,0x00,0x00,0x61,0x80,0x00,0x02,0x01,0x8a,0x00,
03-12 11:11:03.778  1173  1183 D agps    : [agps][n][Default] up_setting  ca_enable=[1] ni_request=[1] roaming=[1] cdma_preferred=[0] pref_method=[1] supl_version=[2.0.4]
03-12 11:11:03.778  1173  1183 D agps    : [agps][n][Default] up_setting  tls_version=[1] sha_version=[0] supl_log=[0] msa=[1] msb=[1] ecid=[1] otdoa=[1] autonomous=[1] aflt=[0] hacc=[22] vacc=[0]
03-12 11:11:03.778  1173  1183 D agps    : [agps][n][Default] up_setting  loc_age=[0] delay=[0] udp_port_enable=[0] dedicated_apn_enable=[0] preferred_2g3g_cell_age=[0] lpp_enable=[1] ip_version_prefer[0]
03-12 11:11:03.778  1173  1183 D agps    : [agps][n][Default] up_setting  cert_from_sdcard=[0] auto_profile_enable=[0] ut1=[11] ut2=[11] ut3=[10] sync_to_slp=[0] imsi_enable=[0] no_sensitive_log=[1] tls_reuse_enable=[0]
03-12 11:11:03.778  1173  1183 D agps    : [agps][n][Default] up_setting  imsi_cache_enable=[0] supl_raw_data_enable=[0] tc10_enable=[0] tc10_use_apn=[si 0, ni 0] tc10_use_fw_dns=[0] tc10_supl_1_0_disable=[0] allow_ni_for_gps_off=[0]
03-12 11:11:03.778  1173  1183 D agps    : [agps][n][Default] up_setting  force_otdoa_assist_req=[0] up_lppe_enable=[1] esupl_apn_mode=[0] tcp_keepalive=[4] aosp_profile_enable=[0] bind_nlp_setting_to_supl=[0] up_lppe_wlan_enable=[1] up_lppe_srn_enable=[1] up_lppe_sensor_enable=[1] up_lppe_dbh_enable=[1] operation_mode=[0] up_lppe_civic_enable=[1]
03-12 11:11:03.778  1173  1183 D agps    : [agps][n][Default] up_setting  up_lpp_in_2g3g_disable=[0] up_rrlp_in_4g_disable=[0] up_si_disable=[0] use_ni_slp=[1] aosp_pos_mode_enable=[0] privacy_override_mode=[0] glonass_msa_enable=[1] glonass_msb_enable=[1] beidou_msa_enable=[1] beidou_msb_enable=[1] galileo_msa_enable=[1] galileo_msb_enable=[1]
03-12 11:11:03.778  1173  1183 D agps    : [agps][n][Default] up_setting  tc10_supl_ssl_method=[0] tc10_auto_supl_ver_for_ni=[0] tc10_supl_ver_skt_ni=[0] tc10_use_rrlp_google_supl=[0] tc10_supl2_cap_ext_disable=[0] tc10_auto_supl_ver_for_eni=[0] multiple_location_id_enable=[1] up_ssr_enable=[1] customer_ca_path=[] eap_proxy_enable=[0] freq_Otdoa_enable=[1] lpp_r16_ha_gad_enable=[1]
03-12 11:11:03.778  1173  1183 D agps    : [agps][n][Default] up_setting  eap_carrier_cfg_template=[]
03-12 11:11:03.778  1173  1183 D agps    : [agps][n][Default] cur_up_ssr_profile  name=[ssr_caict] addr=[supl.bd-caict.com] port=[7275] tls=[1] supl_version=[2.0.0] tls_version=[1] sha_version=[0] dedicated_apn_enable=[0]
03-12 11:11:03.778  1173  1183 D agps    : [agps] WARNING: [KEY_VALUE] load_key_value_list() fopen() failed for path=[/mnt/vendor/nvcfg/agps_nvram.txt], reason=[No such file or directory]2
03-12 11:11:03.778  1173  1183 D agps    : [agps] WARNING: [AGPS] load agps_nvram.txt failure
03-12 11:11:03.779  1173  1183 D agps    : [agps][n][AGPS] [MNL] write  agps_reboot
03-12 11:11:03.779  1173  1183 D agps    : [agps][n][AGPS] [MNL] write  agps2mnl_version_query  sib8_16=[1], gps=[1] glonass=[1] beidou=[1] galileo=[1] agps=[1] aglonass=[1] abeidou=[1] agalileo=[1] qzss=[0] navic=[0] aqzss=[0] anavic=[0]
03-12 11:11:03.779  1173  1183 E mtk_socket: ERR: mtk_socket_connect_local() connect() failed reason=[Connection refused]111 for path=[mtk_agpsd2debugService]
03-12 11:11:03.779  1173  1183 E mtk_socket: ERR: Agps2DebugInterface_agpsUpdateReboot() mtk_socket_client_connect() failed
03-12 11:11:03.780  1118  1172 W MNLD    : agps_reboot: agps_reboot
03-12 11:11:03.780  1118  1172 D MNL2AGPS: mnl2agps_update_gnss_access_control: mnl2agps_update_gnss_access_control allowed=0
03-12 11:11:03.780  1118  1172 W MNLD    : mnld_fsm: mnld_fsm() state=[IDLE] event=[STOP], user=0x00000000
03-12 11:11:03.780  1118  1172 D MNLD    : agps_version_query: agps setting, sib8_16_enable = 1, gps_sat_en = 1, glonass_sat_en = 1,             beidou_sat_en = 1, galileo_sat_en = 1, a_glonass_sat_en = 1,             a_gps_satellite_enable = 1, a_beidou_satellite_enable = 1, a_galileo_satellite_enable = 1, lppe_enable=1
03-12 11:11:03.780  1118  1172 D MNL2AGPS: mnl2agps_agps_settings_ack: mnl2agps_agps_settings_ack
03-12 11:11:03.780  1118  1172 D MNLD    : agps_version_query: [AMU]sent AM version capability
03-12 11:11:03.786  1151  1151 I libMtcLoader: loadmtc loadmtc done
03-12 11:11:03.787  1153  1153 I thermal_src: big tpcb jump! previous/current = 0/42000
03-12 11:11:03.794   958  1050 D libMEOW : meow new tls: 0xb400006dfdb32030
03-12 11:11:03.796  1173  1183 D agps    : [agps] WARNING: [CP] get_ccci_uart  is not a tty
03-12 11:11:03.796  1173  1183 D agps    : [agps] WARNING: [CP] get_ccci_uart  [/dev/ttyC2] success
03-12 11:11:03.796  1173  1183 D agps    : [agps][n][CP] ccci_uart_1  open success
03-12 11:11:03.796  1173  1183 D agps    : [agps][n][CP] [MD_1] write  sim_info_req  gsm_disabled=[0] umts_disabled=[0] lte_disabled=[0] nr_disabled=[0] lppe_enable=[1] lppe_network_location_disable=[0] reject_non911_nilr_enable=[0] battery_percentage=[100] cp_guard_time=[0]0 cp_capability_ctrl=[0]0 support_magnss=1 lpp_r16_ha_gad_enable=1
03-12 11:11:03.796  1173  1183 E MtkAgpsNative: safe_write reason=[No such device]19
03-12 11:11:03.796  1173  1183 E agps    : [agps] ERR: [CP] get_ccci_uart  open failed node=[/dev/ccci2_tty2] reason=[No such file or directory]
03-12 11:11:03.796  1173  1183 E agps    : [agps] ERR: [CP] ccci_uart_2  open failed
03-12 11:11:03.796  1173  1183 E agps    :  ERR: [AGPS2WIFI] bind failed path=[/data/agps_supl/wifi_2_agps] reason=[No such file or directory]
03-12 11:11:03.796  1173  1183 E agps    :  ERR: [AGPS2WIFI] set_socket_blocking  invalid fd=-1
03-12 11:11:03.796  1173  1183 E agps    : [agps] ERR: [WIFI] wifi_mgr_init  create_wifi2agps_fd failed
03-12 11:11:03.796  1173  1183 D agps    : [agps][n][C2K_MSG] c2k_msg_set_handler(0, 0x0x5a4245ded0)
03-12 11:11:03.796  1173  1183 D agps    : [agps][n][C2K_MSG] c2k_msg_set_handler(1, 0x0x5a4245e050)
03-12 11:11:03.796  1173  1183 D agps    : [agps][n][C2K_MSG] c2k_msg_set_handler(2, 0x0x5a4245e180)
03-12 11:11:03.796  1173  1183 D agps    : [agps][n][C2K_MSG] c2k_msg_set_handler(3, 0x0x5a4245e3c0)
03-12 11:11:03.796  1173  1183 D agps    : [agps][n][C2K_MSG] c2k_msg_set_handler(4, 0x0x5a4245e440)
03-12 11:11:03.796  1173  1183 D agps    : [agps][n][C2K_MSG] c2k_msg_set_handler(5, 0x0x5a4245e500)
03-12 11:11:03.796  1173  1183 D agps    : [agps][n][C2K_MSG] c2k_msg_set_handler(6, 0x0x5a4245e530)
03-12 11:11:03.796  1173  1183 D agps    : [agps][n][C2K_MSG] c2k_msg_set_handler(7, 0x0x5a4245e5f0)
03-12 11:11:03.796  1173  1183 D agps    : [agps][n][C2K_MSG] c2k_msg_set_handler(8, 0x0x5a4245ed70)
03-12 11:11:03.796  1173  1183 D agps    : [agps] WARNING: [LPPe] lppe_mgr_start_capabilities_sync()
03-12 11:11:03.796  1173  1183 E mtk_socket: ERR: mtk_socket_connect_local() connect() failed reason=[Connection refused]111 for path=[mtk_lppe_socket_wlan]
03-12 11:11:03.796  1173  1183 E mtk_socket: ERR: LPPeWlan_requestCapabilities() mtk_socket_client_connect() failed
03-12 11:11:03.796  1173  1183 E mtk_socket: ERR: mtk_socket_connect_local() connect() failed reason=[Connection refused]111 for path=[mtk_lppe_socket_bt]
03-12 11:11:03.796  1173  1183 E mtk_socket: ERR: LPPeBluetooth_requestCapabilities() mtk_socket_client_connect() failed
03-12 11:11:03.796  1173  1183 E mtk_socket: ERR: mtk_socket_connect_local() connect() failed reason=[Connection refused]111 for path=[mtk_lppe_socket_sensor]
03-12 11:11:03.796  1173  1183 E mtk_socket: ERR: LPPeSensor_requestCapabilities() mtk_socket_client_connect() failed
03-12 11:11:03.796  1173  1183 E mtk_socket: ERR: mtk_socket_connect_local() connect() failed reason=[Connection refused]111 for path=[mtk_lppe_socket_network]
03-12 11:11:03.796  1173  1183 E mtk_socket: ERR: LPPeNetwork_requestCapabilities() mtk_socket_client_connect() failed
03-12 11:11:03.796  1173  1183 E mtk_socket: ERR: mtk_socket_connect_local() connect() failed reason=[Connection refused]111 for path=[mtk_lppe_socket_ipaddr]
03-12 11:11:03.796  1173  1183 E mtk_socket: ERR: LPPeIpAddress_requestCapabilities() mtk_socket_client_connect() failed
03-12 11:11:03.796  1173  1183 E mtk_socket: ERR: mtk_socket_connect_local() connect() failed reason=[Connection refused]111 for path=[mtk_lppe_socket_lbs]
