03-12 11:11:04.642   941   941 D AudioUtilmtk: MTK_BLE_PHONECALL : 0
03-12 11:11:04.642   941   941 D AudioUtilmtk: MTK_USING_VENDOR_S: 0
03-12 11:11:04.642   941   941 D AudioUtilmtk: MTK_USING_VENDOR_T: 0
03-12 11:11:04.642   941   941 D AudioUtilmtk: MTK_USING_VENDOR_BEFORE_V: 1 API_LEVEL 0
03-12 11:11:04.642   941   941 D AudioUtilmtk: MTK_SPATIALIZER_SUPPORT_STEREO: 0
03-12 11:11:04.643   941   941 D AudioUtilmtk: MTK_SPATIALIZER_LATENCY_LOG: 0
03-12 11:11:04.643   941   941 D AudioUtilmtk: MTK_MBRAIN_MODE: 0
03-12 11:11:04.647   941   941 D Hal2AidlMapper: 0xb400006e8f2b01b0 prepareToOpenStream: handle 13, device AudioDevice{type: AudioDeviceDescription{type: OUT_SPEAKER, connection: }, address: AudioDeviceAddress{id: }}, flags AudioIoFlags{output: 6}, source SYS_RESERVED_INVALID, config AudioConfig{base: AudioConfigBase{sampleRate: 48000, channelMask: AudioChannelLayout{layoutMask: 3}, format: AudioFormatDescription{type: PCM, pcm: INT_32_BIT, encoding: }}, offloadInfo: AudioOffloadInfo{base: AudioConfigBase{sampleRate: 0, channelMask: AudioChannelLayout{none: 0}, format: AudioFormatDescription{type: DEFAULT, pcm: DEFAULT, encoding: }}, streamType: VOICE_CALL, bitRatePerSecond: 0, durationUs: 0, hasVideo: false, isStreaming: false, bitWidth: 16, offloadBufferSize: 0, usage: UNKNOWN, encapsulationMode: NONE, contentId: 0, syncId: 0}, frameCount: 0}, mix port config AudioPortConfig{id: 0, portId: 0, sampleRate: (null), channelMask: (null), format: (null), gain: (null), flags: (null), ext: AudioPortExt{unspecified: false}}
03-12 11:11:04.647   892   892 D AHAL_Module: setAudioPortConfigImpl: default: requested AudioPortConfig{id: 0, portId: 2, sampleRate: Int{value: 48000}, channelMask: AudioChannelLayout{layoutMask: 3}, format: AudioFormatDescription{type: PCM, pcm: INT_32_BIT, encoding: }, gain: (null), flags: (null), ext: AudioPortExt{unspecified: false}}
03-12 11:11:04.647   892   892 D AHAL_Module: setAudioPortConfigImpl: default: not applied; existing config ? 0; requested is valid? 1, fully specified? 0
03-12 11:11:04.647   892   892 D AHAL_Module: setAudioPortConfigImpl: default: requested AudioPortConfig{id: 0, portId: 2, sampleRate: Int{value: 48000}, channelMask: AudioChannelLayout{layoutMask: 3}, format: AudioFormatDescription{type: PCM, pcm: INT_32_BIT, encoding: }, gain: (null), flags: AudioIoFlags{output: 0}, ext: AudioPortExt{device: AudioPortDeviceExt{device: AudioDevice{type: AudioDeviceDescription{type: OUT_SPEAKER, connection: }, address: AudioDeviceAddress{id: }}, flags: 1, encodedFormats: [], encapsulationModes: 0, encapsulationMetadataTypes: 0}}}
03-12 11:11:04.647   892   892 D AHAL_Module: setAudioPortConfigImpl: default: created new port config AudioPortConfig{id: 36, portId: 2, sampleRate: Int{value: 48000}, channelMask: AudioChannelLayout{layoutMask: 3}, format: AudioFormatDescription{type: PCM, pcm: INT_32_BIT, encoding: }, gain: (null), flags: AudioIoFlags{output: 0}, ext: AudioPortExt{device: AudioPortDeviceExt{device: AudioDevice{type: AudioDeviceDescription{type: OUT_SPEAKER, connection: }, address: AudioDeviceAddress{id: }}, flags: 1, encodedFormats: [], encapsulationModes: 0, encapsulationMetadataTypes: 0}}}
03-12 11:11:04.647   892   892 D AHAL_Module: setAudioPortConfigImpl: default: requested AudioPortConfig{id: 0, portId: 25, sampleRate: Int{value: 48000}, channelMask: AudioChannelLayout{layoutMask: 3}, format: AudioFormatDescription{type: PCM, pcm: INT_32_BIT, encoding: }, gain: (null), flags: AudioIoFlags{output: 6}, ext: AudioPortExt{mix: AudioPortMixExt{handle: 13, usecase: AudioPortMixExtUseCase{unspecified: false}, maxOpenStreamCount: 0, maxActiveStreamCount: 0, recommendedMuteDurationMs: 0}}}
03-12 11:11:04.647   892   892 D AHAL_Module: setAudioPortConfigImpl: default: created new port config AudioPortConfig{id: 37, portId: 25, sampleRate: Int{value: 48000}, channelMask: AudioChannelLayout{layoutMask: 3}, format: AudioFormatDescription{type: PCM, pcm: INT_32_BIT, encoding: }, gain: (null), flags: AudioIoFlags{output: 6}, ext: AudioPortExt{mix: AudioPortMixExt{handle: 13, usecase: AudioPortMixExtUseCase{unspecified: false}, maxOpenStreamCount: 1, maxActiveStreamCount: 1, recommendedMuteDurationMs: 0}}}
03-12 11:11:04.650   892  1113 D AHAL_Module: setAudioPatch: default: requested patch AudioPatch{id: 0, sourcePortConfigIds: [37], sinkPortConfigIds: [36], minimumStreamBufferSizeFrames: 0, latenciesMs: []}
03-12 11:11:04.650   892  1113 D AudioALSAStreamManager: calculateOutLatencyAndFrames(), flags 0x6, latency 10, frame count 256
03-12 11:11:04.650   892  1113 D MTKAdapterLayer: setAudioPatch(), patch.mLatency: 10 patch.mFrameCount: 256
03-12 11:11:04.651   892  1113 D AHAL_Module: setAudioPatch: default: created patch AudioPatch{id: 1, sourcePortConfigIds: [37], sinkPortConfigIds: [36], minimumStreamBufferSizeFrames: 256, latenciesMs: [10]}
03-12 11:11:04.653   892  1113 D AHAL_Module: openOutputStream: default: port config id 37, has offload info? 0, buffer size 256 frames
03-12 11:11:04.654   892  1113 D MTKAdapterLayer: openOutputStream(), output flag: 6handle: 13
03-12 11:11:04.654   892  1113 D AudioALSAHardware: -openOutputStreamWithFlags(0x1) 0x6: fmt:0x3 ch:0x3 rs:48000
03-12 11:11:04.654   892  1113 D AudioALSASampleRateController: setPrimaryStreamOutSampleRate(), update mPrimaryStreamOutSampleRate: 44100 => 48000
03-12 11:11:04.654   892  1113 D AudioALSAStreamOut: set(), devices: 0x2, format: 0x3/0x3, channels: 0x3/0x2, sampleRate: 48000/48000, flags: 0x6, latency: 10, buffer_size: 2048
03-12 11:11:04.654   892  1113 D AudioALSAHardware: +createAudioPatch() num_sources [1] , num_sinks [1], handle [0x0], current mAudioHalPatchVector size 0
03-12 11:11:04.654   892  1113 D AudioALSAStreamManager: +setParameters(), IOport = 13, keyValuePairs = routing=2
03-12 11:11:04.654   892  1113 D AudioALSAStreamManager: setParameters(), Send to mStreamOutVector[0], flag 6
03-12 11:11:04.654   892  1113 D AudioALSAStreamOut: value_str = 2 devices count = 1
03-12 11:11:04.654   892  1113 D AudioALSAStreamOut: updatePolicyDevice(), flag: 0x6, device: 0x2
03-12 11:11:04.654   892  1113 W AudioALSAStreamManager: routingOutputDevice(), flag: 0x6, output_devices == current_output_devices(0x2), return
03-12 11:11:04.654   892  1113 D AudioALSAHardware: -createAudioPatch() num_sources [1] , num_sinks [1], handle [0x1]
03-12 11:11:04.655  1118  1154 E mnld    : thread_adc_capture_init: set IOCTL_EMI_MEMORY_INIT failed,(Operation not permitted)
03-12 11:11:04.655  1118  1154 D mnld    : thread_adc_capture_init: ADC init successful and thread exit done, ADC emi address:(0x00000000)
03-12 11:11:04.658   897  1385 W hwcomposer: [EVENT] monitorActiveThread: timeout check dpy:0 idx:14583770897 deadline:14814321051  
03-12 11:11:04.660   883   883 D Netd    : ip6tables-restore process 908 terminated status=256
03-12 11:11:04.665   892  1113 D MTKAdapterStreamLayer: updateMetadataCommon(), 
03-12 11:11:04.665   892  1113 I AudioALSAStreamOut: updateSourceMetadata(), do nothing source_metadata = 0x76d8ceea78
03-12 11:11:04.665   892  1113 D AHAL_Stream: StreamOutStub: EvenDebug check! is not offload
03-12 11:11:04.666   892  1113 I AHAL_Stream: setConnectedDevices: Device type OUT_SPEAKER
03-12 11:11:04.676  1118  1165 W mnld_pwr_interface: mnld_pwr_open: mnld_pwr_open, /dev/gps_pwr failed:No such file or directory
03-12 11:11:04.676  1118  1165 E mnld_pwr_interface: mnld_pwr_control_thread: mnld_pwr_open failed, No such file or directory, retry:1
03-12 11:11:04.676   897  1385 W hwcomposer: [EVENT] monitorActiveThread: timeout check dpy:0 idx:14583770897 deadline:14831259513  
03-12 11:11:04.682  1232  1232 I NetdagentFirewall: setupIptablesHooks done in oem_iptables_init
03-12 11:11:04.683  1232  1232 I NetdagentController: Initializing iptables: 813.7ms
03-12 11:11:04.683  1232  1232 I Netdagent:  Create CommandService  successfully
03-12 11:11:04.684  1232  1430 D NetdagentService: vendor.mediatek.hardware.netdagent.INetdagents/default register service
03-12 11:11:04.686   941   941 D StreamHalAidl: 0xb40000705f2a9ad0 StreamOutHalAidl::getFrameSize
03-12 11:11:04.693   897  1385 W hwcomposer: [EVENT] monitorActiveThread: timeout check dpy:0 idx:14583770897 deadline:14849228513  
03-12 11:11:04.698   883   883 I netd    : Enabling bandwidth control: 179792us
03-12 11:11:04.699  1310  1342 I [BIP]   :  [BIP NL] IPv6: *:*:*:*:*:*:*:*
03-12 11:11:04.699  1310  1342 I [BIP]   :  [BIP NL] IPv6: *:*:*:*:*:*:*:*
03-12 11:11:04.700  1310  1342 I [BIP]   :  [BIP NL] IPv6: *:*:*:*:*:*:*:*
03-12 11:11:04.700   941   941 I AudioFlinger_Threads: operator(): Using 1000 ms as standby time
03-12 11:11:04.700   941   941 D AudioFlinger_Threads: sSRCAndEffectCountThreshold = 5
03-12 11:11:04.700   941   941 D StreamHalAidl: 0xb40000705f2a9ad0 StreamOutHalAidl::getBufferSize
03-12 11:11:04.700   941   941 I AudioFlinger_Threads: HAL output buffer size 256 frames, normal sink buffer size 768 frames
03-12 11:11:04.701   941   941 I FactoryHal: hasAidlHalService android.hardware.audio.effect.IFactory/default: true, version AudioHalVersion{type: AIDL, major: 1, minor: 0}
03-12 11:11:04.702   883   883 I netd    : Initializing RouteController: 4375us
03-12 11:11:04.702   883   883 D XfrmController: XfrmController::ipSecAddXfrmInterface, line=1495
03-12 11:11:04.703   883   883 D XfrmController: XfrmController::ipSecRemoveTunnelInterface, line=1708
03-12 11:11:04.703   883   883 D XfrmController: deviceName=ipsec_test
03-12 11:11:04.708   941   941 I FactoryHal: hasAidlHalService android.hardware.audio.core.IModule/default: true, version AudioHalVersion{type: AIDL, major: 1, minor: 0}
03-12 11:11:04.713   897  1385 W hwcomposer: [EVENT] monitorActiveThread: timeout check dpy:0 idx:14583770897 deadline:14866138359  
03-12 11:11:04.717   941   941 I EffectsFactoryHalAidl: EffectsFactoryHalAidl with 24 nonProxyEffects and 0 proxyEffects
03-12 11:11:04.717   941   941 I BufferProvider: found effect "Multichannel Downmix To Stereo" from The Android Open Source Project
03-12 11:11:04.717   941   941 I BufferProvider: found effect "DAP_game" from Dolby Laboratories
03-12 11:11:04.717   941   941 D StreamHalAidl: 0xb40000705f2a9ad0 StreamOutHalAidl::getBufferSize
03-12 11:11:04.724   941  1432 I AudioFlinger_Threads: AudioFlinger's thread 0xb4000070fde3b7b0 tid=1432 ready to run
03-12 11:11:04.724   892   892 D AHAL_Stream: getRecommendedLatencyModes
03-12 11:11:04.727   941  1432 W AudioFlinger_Threads: no wake lock to update, system not ready yet
03-12 11:11:04.727   941  1432 D AudioFlinger_Threads: ro.audio.silent is ignored since no output device is set
03-12 11:11:04.727   941  1432 D StreamHalAidl: setParameters: parameters: "routing=2"
03-12 11:11:04.727   941  1432 D StreamHalAidl: setParameters: parameters: routing=2
03-12 11:11:04.727   892   892 D AudioALSAStreamOut: value_str = 2 devices count = 1
03-12 11:11:04.727   892   892 D AudioALSAStreamOut: updatePolicyDevice(), flag: 0x6, device: 0x2
03-12 11:11:04.728   892   892 W AudioALSAStreamManager: routingOutputDevice(), flag: 0x6, output_devices == current_output_devices(0x2), return
03-12 11:11:04.728   941  1432 D StreamHalAidl: setParameters: parameters: "NoAudioTrack=1"
03-12 11:11:04.728   941  1432 D StreamHalAidl: setParameters: parameters: NoAudioTrack=1
03-12 11:11:04.728   941  1432 D StreamHalAidl: 0xb40000705f2a9ad0 StreamOutHalAidl::standby
03-12 11:11:04.729   892   892 D AudioALSAHardware: -getParameters(), return ""
03-12 11:11:04.730   897  1385 W hwcomposer: [EVENT] monitorActiveThread: timeout check dpy:0 idx:14583770897 deadline:14886306590  
03-12 11:11:04.730   892   892 D AudioALSAHardware: -getParameters(), return ""
03-12 11:11:04.731   892   892 D AudioALSAHardware: -getParameters(), return ""
03-12 11:11:04.732   941   941 D AudioPolicyManagerCustomImpl: appOpsOpenAppLibs(), init AppOps struct, lib is libaudio_param_parser-sys@aidl.so
03-12 11:11:04.733   941   941 D AudioParamParser-sys: tryAudioHalService(), Got MtkAudioService...
03-12 11:11:04.733   941   941 D AudioParamParser-sys: appHandleRegXmlChangedCb(), appHandle = 0x0x6e466650d0, callbackFun = 0x0x70fd9b6a7c
03-12 11:11:04.733   883   883 D XfrmController: Sending Netlink XFRM Message: XFRM_MSG_FLUSHSA
03-12 11:11:04.733   883   883 D XfrmController: Sending Netlink XFRM Message: XFRM_MSG_FLUSHPOLICY
03-12 11:11:04.733   941   941 D AudioParamParser-sys: registerAudioParameterChangedCallback(), Got MtkAudioService...
03-12 11:11:04.733   883   883 I netd    : Initializing XfrmController: 31592us
03-12 11:11:04.734   892   892 I android.hardware.audio.service-aidl.mediatek: setAudioParameterChangedCallback(): callback = 0xb4000076ecd549c0
03-12 11:11:04.734   892   892 I android.hardware.audio.service-aidl.mediatek: openAudioHal(): Load path = /vendor/lib64/hw/audio.primary.mt6768.so
03-12 11:11:04.734   892   892 I android.hardware.audio.service-aidl.mediatek: openAudioHal(): func1 = 1
03-12 11:11:04.734   892   892 I android.hardware.audio.service-aidl.mediatek: openAudioHal(): dlopen success gAudioMTKHardware
03-12 11:11:04.734   892   892 D AudioALSAHardware: setAudioParameterChangedCallback(), add callback = 0x0x7982535b50, cookie = 0x0xb4000078cca99c70, callback size = 0->1
03-12 11:11:04.735   892   892 E android.hardware.audio.service-aidl.mediatek: setAudioParameterChangedCallback(): iter = NUL
03-12 11:11:04.735   941   941 D AudioParamParser-sys: registerAudioParameterChangedCallback(), registerAudioParameterChangedCallback(), callback function = 0xb400006fdf2b6e30, gPid = 941
03-12 11:11:04.735   941   941 D AudioPolicyManagerCustomImpl: Register gainTableACFXmlChangedCb
03-12 11:11:04.735   892   892 D AudioALSAHardware: getParameters(), GetGainTableSceneCount, sceneCount = 4
03-12 11:11:04.735   892   892 D AudioALSAHardware: -getParameters(), return "GetGainTableSceneCount=4"
03-12 11:11:04.736   892   892 D AudioALSAHardware: GetAudioCommonData(), par1=0x103, len=84080
03-12 11:11:04.737   892   892 D AudioALSAHardware: GetAudioEncodedBuffer(), after encode (AAAAAP8SAAAALBIAAAAcEgAAABASAAAABBIAAAAAEAAAAAANAAAAAAoAAAAABgAAAAAAAAAAAAAAAAAAAAAAAAAAAAAAAAAAAAAAAAAAAAAAAAAA/wAGAABsAAYAAGAABgAAVAAGAABIAAYAADwABgAAMAAGAAAkAAYAABQABgAAAAAAAAAAAAAAAAAAAAAAAAAAAAAAAAAAAAAAAAAAAAAAAAD/AAAACYAAAAAJdAAAAAloAAAACVwAAAAJUAAAAAlEAAAACTgAAAAJLAAAAAkAAAAAAAAAAAAAAAAAAAAAAAAAAAAAAAAAAAAAAAAAAAAAAP8ABgAAbAAGAABgAAYAAFQABgAASAAGAAA8AAYAADAABgAAJAAGAAAYAAYAAAAAAAAAAAAAAAAAAAAAAAAAAAAAAAAAAAAAAAAAAAAAAAAAAAAAAAAAAAAAAAAAAAAAAAAAAAAAAAAAAAAAAAAAAAAAAAAAAAAAAAAAAAAAAAAAAAAAAAAAAAAAAAAAAAAAAAAAAAAAAAAAAAAAAAAAAAD/AAYAAGwABgAAYAAGAABUAAYAAEgABgAAPAAGAAAwAAYAACQABgAAGAAGAAAAAAAAAAAAAAAAAAAAAAAAAAAAAAAAAAAAAAAAAAAAAAAAAP8ABgAAbAAGAABgAAYAAFQABgAASAAGAAA8AAYAADAABgAAJAAGAAAYAAYAAAAAAAAAAAAAAAAAAAAAAAAAAAAAAAAAAAAAAAAAAAAAAAAA/xIAAAAQEgAAAAQSAAAAABAAAAAADQAAAAAKAAAAAAcAAAAABAAAAAABAAAAAAAAAAAAAAAAAAAAAAAAAAAAAAAAAAAAAAAAAAAAAAAAAAAAAAAAAAAAAAAAAAAAAAAAAAAAAAAAAAAAAAAAAAAAAAAAAAAAAAAAAAAAAAAAAAAAAAAAAAAAAAAAAAAAAAAAAAAAAAAAAAAAAAAAAAAAAAAAAAAAAAAAAAAAAAAA
03-12 11:11:04.737   892   892 D AudioALSAHardware: -getParameters(), return "GetGainTableSceneTable=AAAAAP8SAAAALBIAAAAcEgAAABASAAAABBIAAAAAEAAAAAANAAAAAAoAAAAABgAAAAAAAAAAAAAAAAAAAAAAAAAAAAAAAAAAAAAAAAAAAAAAAAAA/wAGAABsAAYAAGAABgAAVAAGAABIAAYAADwABgAAMAAGAAAkAAYAABQABgAAAAAAAAAAAAAAAAAAAAAAAAAAAAAAAAAAAAAAAAAAAAAAAAD/AAAACYAAAAAJdAAAAAloAAAACVwAAAAJUAAAAAlEAAAACTgAAAAJLAAAAAkAAAAAAAAAAAAAAAAAAAAAAAAAAAAAAAAAAAAAAAAAAAAAAP8ABgAAbAAGAABgAAYAAFQABgAASAAGAAA8AAYAADAABgAAJAAGAAAYAAYAAAAAAAAAAAAAAAAAAAAAAAAAAAAAAAAAAAAAAAAAAAAAAAAAAAAAAAAAAAAAAAAAAAAAAAAAAAAAAAAAAAAAAAAAAAAAAAAAAAAAAAAAAAAAAAAAAAAAAAAAAAAAAAAAAAAAAAAAAAAAAAAAAAAAAAAAAAD/AAYAAGwABgAAYAAGAABUAAYAAEgABgAAPAAGAAAwAAYAACQABgAAGAAGAAAAAAAAAAAAAAAAAAAAAAAAAAAAAAAAAAAAAAAAAAAAAAAAAP8ABgAAbAAGAABgAAYAAFQABgAASAAGAAA8AAYAADAABgAAJAAGAAAYAAYAAAAAAAAAAAAAAAAAAAAAAAAAAAAAAAAAAAAAAAAAAAAAAAAA/xIAAAAQEgAAAAQSAAAAABAAAAAADQAAAAAKAAAAAAcAAAAABAAAAAABAAAAAAAAAAAAAAAAAAAAAAAAAAAAAAAAAAAAAAAAAAAAAAAAAAAAAAAAAAAAAAAAAAAAAAAAAAAAAAAAAAAAAAAAAAAAAAAAAAAAAAAAAAAAAAAAAAAAAAAAAAAAAAAAAAAAAAAAAAAAAAAAAAAAAAAAAAAAAAAAAAAAAA
03-12 11:11:04.744   892   892 D AudioALSAHardware: GetAudioCommonData(), par1=0x104, len=19040
03-12 11:11:04.745   892   892 D AudioALSAHardware: GetAudioEncodedBuffer(), after encode (AAAAAP8SAAAAIBIAAAAUEgAAAAgSAAAAABEAAAAADgAAAAALAAAAAAgAAAAABQAAAAAAAAAAAAAAAAAAAAAAAAAAAAAAAAAAAAAAAAAAAAAAAAAA/wAGAABgAAYAAFQABgAASAAGAAA8AAYAADAABgAAJAAGAAAYAAYAAAwABgAAAAAAAAAAAAAAAAAAAAAAAAAAAAAAAAAAAAAAAAAAAAAAAAD/AAAACWAAAAAJVAAAAAlIAAAACTwAAAAJMAAAAAkkAAAACRgAAAAJDAAAAAkAAAAAAAAAAAAAAAAAAAAAAAAAAAAAAAAAAAAAAAAAAAAAAP8ABgAAcAAGAABgAAYAAFQABgAASAAGAAA8AAYAADAABgAAJAAGAAAYAAYAAAAAAAAAAAAAAAAAAAAAAAAAAAAAAAAAAAAAAAAAAAAAAAAAAAAAAAAAAAAAAAAAAAAAAAAAAAAAAAAAAAAAAAAAAAAAAAAAAAAAAAAAAAAAAAAAAAAAAAAAAAAAAAAAAAAAAAAAAAAAAAAAAAAAAAAAAAD/AAYAAGwABgAAYAAGAABUAAYAAEgABgAAPAAGAAAwAAYAACQABgAAAAAGAAAAAAAAAAAAAAAAAAAAAAAAAAAAAAAAAAAAAAAAAAAAAAAAAP8ABgAAbAAGAABgAAYAAFQABgAASAAGAAA8AAYAADAABgAAJAAGAAAAAAYAAAAAAAAAAAAAAAAAAAAAAAAAAAAAAAAAAAAAAAAAAAAAAAAA/xIAAAAgEgAAABQSAAAACBIAAAAAEQAAAAAOAAAAAAsAAAAACAAAAAAFAAAAAAAAAAAAAAAAAAAAAAAAAAAAAAAAAAAAAAAAAAAAAAAAAAD/AAAAAMAAAAAAhAAAAABkAAAAAEwAAAAANAAAAAAYAAAAAAwAAAAAAAAAAAAAAAAAAAAAAAAAAAAAAAAAAAAAAAAAAAAAAAAAAAAAAAAAAP8ABgAAYAAGAABUAAYA
03-12 11:11:04.745   892   892 D AudioALSAHardware: -getParameters(), return "GetGainTableNonSceneTable=AAAAAP8SAAAAIBIAAAAUEgAAAAgSAAAAABEAAAAADgAAAAALAAAAAAgAAAAABQAAAAAAAAAAAAAAAAAAAAAAAAAAAAAAAAAAAAAAAAAAAAAAAAAA/wAGAABgAAYAAFQABgAASAAGAAA8AAYAADAABgAAJAAGAAAYAAYAAAwABgAAAAAAAAAAAAAAAAAAAAAAAAAAAAAAAAAAAAAAAAAAAAAAAAD/AAAACWAAAAAJVAAAAAlIAAAACTwAAAAJMAAAAAkkAAAACRgAAAAJDAAAAAkAAAAAAAAAAAAAAAAAAAAAAAAAAAAAAAAAAAAAAAAAAAAAAP8ABgAAcAAGAABgAAYAAFQABgAASAAGAAA8AAYAADAABgAAJAAGAAAYAAYAAAAAAAAAAAAAAAAAAAAAAAAAAAAAAAAAAAAAAAAAAAAAAAAAAAAAAAAAAAAAAAAAAAAAAAAAAAAAAAAAAAAAAAAAAAAAAAAAAAAAAAAAAAAAAAAAAAAAAAAAAAAAAAAAAAAAAAAAAAAAAAAAAAAAAAAAAAD/AAYAAGwABgAAYAAGAABUAAYAAEgABgAAPAAGAAAwAAYAACQABgAAAAAGAAAAAAAAAAAAAAAAAAAAAAAAAAAAAAAAAAAAAAAAAAAAAAAAAP8ABgAAbAAGAABgAAYAAFQABgAASAAGAAA8AAYAADAABgAAJAAGAAAAAAYAAAAAAAAAAAAAAAAAAAAAAAAAAAAAAAAAAAAAAAAAAAAAAAAA/xIAAAAgEgAAABQSAAAACBIAAAAAEQAAAAAOAAAAAAsAAAAACAAAAAAFAAAAAAAAAAAAAAAAAAAAAAAAAAAAAAAAAAAAAAAAAAAAAAAAAAD/AAAAAMAAAAAAhAAAAABkAAAAAEwAAAAANAAAAAAYAAAAAAwAAAAAAAAAAAAAAAAAAAAAAAAAAAAAAAAAAAAAAAAAAAAAAAAAAAAAAAAAAP8ABgA
03-12 11:11:04.747   897  1385 W hwcomposer: [EVENT] monitorActiveThread: timeout check dpy:0 idx:14583770897 deadline:14903173051  
03-12 11:11:04.748   892   892 D AudioALSAHardware: GetAudioCommonData(), par1=0x105, len=88
03-12 11:11:04.748   892   892 D AudioALSAHardware: GetAudioEncodedBuffer(), after encode (AAAAAAwAAAAUAAAAEAAAAA0AAAADAAAAAwAAAAQAAAAGAAAAHFIAAGBKAAAASwAAHAcAAEA4AAAJAAAACQAAAEAGAABABgAABQAAAAEAAAAHAAAABQAAAAUAAAA-), sz_in(92), sz_enc(124)
03-12 11:11:04.748   892   892 D AudioALSAHardware: -getParameters(), return "GetGainTableEnum=AAAAAAwAAAAUAAAAEAAAAA0AAAADAAAAAwAAAAQAAAAGAAAAHFIAAGBKAAAASwAAHAcAAEA4AAAJAAAACQAAAEAGAABABgAABQAAAAEAAAAHAAAABQAAAAUAAAA-"
03-12 11:11:04.749   941   941 D AudioPolicyManagerCustomImpl: getGainTable, mGainTableSceneCount 4
03-12 11:11:04.749   941   941 D AudioPolicyManagerCustomImpl: mVndGainEnum.gain_stream_type_size = 12 mVndGainEnum.num_gain_device = 20 mVndGainEnum.gain_vol_index = 16 mVndGainEnum.num_gain_mic_mode = 12         mVndGainEnum.num_gain_speech_band = 3 mVndGainEnum.num_gain_speech_network = 3 mVndGainEnum.num_gain_ana_type = 4 mVndGainEnum.total_min_in_channel = 4        mVndGainEnum.GainTableForSceneSize = 20160 mVndGainEnum.GainTableForNonSceneSize = 18500 mVndGainEnum.GainTableUnitSize = 5 mVndGainEnum.GainTableSidetoneUnitSize = 1        mVndGainEnum.GainTableMicUnitSize = 4 mVndGainEnum.GainTableRingbackToneUnitSize = 5  mVndGainEnum.GainTableCRSToneUnitSize = 5 mVndGainEnum.streamGainSize = 19200        mVndGainEnum.micGainSize = 960 mVndGainEnum.speechGainSize = 14400 mVndGainEnum.sidetoneGainSize = 9 mVndGainEnum.speechMicGainSize = 9 mVndGainEnum.ringbackToneGainSize 1600 mVndGainEnum.crsGainSize = 1600
03-12 11:11:04.749   941   941 D AudioPolicyManagerCustomImpl: mVndGainEnum.gain_stream_type_size = 12 mVndGainEnum.num_gain_device = 20 mVndGainEnum.gain_vol_index = 16 mVndGainEnum.num_gain_mic_mode = 13         mVndGainEnum.num_gain_speech_band = 3 mVndGainEnum.num_gain_speech_network = 3 mVndGainEnum.num_gain_ana_type = 4 mVndGainEnum.total_min_in_channel = 6        mVndGainEnum.GainTableForSceneSize = 21020 mVndGainEnum.GainTableForNonSceneSize = 19040 mVndGainEnum.GainTableUnitSize = 5 mVndGainEnum.GainTableSidetoneUnitSize = 1        mVndGainEnum.GainTableMicUnitSize = 7 mVndGainEnum.GainTableRingbackToneUnitSize = 5  mVndGainEnum.GainTableCRSToneUnitSize = 5 mVndGainEnum.streamGainSize = 19200        mVndGainEnum.micGainSize = 1820 mVndGainEnum.speechGainSize = 14400 mVndGainEnum.sidetoneGainSize = 9 mVndGainEnum.speechMicGainSize = 9 mVndGainEnum.ringbackToneGainSize 1600 mVndGainEnum.crsGainSize = 1600
03-12 11:11:04.750   892   892 D AudioMTKGainController: getCurrentSceneIndex(), mSceneIndex = 0
03-12 11:11:04.750   892   892 D AudioALSAHardware: getParameters(), GetGainTableCurrentSceneIndex, currentSceneIndex = 0
03-12 11:11:04.750   892   892 D AudioALSAHardware: -getParameters(), return "GetGainTableCurrentSceneIndex=0"
03-12 11:11:04.751   941   941 D AudioPolicyManagerCustomImpl: Using scene [0]/[4]
03-12 11:11:04.752  1180  1180 I mediaswcodec: media swcodec service starting
03-12 11:11:04.753   941   941 D APM::AudioOutputDescriptor: setVolume output 13 for volumeSource 1, volume 0.000000, delay 0 stream=AUDIO_STREAM_PATCH
03-12 11:11:04.755   941  1432 W AudioFlinger_Threads: no wake lock to update, system not ready yet
03-12 11:11:04.755   941  1432 D AudioFlinger_Threads: ro.audio.silent is ignored since no output device is set
03-12 11:11:04.755   941  1432 W AudioFlinger: Dolby Effect is NULL
03-12 11:11:04.756   941   941 D APM::AudioOutputDescriptor: setVolume output 13 for volumeSource 2, volume 0.000000, delay 0 stream=AUDIO_STREAM_REROUTING
03-12 11:11:04.756   941  1432 W AudioFlinger: Dolby Effect is NULL
03-12 11:11:04.756   883   883 I resolv  : resolv_init: Initializing resolver
03-12 11:11:04.757   941   941 E APM_AudioPolicyManager: invalid volume index range
03-12 11:11:04.757   941   941 E APM_AudioPolicyManager: invalid volume index range
03-12 11:11:04.757   941   941 E APM_AudioPolicyManager: invalid volume index range
03-12 11:11:04.757   941   941 E APM_AudioPolicyManager: invalid volume index range
03-12 11:11:04.757   941   941 E APM_AudioPolicyManager: invalid volume index range
03-12 11:11:04.757   941   941 E APM_AudioPolicyManager: invalid volume index range
03-12 11:11:04.757   941   941 E APM_AudioPolicyManager: invalid volume index range
03-12 11:11:04.757   941   941 E APM_AudioPolicyManager: invalid volume index range
03-12 11:11:04.757   941   941 E APM_AudioPolicyManager: invalid volume index range
03-12 11:11:04.757   941   941 E APM_AudioPolicyManager: invalid volume index range
03-12 11:11:04.757   941   941 E APM_AudioPolicyManager: invalid volume index range
03-12 11:11:04.757   941   941 D APM::AudioOutputDescriptor: setVolume output 13 for volumeSource 23, volume 0.000000, delay 0 stream=AUDIO_STREAM_CALL_ASSISTANT
03-12 11:11:04.758  1180  1180 W mediaswcodec: libminijail[1180]: failed to get path of fd 4: No such file or directory
03-12 11:11:04.758   941  1432 W AudioFlinger: Dolby Effect is NULL
03-12 11:11:04.758  1180  1180 W mediaswcodec: libminijail[1180]: allowing syscall: connect
03-12 11:11:04.758  1180  1180 W mediaswcodec: libminijail[1180]: allowing syscall: fcntl
03-12 11:11:04.758  1180  1180 W mediaswcodec: libminijail[1180]: allowing syscall: sendto
03-12 11:11:04.758  1180  1180 W mediaswcodec: libminijail[1180]: allowing syscall: socket
03-12 11:11:04.758  1180  1180 W mediaswcodec: libminijail[1180]: allowing syscall: writev
03-12 11:11:04.758   941  1315 D AudioSystem: +setParameters(): mono_output=0 
03-12 11:11:04.759   941   941 W AudioFlinger: moveEffects() AUDIO_SESSION_OUTPUT_MIX not found in orphans, checking other mix
03-12 11:11:04.759   941   941 W AudioFlinger: moveEffects() bad srcIo 0
03-12 11:11:04.760   941   941 I APM::AudioPolicyEngine: getDevicesForStrategyInt no device found for strategy 9
03-12 11:11:04.761  1180  1180 W mediaswcodec: libminijail[1180]: compile_file: /apex/com.android.media.swcodec/etc/seccomp_policy/crash_dump.no_mmap_mprotect_prctl.arm64.policy(6): syscall read redefined here
03-12 11:11:04.761   941   941 I APM::AudioPolicyEngine: getDevicesForStrategyInt no device found for strategy 9
03-12 11:11:04.761  1180  1180 W mediaswcodec: libminijail[1180]: compile_file: <fd>(54): previous definition here
03-12 11:11:04.761  1180  1180 W mediaswcodec: libminijail[1180]: compile_file: /apex/com.android.media.swcodec/etc/seccomp_policy/crash_dump.no_mmap_mprotect_prctl.arm64.policy(7): syscall write redefined here
03-12 11:11:04.761  1180  1180 W mediaswcodec: libminijail[1180]: compile_file: <fd>(48): previous definition here
03-12 11:11:04.761  1180  1180 W mediaswcodec: libminijail[1180]: compile_file: /apex/com.android.media.swcodec/etc/seccomp_policy/crash_dump.no_mmap_mprotect_prctl.arm64.policy(8): syscall exit redefined here
03-12 11:11:04.761  1180  1180 W mediaswcodec: libminijail[1180]: compile_file: <fd>(44): previous definition here
03-12 11:11:04.761  1180  1180 W mediaswcodec: libminijail[1180]: compile_file: /apex/com.android.media.swcodec/etc/seccomp_policy/crash_dump.no_mmap_mprotect_prctl.arm64.policy(9): syscall rt_sigreturn redefined here
03-12 11:11:04.761  1180  1180 W mediaswcodec: libminijail[1180]: compile_file: <fd>(60): previous definition here
03-12 11:11:04.761  1180  1180 W mediaswcodec: libminijail[1180]: compile_file: /apex/com.android.media.swcodec/etc/seccomp_policy/crash_dump.no_mmap_mprotect_prctl.arm64.policy(10): syscall exit_group redefined here
03-12 11:11:04.761  1180  1180 W mediaswcodec: libminijail[1180]: compile_file: <fd>(58): previous definition here
03-12 11:11:04.761   941   941 D APM_AudioPolicyManager: [MTK_APM_Route]setOutputDevices mIoHandle 13 : changing device 0x2 to 0x2, delayMs = 0, force = 1, skipMuteDelay = 0, skipDelayMTK = 0, caller onNewAudioModulesAvailableInt[[portId:1][io:13, primary output]]
03-12 11:11:04.761  1180  1180 W mediaswcodec: libminijail[1180]: compile_file: /apex/com.android.media.swcodec/etc/seccomp_policy/crash_dump.no_mmap_mprotect_prctl.arm64.policy(12): syscall gettimeofday redefined here
03-12 11:11:04.761  1180  1180 W mediaswcodec: libminijail[1180]: compile_file: <fd>(56): previous definition here
03-12 11:11:04.761  1180  1180 W mediaswcodec: libminijail[1180]: compile_file: /apex/com.android.media.swcodec/etc/seccomp_policy/crash_dump.no_mmap_mprotect_prctl.arm64.policy(13): syscall futex redefined here
03-12 11:11:04.761  1180  1180 W mediaswcodec: libminijail[1180]: compile_file: <fd>(15): previous definition here
03-12 11:11:04.761  1180  1180 W mediaswcodec: libminijail[1180]: compile_file: /apex/com.android.media.swcodec/etc/seccomp_policy/crash_dump.no_mmap_mprotect_prctl.arm64.policy(14): syscall getrandom redefined here
03-12 11:11:04.761  1180  1180 W mediaswcodec: libminijail[1180]: compile_file: <fd>(61): previous definition here
03-12 11:11:04.761  1180  1180 W mediaswcodec: libminijail[1180]: compile_file: /apex/com.android.media.swcodec/etc/seccomp_policy/crash_dump.no_mmap_mprotect_prctl.arm64.policy(15): syscall getpid redefined here
03-12 11:11:04.761  1180  1180 W mediaswcodec: libminijail[1180]: compile_file: <fd>(65): previous definition here
03-12 11:11:04.761  1180  1180 W mediaswcodec: libminijail[1180]: compile_file: /apex/com.android.media.swcodec/etc/seccomp_policy/crash_dump.no_mmap_mprotect_prctl.arm64.policy(16): syscall gettid redefined here
03-12 11:11:04.761  1180  1180 W mediaswcodec: libminijail[1180]: compile_file: <fd>(66): previous definition here
03-12 11:11:04.761  1180  1180 W mediaswcodec: libminijail[1180]: compile_file: /apex/com.android.media.swcodec/etc/seccomp_policy/crash_dump.no_mmap_mprotect_prctl.arm64.policy(17): syscall ppoll redefined here
03-12 11:11:04.761  1180  1180 W mediaswcodec: libminijail[1180]: compile_file: <fd>(20): previous definition here
03-12 11:11:04.761  1180  1180 W mediaswcodec: libminijail[1180]: compile_file: /apex/com.android.media.swcodec/etc/seccomp_policy/crash_dump.no_mmap_mprotect_prctl.arm64.policy(19): syscall openat redefined here
03-12 11:11:04.761  1180  1180 W mediaswcodec: libminijail[1180]: compile_file: <fd>(47): previous definition here
03-12 11:11:04.761  1180  1180 W mediaswcodec: libminijail[1180]: compile_file: /apex/com.android.media.swcodec/etc/seccomp_policy/crash_dump.no_mmap_mprotect_prctl.arm64.policy(20): syscall dup redefined here
03-12 11:11:04.761  1180  1180 W mediaswcodec: libminijail[1180]: compile_file: <fd>(19): previous definition here
03-12 11:11:04.761  1180  1180 W mediaswcodec: libminijail[1180]: compile_file: /apex/com.android.media.swcodec/etc/seccomp_policy/crash_dump.no_mmap_mprotect_prctl.arm64.policy(21): syscall close redefined here
03-12 11:11:04.761  1180  1180 W mediaswcodec: libminijail[1180]: compile_file: <fd>(18): previous definition here
03-12 11:11:04.761  1180  1180 W mediaswcodec: libminijail[1180]: compile_file: /apex/com.android.media.swcodec/etc/seccomp_policy/crash_dump.no_mmap_mprotect_prctl.arm64.policy(22): syscall lseek redefined here
03-12 11:11:04.761  1180  1180 W mediaswcodec: libminijail[1180]: compile_file: <fd>(45): previous definition here
03-12 11:11:04.761  1180  1180 W mediaswcodec: libminijail[1180]: compile_file: /apex/com.android.media.swcodec/etc/seccomp_policy/crash_dump.no_mmap_mprotect_prctl.arm64.policy(23): syscall getdents64 redefined here
03-12 11:11:04.761  1180  1180 W mediaswcodec: libminijail[1180]: compile_file: <fd>(52): previous definition here
03-12 11:11:04.761  1180  1180 W mediaswcodec: libminijail[1180]: compile_file: /apex/com.android.media.swcodec/etc/seccomp_policy/crash_dump.no_mmap_mprotect_prctl.arm64.policy(24): syscall faccessat redefined here
03-12 11:11:04.761  1180  1180 W mediaswcodec: libminijail[1180]: compile_file: <fd>(57): previous definition here
03-12 11:11:04.761  1180  1180 W mediaswcodec: libminijail[1180]: compile_file: /apex/com.android.media.swcodec/etc/seccomp_policy/crash_dump.no_mmap_mprotect_prctl.arm64.policy(25): syscall readlinkat redefined here
03-12 11:11:04.761  1180  1180 W mediaswcodec: libminijail[1180]: compile_file: <fd>(53): previous definition here
03-12 11:11:04.762  1180  1180 W mediaswcodec: libminijail[1180]: compile_file: /apex/com.android.media.swcodec/etc/seccomp_policy/crash_dump.no_mmap_mprotect_prctl.arm64.policy(28): syscall setsockopt redefined here
03-12 11:11:04.762  1180  1180 W mediaswcodec: libminijail[1180]: compile_file: <fd>(76): previous definition here
03-12 11:11:04.762  1180  1180 W mediaswcodec: libminijail[1180]: compile_file: /apex/com.android.media.swcodec/etc/seccomp_policy/crash_dump.no_mmap_mprotect_prctl.arm64.policy(33): syscall rt_sigprocmask redefined here
03-12 11:11:04.762  1180  1180 W mediaswcodec: libminijail[1180]: compile_file: <fd>(46): previous definition here
03-12 11:11:04.762  1180  1180 W mediaswcodec: libminijail[1180]: compile_file: /apex/com.android.media.swcodec/etc/seccomp_policy/crash_dump.no_mmap_mprotect_prctl.arm64.policy(36): syscall madvise redefined here
03-12 11:11:04.762  1180  1180 W mediaswcodec: libminijail[1180]: compile_file: <fd>(62): previous definition here
03-12 11:11:04.762  1180  1180 W mediaswcodec: libminijail[1180]: compile_file: /apex/com.android.media.swcodec/etc/seccomp_policy/crash_dump.no_mmap_mprotect_prctl.arm64.policy(37): syscall munmap redefined here
03-12 11:11:04.762  1180  1180 W mediaswcodec: libminijail[1180]: compile_file: <fd>(39): previous definition here
03-12 11:11:04.762  1180  1180 W mediaswcodec: libminijail[1180]: compile_file: /apex/com.android.media.swcodec/etc/seccomp_policy/crash_dump.no_mmap_mprotect_prctl.arm64.policy(38): syscall getuid redefined here
03-12 11:11:04.762  1180  1180 W mediaswcodec: libminijail[1180]: compile_file: <fd>(23): previous definition here
03-12 11:11:04.762  1180  1180 W mediaswcodec: libminijail[1180]: compile_file: /apex/com.android.media.swcodec/etc/seccomp_policy/crash_dump.no_mmap_mprotect_prctl.arm64.policy(39): syscall fstat redefined here
03-12 11:11:04.762  1180  1180 W mediaswcodec: libminijail[1180]: compile_file: <fd>(25): previous definition here
03-12 11:11:04.764   941  1432 D Hal2AidlMapper: createOrUpdatePatch: patch ID: 0, [disregard IDs] sources: [AudioPortConfig{id: 1, portId: 0, sampleRate: Int{value: 48000}, channelMask: AudioChannelLayout{layoutMask: 3}, format: AudioFormatDescription{type: PCM, pcm: INT_32_BIT, encoding: }, gain: (null), flags: AudioIoFlags{output: 6}, ext: AudioPortExt{mix: AudioPortMixExt{handle: 13, usecase: AudioPortMixExtUseCase{stream: SYS_RESERVED_DEFAULT}, maxOpenStreamCount: 0, maxActiveStreamCount: 0, recommendedMuteDurationMs: 0}}}], sinks: [AudioPortConfig{id: 3, portId: 0, sampleRate: (null), channelMask: (null), format: (null), gain: (null), flags: (null), ext: AudioPortExt{device: AudioPortDeviceExt{device: AudioDevice{type: AudioDeviceDescription{type: OUT_SPEAKER, connection: }, address: AudioDeviceAddress{id: }}, flags: 0, encodedFormats: [], encapsulationModes: 0, encapsulationMetadataTypes: 0}}}]
03-12 11:11:04.764   941  1432 D Hal2AidlMapper: findOrCreatePortConfig: device port config does not have audio or gain config specified
03-12 11:11:04.764   897  1385 W hwcomposer: [EVENT] monitorActiveThread: timeout check dpy:0 idx:14583770897 deadline:14920207205  
03-12 11:11:04.764   941  1432 I Hal2AidlMapper: createOrUpdatePatch: Updating transient patch. Current: AudioPatch{id: 1, sourcePortConfigIds: [37], sinkPortConfigIds: [36], minimumStreamBufferSizeFrames: 256, latenciesMs: [10]}, new: AudioPatch{id: 1, sourcePortConfigIds: [37], sinkPortConfigIds: [36], minimumStreamBufferSizeFrames: 0, latenciesMs: []}
03-12 11:11:04.764   892   892 D AHAL_Module: setAudioPatch: default: requested patch AudioPatch{id: 1, sourcePortConfigIds: [37], sinkPortConfigIds: [36], minimumStreamBufferSizeFrames: 0, latenciesMs: []}
03-12 11:11:04.765   892   892 D AudioALSAStreamManager: calculateOutLatencyAndFrames(), flags 0x6, latency 10, frame count 256
03-12 11:11:04.765   892   892 D MTKAdapterLayer: setAudioPatch(), patch.mLatency: 10 patch.mFrameCount: 256
03-12 11:11:04.765   892   892 D AudioALSAHardware: +createAudioPatch() num_sources [1] , num_sinks [1], handle [0x0], current mAudioHalPatchVector size 1
03-12 11:11:04.765   892   892 D AudioALSAStreamManager: +setParameters(), IOport = 13, keyValuePairs = routing=2
03-12 11:11:04.765   892   892 D AudioALSAStreamManager: setParameters(), Send to mStreamOutVector[0], flag 6
03-12 11:11:04.765   892   892 D AudioALSAStreamOut: value_str = 2 devices count = 1
03-12 11:11:04.765   892   892 D AudioALSAStreamOut: updatePolicyDevice(), flag: 0x6, device: 0x2
03-12 11:11:04.765   892   892 W AudioALSAStreamManager: routingOutputDevice(), flag: 0x6, output_devices == current_output_devices(0x2), return
03-12 11:11:04.765   892   892 D AudioALSAHardware: -createAudioPatch() num_sources [1] , num_sinks [1], handle [0x2]
03-12 11:11:04.765   892   892 D AHAL_Module: setAudioPatch: default: updated patch AudioPatch{id: 1, sourcePortConfigIds: [37], sinkPortConfigIds: [36], minimumStreamBufferSizeFrames: 256, latenciesMs: [10]}
03-12 11:11:04.765  1180  1180 W mediaswcodec: libminijail[1180]: logging seccomp filter failures
03-12 11:11:04.765   885   885 I zn-injector64: inject zygote 884 succeed
03-12 11:11:04.767  1180  1180 W hw-ProcessState: HwBinder is not supported on this device but this process is calling setThreadPoolConfiguration
03-12 11:11:04.767   884   884 D AndroidRuntime: >>>>>> START com.android.internal.os.ZygoteInit uid 0 <<<<<<
03-12 11:11:04.767   884   884 I boot_progress_start: 14923
03-12 11:11:04.768   788   873 I zn-daemon64: ** inject success for 884
03-12 11:11:04.768   788   873 I zn-daemon64: ** write prop
03-12 11:11:04.768   892  1113 D AHAL_Stream: getRecommendedLatencyModes
03-12 11:11:04.769   910  1334 E VT AIDL : [IVT] [VT THREAD] [VT_Bind] des = volte_imsvt1 Fail to connect . retry count: 1
03-12 11:11:04.769   910  1334 D VT AIDL : [IVT] isIMCBrun : True
03-12 11:11:04.769  1180  1180 I CodecServiceRegistrant: Creating software Codec2 service...
03-12 11:11:04.769   941  1432 W AudioFlinger: Dolby Effect is NULL
03-12 11:11:04.772   892   892 D MTKAdapterStreamLayer: updateMetadataCommon(), 
03-12 11:11:04.772   892   892 I AudioALSAStreamOut: updateSourceMetadata(), do nothing source_metadata = 0x7fcab2ccc8
03-12 11:11:04.773  1180  1180 D C2Store : Default ION heapmask = -1
03-12 11:11:04.773   941   941 D APM_AudioPolicyManager: setOutputDevices() AF::createAudioPatch returned 0 patchHandle 12 num_sources 1 num_sinks 1
03-12 11:11:04.773  1180  1180 D C2Store : Default ION flags = 0
03-12 11:11:04.773  1180  1180 D C2Store : Default ION align = 0
03-12 11:11:04.776  1180  1180 W HidlServiceManagement: hwservicemanager is not supported on the device.
03-12 11:11:04.777  1180  1180 I HidlServiceManagement: Trying to get transport of android.hardware.media.c2@1.2::IComponentStore/software without hwservicemanager
03-12 11:11:04.777  1180  1180 I HidlServiceManagement: Trying to get transport of android.hardware.media.c2@1.1::IComponentStore/software without hwservicemanager
03-12 11:11:04.777  1180  1180 I HidlServiceManagement: Trying to get transport of android.hardware.media.c2@1.0::IComponentStore/software without hwservicemanager
03-12 11:11:04.777  1180  1180 I CodecServiceRegistrant: The HIDL software Codec2 service is deprecated so it is not being registered with hwservicemanager.
03-12 11:11:04.777   941   941 E APM_AudioPolicyManager: invalid volume index range
03-12 11:11:04.777   941   941 E APM_AudioPolicyManager: invalid volume index range
03-12 11:11:04.777   941   941 E APM_AudioPolicyManager: invalid volume index range
03-12 11:11:04.777   941   941 E APM_AudioPolicyManager: invalid volume index range
03-12 11:11:04.778   941   941 E APM_AudioPolicyManager: invalid volume index range
03-12 11:11:04.778   941   941 E APM_AudioPolicyManager: invalid volume index range
03-12 11:11:04.778   941   941 E APM_AudioPolicyManager: invalid volume index range
03-12 11:11:04.778   941   941 E APM_AudioPolicyManager: invalid volume index range
03-12 11:11:04.779   941   941 E APM_AudioPolicyManager: invalid volume index range
03-12 11:11:04.779   941   941 E APM_AudioPolicyManager: invalid volume index range
03-12 11:11:04.779   941   941 E APM_AudioPolicyManager: invalid volume index range
03-12 11:11:04.780   941   941 D AudioUtilmtk: MTK_AUDIOMIXER_ENABLE_DRC: 0
03-12 11:11:04.780   941   941 D AudioUtilmtk: MTK_ENABLE_STEREO_SPEAKER: 1
03-12 11:11:04.780   941   941 D AudioUtilmtk: foValue_MTK_USB_PHONECALL , MTK_USB_PHONECALL: 1
03-12 11:11:04.780   941   941 D AudioUtilmtk: MTK_TTY_SUPPORT 1
03-12 11:11:04.780   941   941 D AudioUtilmtk: MTK_HIFIAUDIO_SUPPORT: 0
03-12 11:11:04.780   941   941 D AudioUtilmtk: MTK_BESLOUDNESS_ENABLE : 0
03-12 11:11:04.780   941   941 D AudioUtilmtk: MTK_AUDIO_GAIN_TABLE: 1
03-12 11:11:04.780   941   941 D AudioUtilmtk: MTK_FM_ENABLE : 1
03-12 11:11:04.780   941   941 D AudioUtilmtk: MTK_AURISYS_FRAMEWORK_SUPPORT : 1
03-12 11:11:04.780   941   941 D AudioUtilmtk: MTK_BT_HEARING_AID_SUPPORT : 0
03-12 11:11:04.780   941   941 D AudioUtilmtk: MTK_BT_HEARING_AID_USING_AOSP_FMW : 0
03-12 11:11:04.780   941   941 D AudioUtilmtk: MTK_TC10_FEATURE : 0
03-12 11:11:04.780   941   941 D AudioUtilmtk: MTK_TC10_IN_HOUSE : 0
03-12 11:11:04.780   941   941 D AudioUtilmtk: MTK_AUDIO_A2DP_LATENCY_IMPROVE : 0
03-12 11:11:04.780   941   941 D AudioUtilmtk: foValue_MTK_MUSIC_ROUTE_TO_BTSCO_DURING_BTSCO_ON , MTK_MUSIC_ROUTE_TO_BTSCO_DURING_BTSCO_ON : 1
03-12 11:11:04.780   941   941 D AudioUtilmtk: MTK_BLE_PHONECALL : 0
03-12 11:11:04.780   941   941 D AudioUtilmtk: MTK_USING_VENDOR_S: 0
03-12 11:11:04.780   941   941 D AudioUtilmtk: MTK_USING_VENDOR_T: 0
03-12 11:11:04.780   941   941 D AudioUtilmtk: MTK_USING_VENDOR_BEFORE_V: 1 API_LEVEL 0
03-12 11:11:04.781   941  1432 W AudioFlinger: Dolby Effect is NULL
03-12 11:11:04.781   897  1385 W hwcomposer: [EVENT] monitorActiveThread: timeout check dpy:0 idx:14583770897 deadline:14937190051  
03-12 11:11:04.782   941   941 D AudioUtilmtk: MTK_SPATIALIZER_SUPPORT_STEREO: 0
03-12 11:11:04.783   941   941 D AudioUtilmtk: MTK_SPATIALIZER_LATENCY_LOG: 0
03-12 11:11:04.783   941   941 D AudioUtilmtk: MTK_MBRAIN_MODE: 0
03-12 11:11:04.783   941   941 D Hal2AidlMapper: 0xb400006e8f2b01b0 prepareToOpenStream: handle 21, device AudioDevice{type: AudioDeviceDescription{type: OUT_SPEAKER, connection: }, address: AudioDeviceAddress{id: }}, flags AudioIoFlags{output: 8}, source SYS_RESERVED_INVALID, config AudioConfig{base: AudioConfigBase{sampleRate: 48000, channelMask: AudioChannelLayout{layoutMask: 3}, format: AudioFormatDescription{type: PCM, pcm: INT_32_BIT, encoding: }}, offloadInfo: AudioOffloadInfo{base: AudioConfigBase{sampleRate: 0, channelMask: AudioChannelLayout{none: 0}, format: AudioFormatDescription{type: DEFAULT, pcm: DEFAULT, encoding: }}, streamType: VOICE_CALL, bitRatePerSecond: 0, durationUs: 0, hasVideo: false, isStreaming: false, bitWidth: 16, offloadBufferSize: 0, usage: UNKNOWN, encapsulationMode: NONE, contentId: 0, syncId: 0}, frameCount: 0}, mix port config AudioPortConfig{id: 0, portId: 0, sampleRate: (null), channelMask: (null), format: (null), gain: (null), flags: (null), ext: AudioPortExt{unspecified: false}}
03-12 11:11:04.784  1180  1180 I CodecServiceRegistrant: Preferred Codec2 AIDL store is set to "default".
03-12 11:11:04.784  1180  1180 I CodecServiceRegistrant: Software Codec2 service created and registered.
03-12 11:11:04.784   892  1113 D AHAL_Module: setAudioPortConfigImpl: default: requested AudioPortConfig{id: 0, portId: 26, sampleRate: Int{value: 48000}, channelMask: AudioChannelLayout{layoutMask: 3}, format: AudioFormatDescription{type: PCM, pcm: INT_32_BIT, encoding: }, gain: (null), flags: AudioIoFlags{output: 8}, ext: AudioPortExt{mix: AudioPortMixExt{handle: 21, usecase: AudioPortMixExtUseCase{unspecified: false}, maxOpenStreamCount: 0, maxActiveStreamCount: 0, recommendedMuteDurationMs: 0}}}
03-12 11:11:04.784   892  1113 D AHAL_Module: setAudioPortConfigImpl: default: created new port config AudioPortConfig{id: 38, portId: 26, sampleRate: Int{value: 48000}, channelMask: AudioChannelLayout{layoutMask: 3}, format: AudioFormatDescription{type: PCM, pcm: INT_32_BIT, encoding: }, gain: (null), flags: AudioIoFlags{output: 8}, ext: AudioPortExt{mix: AudioPortMixExt{handle: 21, usecase: AudioPortMixExtUseCase{unspecified: false}, maxOpenStreamCount: 1, maxActiveStreamCount: 1, recommendedMuteDurationMs: 0}}}
03-12 11:11:04.785   892  1113 D AHAL_Module: setAudioPatch: default: requested patch AudioPatch{id: 0, sourcePortConfigIds: [38], sinkPortConfigIds: [36], minimumStreamBufferSizeFrames: 0, latenciesMs: []}
03-12 11:11:04.785   892  1113 D AudioALSAStreamManager: reduce hal buffer size 24576 -> 16384
03-12 11:11:04.785   892  1113 D AudioALSAStreamManager: calculateOutLatencyAndFrames(), flags 0x8, latency 85, frame count 2048
03-12 11:11:04.785   892  1113 D MTKAdapterLayer: setAudioPatch(), patch.mLatency: 85 patch.mFrameCount: 2048
03-12 11:11:04.786   892  1113 D AHAL_Module: setAudioPatch: default: created patch AudioPatch{id: 2, sourcePortConfigIds: [38], sinkPortConfigIds: [36], minimumStreamBufferSizeFrames: 2048, latenciesMs: [85]}
03-12 11:11:04.788   892  1113 D AHAL_Module: openOutputStream: default: port config id 38, has offload info? 0, buffer size 2048 frames
03-12 11:11:04.788   892  1113 D MTKAdapterLayer: openOutputStream(), output flag: 8handle: 21
03-12 11:11:04.788   892  1113 D AudioALSAHardware: -openOutputStreamWithFlags(0x1) 0x8: fmt:0x3 ch:0x3 rs:48000
03-12 11:11:04.788   892  1113 W AudioALSASampleRateController: -setPrimaryStreamOutSampleRate(), sample_rate(48000) == mPrimaryStreamOutSampleRate(48000), return
03-12 11:11:04.789   892  1113 D AudioALSAStreamOut: reduce hal buffer size 24576 -> 16384
03-12 11:11:04.789   892  1113 D AudioALSAStreamOut: set(), devices: 0x2, format: 0x3/0x3, channels: 0x3/0x2, sampleRate: 48000/48000, flags: 0x8, latency: 85, buffer_size: 16384
03-12 11:11:04.789   892  1113 D AudioALSAHardware: +createAudioPatch() num_sources [1] , num_sinks [1], handle [0x0], current mAudioHalPatchVector size 1
03-12 11:11:04.789   892  1113 D AudioALSAStreamManager: +setParameters(), IOport = 21, keyValuePairs = routing=2
03-12 11:11:04.789   892  1113 D AudioALSAStreamManager: setParameters(), Send to mStreamOutVector[1], flag 8
03-12 11:11:04.789   892  1113 D AudioALSAStreamOut: value_str = 2 devices count = 1
03-12 11:11:04.789   892  1113 D AudioALSAStreamOut: updatePolicyDevice(), flag: 0x8, device: 0x2
03-12 11:11:04.789   892  1113 W AudioALSAStreamManager: routingOutputDevice(), flag: 0x8, output_devices == current_output_devices(0x2), return
03-12 11:11:04.789   892  1113 D AudioALSAHardware: -createAudioPatch() num_sources [1] , num_sinks [1], handle [0x3]
03-12 11:11:04.789   892  1113 D MTKAdapterStreamLayer: updateMetadataCommon(), 
03-12 11:11:04.789   892  1113 I AudioALSAStreamOut: updateSourceMetadata(), do nothing source_metadata = 0x76d8ceea78
03-12 11:11:04.789   892  1113 D AHAL_Stream: StreamOutStub: EvenDebug check! is not offload
03-12 11:11:04.790   941  1432 W AudioFlinger: Dolby Effect is NULL
03-12 11:11:04.790   892  1113 I AHAL_Stream: setConnectedDevices: Device type OUT_SPEAKER
03-12 11:11:04.791   941   941 D StreamHalAidl: 0xb40000705f2a9d20 StreamOutHalAidl::getFrameSize
03-12 11:11:04.791   941   941 D StreamHalAidl: 0xb40000705f2a9d20 StreamOutHalAidl::getBufferSize
03-12 11:11:04.791   941   941 I AudioFlinger_Threads: HAL output buffer size 2048 frames, normal sink buffer size 2048 frames
03-12 11:11:04.792   941   941 D StreamHalAidl: 0xb40000705f2a9d20 StreamOutHalAidl::getBufferSize
03-12 11:11:04.792   892  1113 D AHAL_Stream: getRecommendedLatencyModes
03-12 11:11:04.792   941  1446 I AudioFlinger_Threads: AudioFlinger's thread 0xb4000070fcfeb7b0 tid=1446 ready to run
03-12 11:11:04.792   941  1446 W AudioFlinger_Threads: no wake lock to update, system not ready yet
03-12 11:11:04.793   941  1446 D AudioFlinger_Threads: ro.audio.silent is ignored since no output device is set
03-12 11:11:04.793   941  1446 D StreamHalAidl: setParameters: parameters: "NoAudioTrack=1"
03-12 11:11:04.793   941  1446 D StreamHalAidl: setParameters: parameters: NoAudioTrack=1
03-12 11:11:04.793   941  1446 D StreamHalAidl: 0xb40000705f2a9d20 StreamOutHalAidl::standby
03-12 11:11:04.793   941  1446 W AudioFlinger_Threads: no wake lock to update, system not ready yet
03-12 11:11:04.793   941  1446 D AudioFlinger_Threads: ro.audio.silent is ignored since no output device is set
03-12 11:11:04.793   941  1446 D StreamHalAidl: setParameters: parameters: "routing=2"
03-12 11:11:04.793   941  1446 D StreamHalAidl: setParameters: parameters: routing=2
03-12 11:11:04.794   892  1113 D AudioALSAStreamOut: value_str = 2 devices count = 1
03-12 11:11:04.794   892  1113 D AudioALSAStreamOut: updatePolicyDevice(), flag: 0x8, device: 0x2
03-12 11:11:04.794   892  1113 W AudioALSAStreamManager: routingOutputDevice(), flag: 0x8, output_devices == current_output_devices(0x2), return
03-12 11:11:04.794   941  1446 W AudioFlinger: Dolby Effect is NULL
03-12 11:11:04.794   941   941 D APM::AudioOutputDescriptor: setVolume output 21 for volumeSource 1, volume 0.000000, delay 0 stream=AUDIO_STREAM_PATCH
03-12 11:11:04.795   941  1446 W AudioFlinger: Dolby Effect is NULL
03-12 11:11:04.795   941   941 D APM::AudioOutputDescriptor: setVolume output 21 for volumeSource 2, volume 0.000000, delay 0 stream=AUDIO_STREAM_REROUTING
03-12 11:11:04.795   941  1446 W AudioFlinger: Dolby Effect is NULL
03-12 11:11:04.796   941   941 E APM_AudioPolicyManager: invalid volume index range
03-12 11:11:04.796   941   941 E APM_AudioPolicyManager: invalid volume index range
03-12 11:11:04.796   941   941 E APM_AudioPolicyManager: invalid volume index range
03-12 11:11:04.796   941   941 E APM_AudioPolicyManager: invalid volume index range
03-12 11:11:04.796   941   941 E APM_AudioPolicyManager: invalid volume index range
03-12 11:11:04.796   941   941 E APM_AudioPolicyManager: invalid volume index range
03-12 11:11:04.796   941   941 E APM_AudioPolicyManager: invalid volume index range
03-12 11:11:04.796   941   941 E APM_AudioPolicyManager: invalid volume index range
03-12 11:11:04.796   941   941 E APM_AudioPolicyManager: invalid volume index range
03-12 11:11:04.796   941   941 E APM_AudioPolicyManager: invalid volume index range
03-12 11:11:04.796   941   941 E APM_AudioPolicyManager: invalid volume index range
03-12 11:11:04.796   941   941 D APM::AudioOutputDescriptor: setVolume output 21 for volumeSource 23, volume 0.000000, delay 0 stream=AUDIO_STREAM_CALL_ASSISTANT
03-12 11:11:04.797   883   883 W hw-ProcessState: HwBinder is not supported on this device but this process is calling setThreadPoolConfiguration
03-12 11:11:04.797   941  1446 W AudioFlinger: Dolby Effect is NULL
03-12 11:11:04.797   883   883 W HidlServiceManagement: hwservicemanager is not supported on the device.
03-12 11:11:04.797   941  1315 D AudioSystem: +setParameters(): mono_output=0 
03-12 11:11:04.798   883   883 E HidlServiceManagement: Service android.system.net.netd@1.1::INetd/default must be in VINTF manifest in order to register/get.
