03-12 11:11:04.347   892  1113 D AHAL_ModuleRemoteSubmix: onMasterVolumeChanged: is not supported
03-12 11:11:04.347   892  1113 E AHAL_Module: setMasterVolume: r_submix: failed calling onMasterVolumeChanged(1), error=Status(-7, EX_UNSUPPORTED_OPERATION): ''
03-12 11:11:04.347   892  1113 D AHAL_ModuleRemoteSubmix: onMasterVolumeChanged: is not supported
03-12 11:11:04.347   892  1113 D AHAL_ModuleRemoteSubmix: onMasterMuteChanged: is not supported
03-12 11:11:04.347   892  1113 E AHAL_Module: setMasterMute: r_submix: failed calling onMasterMuteChanged(0), error=Status(-7, EX_UNSUPPORTED_OPERATION): ''
03-12 11:11:04.347   892  1113 D AHAL_ModuleRemoteSubmix: onMasterMuteChanged: is not supported
03-12 11:11:04.349   941   941 I AudioFlinger: loadHwModule() Loaded r_submix audio interface, handle 18
03-12 11:11:04.351   892  1113 D AHAL_ModuleBluetooth: getBluetoothA2dp: returning instance of IBluetoothA2dp: 0xb4000078ccaca8c0
03-12 11:11:04.351   892  1113 D AHAL_ModuleBluetooth: getBluetoothLe: returning instance of IBluetoothLe: 0xb4000078ccacb100
03-12 11:11:04.352   941   941 I DeviceHalAidl: getSoundDoseInterface using audio AIDL HAL sound dose interface
03-12 11:11:04.351  1335  1335 I [epdg_wo]: [DMN] starting WI-FI OFFLOAD DAEMON
03-12 11:11:04.352   892  1113 D AHAL_SoundDose: registerSoundDoseCallback: Registered sound dose callback 
03-12 11:11:04.353   941   941 I Hal2AidlMapper: initialize: module bluetooth default port ids: input -1, output -1
03-12 11:11:04.353   892   892 D AHAL_ModuleBluetooth: onMasterVolumeChanged: is not supported
03-12 11:11:04.353   892   892 E AHAL_Module: setMasterVolume: bluetooth: failed calling onMasterVolumeChanged(1), error=Status(-7, EX_UNSUPPORTED_OPERATION): ''
03-12 11:11:04.353   892   892 D AHAL_ModuleBluetooth: onMasterVolumeChanged: is not supported
03-12 11:11:04.353   892   892 D AHAL_ModuleBluetooth: onMasterMuteChanged: is not supported
03-12 11:11:04.353   892   892 E AHAL_Module: setMasterMute: bluetooth: failed calling onMasterMuteChanged(0), error=Status(-7, EX_UNSUPPORTED_OPERATION): ''
03-12 11:11:04.353   892   892 D AHAL_ModuleBluetooth: onMasterMuteChanged: is not supported
03-12 11:11:04.353  1335  1335 I [epdg_wo]: [IKE] IKEv2 Daemon stopped
03-12 11:11:04.353  1335  1335 I [epdg_wo]: [NID] create post_routing chain
03-12 11:11:04.354  1335  1335 I [epdg_wo]: [NID] netutils supported
03-12 11:11:04.354   958   958 D SurfaceFlinger: onNewInternalDisplay, 0
03-12 11:11:04.354   958   958 D SurfaceFlinger: processDisplayAdded: display size = 1
03-12 11:11:04.354   958   958 I SurfaceFlinger: WorkDuration::constructOffsets, vsync=16666667, app=20000000, sf=27600000
03-12 11:11:04.355  1227  1227 D [gf_ca_entry]: [gf_ca_invoke_command] whitebox is disabled.
03-12 11:11:04.356   941   941 I AudioFlinger: loadHwModule() Loaded bluetooth audio interface, handle 26
03-12 11:11:04.357   958   958 I Scheduler: Display 4627039422300187648 is the pacesetter
03-12 11:11:04.362   958  1374 W EventThread: Ignoring VSYNC request while display is disconnected
03-12 11:11:04.364   958  1374 W EventThread: Ignoring VSYNC request while display is disconnected
03-12 11:11:04.365   958  1375 W EventThread: Ignoring VSYNC request while display is disconnected
03-12 11:11:04.365  1227  1227 D [gf_ca_entry]: [gf_ca_invoke_command] whitebox is disabled.
03-12 11:11:04.365   958  1375 W EventThread: Ignoring VSYNC request while display is disconnected
03-12 11:11:04.366   958   958 D Scheduler: MtkOverrideDuration: update vsync 60
03-12 11:11:04.366   958   958 E SurfaceFlinger: MtkDuration override mode is disabled
03-12 11:11:04.367   958   958 D Scheduler: MtkOverrideDuration: reset override duration
03-12 11:11:04.367   958   958 I SurfaceFlinger: WorkDuration::constructOffsets, vsync=16666667, app=20000000, sf=27600000
03-12 11:11:04.367   958   958 I Layer   : [LatencyHelper] Open /proc/perfmgr/fpsgo_lr_ioctl
03-12 11:11:04.367   958   958 I PowerHalWrapper: updateFps(): 60
03-12 11:11:04.368   941   941 D APM_EngineLoader: Loaded engine from libaudiopolicyenginedefault.so
03-12 11:11:04.368   958   958 I Scheduler: Display 4627039422300187648 is the pacesetter
03-12 11:11:04.369   958   958 D DisplayModeController: setDesiredMode 4627039422300187648 {mode={fps=90.00 Hz, modePtr={id=1, vsyncRate=90.00 Hz, peakRefreshRate=90.00 Hz}}, emitEvent=true, force=false}
03-12 11:11:04.370   941   941 W APM::AudioPolicyEngine/Base: processParsingResult: No configuration of AUDIO_STREAM_ASSISTANT found, using default volume configuration
03-12 11:11:04.370   941   941 W APM::AudioPolicyEngine/Base: processParsingResult: No configuration of AUDIO_STREAM_CALL_ASSISTANT found, using default volume configuration
03-12 11:11:04.370   883   883 I OemIptablesHook: OEM iptable hook installed.
03-12 11:11:04.370   883   883 I netd    : Setting up OEM hooks: 1781686us
03-12 11:11:04.370  1332  1332 I VoLTE IMCB-CM: uid= 1000, euid=1000 #208
03-12 11:11:04.370  1332  1332 I VoLTE IMCB-CM: AID_SYSTEM, check the effective and permitted of CAP_WAKE_ALARM #302
03-12 11:11:04.370  1332  1332 I VoLTE IMCB-CM: get [0]permitted: 0, [1]permitted: 8 #313
03-12 11:11:04.370  1332  1332 I VoLTE IMCB-CM: get [1]effective.CAP_WAKE_ALARM: 8, [1]permitted.CAP_WAKE_ALARM: 8 #317
03-12 11:11:04.371  1332  1332 I VoLTE IMCB-CM: boottime_alarm_support = 1 #338
03-12 11:11:04.372   958  1379 D SurfaceFlinger: calculateTimeoutTime, triggerInterval = 2 sec + 999999692 nsec
03-12 11:11:04.373  1227  1227 D [gf_ca_entry]: [gf_ca_invoke_command] whitebox is disabled.
03-12 11:11:04.373   941   941 D AudioPolicyManagerCustomImpl: Set mAudioPolicyManager with 0xb400006e8f2ab360
03-12 11:11:04.373  1032  1064 I adbd    : opening control endpoint /dev/usb-ffs/adb/ep0
03-12 11:11:04.373   883   883 I netd    : Setting up FirewallController hooks: 3376us
03-12 11:11:04.375  1227  1227 D [gf_ca_entry]: [gf_ca_invoke_command] whitebox is disabled.
03-12 11:11:04.377  1227  1227 D [gf_ca_entry]: [gf_ca_invoke_command] whitebox is disabled.
03-12 11:11:04.381   958   958 D Scheduler: MtkOverrideDuration: update vsync 90
03-12 11:11:04.381   958   958 E SurfaceFlinger: MtkDuration override mode is disabled
03-12 11:11:04.381   958   958 D Scheduler: MtkOverrideDuration: reset override duration
03-12 11:11:04.381   958   958 I SurfaceFlinger: WorkDuration::constructOffsets, vsync=11111111, app=20000000, sf=27600000
03-12 11:11:04.381   958   958 I PowerHalWrapper: updateFps(): 90
03-12 11:11:04.381   958   958 D SurfaceFlinger: updateActiveDisplayId 0
03-12 11:11:04.383   958   958 I libcomposer_ext: ClientInterface::create(), client_name SurfaceFlinger0, set_thread_params 0
03-12 11:11:04.383   958   958 D libcomposer_ext: getComposerServiceName, composer_ext_service_name vendor.mediatek.hardware.composer_ext.IComposerExt/default
03-12 11:11:04.383   883   883 I netd    : Setting up TetherController hooks: 9698us
03-12 11:11:04.383   941   941 D AudioUtilmtk: appOpsOpenAppLibs(), init AppOps struct, lib is libaudio_param_parser-sys@aidl.so
03-12 11:11:04.384   958   958 I libcomposer_ext: isAidlSupport: is_support: 1
03-12 11:11:04.384   958   958 I libcomposer_ext: ClientInterface::create(), create with AIDL
03-12 11:11:04.384   958   958 D libcomposer_ext: ClientImplAidl::Init()
03-12 11:11:04.384   958   958 D libcomposer_ext: getComposerServiceName, composer_ext_service_name vendor.mediatek.hardware.composer_ext.IComposerExt/default
03-12 11:11:04.384   958  1383 W SurfaceFlinger: Failed to set thread name on dispatch thread
03-12 11:11:04.385  1227  1227 D [gf_ca_entry]: [gf_ca_invoke_command] whitebox is disabled.
03-12 11:11:04.388   958   958 D libcomposer_ext: ClientImplAidl::createBinder()
03-12 11:11:04.388   883   883 I netd    : Setting up BandwidthController hooks: 5395us
03-12 11:11:04.389   883   883 I netd    : Setting up IdletimerController hooks: 163us
03-12 11:11:04.388   897   897 D libcomposer_ext: DeviceImplAidl::DeviceClientContextAidl::DeviceClientContextAidl()
03-12 11:11:04.389   897   897 I libcomposer_ext: DeviceImplAidl::registerClient(), create client with name: 958_SurfaceFlinger0, handle: 0
03-12 11:11:04.389   897   897 I libcomposer_ext: DeviceImplAidl::registerClient(), Registered client name: 958_SurfaceFlinger0 device client: 0xb400007c5b4f4c88
03-12 11:11:04.389   958   958 I SurfaceFlinger: KickIdle mode: 0
03-12 11:11:04.389   958   958 D libcomposer_ext: ClientImplAidl::isFeatureSupported()
03-12 11:11:04.389   897   897 D libcomposer_ext: DeviceImplAidl::syncPerform(7), client_handle: 0
03-12 11:11:04.389   897   897 D libcomposer_ext: DeviceImplAidl::DeviceClientContextAidl::ParseIsFeatureSupported()
03-12 11:11:04.390   958   958 I SurfaceFlinger: isExtraVsyncSupported no
03-12 11:11:04.390   958   958 D libcomposer_ext: ClientImplAidl::enableHWCLogWithProp()
03-12 11:11:04.390   897   897 D libcomposer_ext: DeviceImplAidl::syncPerform(8), client_handle: 0
03-12 11:11:04.390   897   897 D libcomposer_ext: DeviceImplAidl::DeviceClientContextAidl::ParseEnableHWCLogWithProp()
03-12 11:11:04.390   958   958 D libcomposer_ext: ClientImplAidl::isMSyncSupported()
03-12 11:11:04.390   897   897 D libcomposer_ext: DeviceImplAidl::syncPerform(2), client_handle: 0
03-12 11:11:04.390   897   897 D libcomposer_ext: DeviceImplAidl::DeviceClientContextAidl::ParseIsMSyncSupported()
03-12 11:11:04.390   958   958 I SurfaceFlinger: msyncSupported=0, fake_vrr_config=0
03-12 11:11:04.390   958   958 D libcomposer_ext: ClientImplAidl::setEnvironmentHint()
03-12 11:11:04.390   897   897 D libcomposer_ext: DeviceImplAidl::syncPerform(30), client_handle: 0
03-12 11:11:04.390   897   897 D libcomposer_ext: DeviceImplAidl::DeviceClientContextAidl::ParseSetEnvironmentHint()
03-12 11:11:04.393  1227  1227 D [gf_ca_entry]: [gf_ca_invoke_command] whitebox is disabled.
03-12 11:11:04.393   958  1050 I GrallocExtra: gralloc_extra_query:is_SW3D 0
03-12 11:11:04.394   958   958 I SurfaceFlinger: Get flinger
03-12 11:11:04.394   958   958 I SurfaceFlinger: start vendor.mediatek.framework.mtksf_ext.IMtkSF_ext/default success
03-12 11:11:04.394   958   958 I HidlServiceManagement: Trying to get transport of android.frameworks.displayservice@1.0::IDisplayService/default without hwservicemanager
03-12 11:11:04.394   958   958 E HidlServiceManagement: Service android.frameworks.displayservice@1.0::IDisplayService/default must be in VINTF manifest in order to register/get.
03-12 11:11:04.394   958   958 E SurfaceFlinger: Did not register (deprecated) IDisplayService service.
03-12 11:11:04.395   958   958 D SurfaceFlinger: Setting power mode 0 on display 4627039422300187648
03-12 11:11:04.395   958   958 D SurfaceFlinger: Setting power mode 2 on display 4627039422300187648
03-12 11:11:04.395   897   897 I hwcomposer: [HWC] displaySetPowerMode display:0 mode:2 (flow_seq:1)  
03-12 11:11:04.396  1227  1227 D [gf_ca_entry]: [gf_ca_invoke_command] whitebox is disabled.
03-12 11:11:04.397  1178  1178 D PQ      : [CRTC_114] perform: opCode 27
03-12 11:11:04.397  1178  1178 E PQ      : [CRTC_114] dbi_power_mode 2, 
03-12 11:11:04.397  1178  1178 D AALService: [CRTC_114] setScreenState: change screen state 2(On) -> 2(On)
03-12 11:11:04.397  1178  1178 D AALLightSensor: setScreenState: from: 0 -> 1
03-12 11:11:04.397  1178  1178 D PQ_DBIServiceV2: [CRTC_114] dbi_power_mode 2, 
03-12 11:11:04.397  1178  1178 D PQ_DBIServiceV2: [CRTC_114] normalRunTime 0
03-12 11:11:04.397  1178  1178 D PQ_DBIServiceV2: [CRTC_114] mSuspendRunTime 0
03-12 11:11:04.397  1178  1178 D PQ_DBIServiceV2: [CRTC_114] mAODRunTime 0
03-12 11:11:04.397  1178  1178 D PQ      : [CRTC_114] perform: opCode 27, done
03-12 11:11:04.397   897   897 I hwcomposer: [HWCDisplay] (0 setPowerMode():2858), set mode(2) current mode(0), scene(0), pq spend time: 668693  
03-12 11:11:04.398   897   897 I hwcomposer: [HWC] handlePowerModeChange(), spend time: 2223384  
03-12 11:11:04.398   897   897 D libcomposer_ext: DeviceImplAidl::DeviceClientContextAidl::NotifyHwcDisplayCapability()
03-12 11:11:04.398   958  1314 D libcomposer_ext: ClientCallbackAidl::asyncPerform(16)
03-12 11:11:04.398  1227  1227 D [gf_ca_entry]: [gf_ca_invoke_command] whitebox is disabled.
03-12 11:11:04.398   958  1314 D libcomposer_ext: ClientImplAidl::ParseNotifyHwcDisplayCapability()
03-12 11:11:04.402  1227  1227 D [gf_ca_entry]: [gf_ca_invoke_command] whitebox is disabled.
03-12 11:11:04.402   883   883 I netd    : Setting up StrictController hooks: 13918us
03-12 11:11:04.403   883   883 I netd    : initEnhancedConnectivity: run: *filter
03-12 11:11:04.403   883   883 I netd    : -N enhanced_conn_unsec_blocked
03-12 11:11:04.403   883   883 I netd    : COMMIT
03-12 11:11:04.403  1332  1332 I VoLTE IMCB-CM: register ims_hif for vt #369
03-12 11:11:04.404  1332  1332 I VoLTE IMCB-CM: [ims_hif:0] init success, fd: 4 #434
03-12 11:11:04.406  1332  1332 I VoLTE IMCB-CM: [ims_hif:1] init success, fd: 5 #434
03-12 11:11:04.407   883   883 I netd    : Setting up OemNetdController hooks: 4458us
03-12 11:11:04.407  1332  1332 I VoLTE IMCB-CM: [ims_hif:2] init success, fd: 6 #434
03-12 11:11:04.407  1227  1227 D [gf_ca_entry]: [gf_ca_invoke_command] whitebox is disabled.
03-12 11:11:04.408  1332  1332 I VoLTE IF_CH: ** channel create (0xb400007cabc83330) (7) (module/volte//volte_core/src/os/api_channel.c:313)
03-12 11:11:04.408  1332  1332 I VoLTE IMCB-CM: Send the init event to UA, max_acct=6 #54
03-12 11:11:04.408  1332  1332 I VoLTE IMCB-CM: Connect to the UA, wait reg event (type 1) #217
03-12 11:11:04.408  1317  1370 E VoLTE IF_SERVICE: volte_service_server_read, data = 0xb4000079514314a0, channel = 0xb400007951431450, type = 0, callback is NULL (module/volte//volte_core/src/interface/volte_service.c:188)
03-12 11:11:04.408  1317  1370 I VoLTE Service: UA account num = 6 (module/volte//volte_ua/src/service/service.c:116)
03-12 11:11:04.408  1317  1370 E VoLTE UA: Stack channel is created (module/volte//volte_ua/src/service/message.c:639)
03-12 11:11:04.408  1313  1354 I VoLTE REG: Reg[0] owner = 00000002 (module/volte//volte_stack/src/reg/reg.c:14583)
03-12 11:11:04.408  1313  1354 I VoLTE REG: Reg[1] owner = 00000002 (module/volte//volte_stack/src/reg/reg.c:14583)
03-12 11:11:04.408  1313  1354 I VoLTE REG: Reg[2] owner = 00000002 (module/volte//volte_stack/src/reg/reg.c:14583)
03-12 11:11:04.408  1313  1354 I VoLTE REG: Reg[3] owner = 00000002 (module/volte//volte_stack/src/reg/reg.c:14583)
03-12 11:11:04.408  1313  1354 I VoLTE REG: Reg[4] owner = 00000002 (module/volte//volte_stack/src/reg/reg.c:14583)
03-12 11:11:04.408  1313  1354 I VoLTE REG: Reg[5] owner = 00000002 (module/volte//volte_stack/src/reg/reg.c:14583)
03-12 11:11:04.409  1317  1370 I VoLTE Service: VoLTE Service is ready (module/volte//volte_ua/src/service/service.c:132)
03-12 11:11:04.409   958   958 D SurfaceFlinger: Finished setting power mode 2 on display 4627039422300187648
03-12 11:11:04.409  1332  1393 I VoLTE IMCB-CM: Receive VOLTE_IND_REG_STATE, id = 5, and cause is VoLTE_Event_Reg_Cause_Channel_Bind #94
03-12 11:11:04.409  1332  1332 I VoLTE IMCB-CM: socket opened, fd = 10!! #122
03-12 11:11:04.410  1317  1364 I VoLTE UA: call_message_update_reg_state: acct [5] update reg_state from [Disconnect] to [Disconnect] (module/volte//volte_ua/src/call/acct.c:4046)
03-12 11:11:04.410  1332  1332 I VoLTE IMCB: {{{{imcb main start ... (NDK build 20161209)/2024/10/30 21:50:00 GMT +08:00/MOLY.LR12A.R3.MP.V340.4.P8, GEN93_USER main()@0#498
03-12 11:11:04.410  1332  1332 I VoLTE IMCB: [process_msg] msg_id=20002(0x00004E22), dst=UA[3], IMCB_IMC_HEADER_FILE_VERNO=8b, MSG_ID_IMC_IN_BEGIN=100000, IMC_FEATURE_BITMAP=0x3 process_msg()@0#190
03-12 11:11:04.410  1332  1332 I VoLTE IMCB: EndofMessage @0#242}}}}
03-12 11:11:04.411  1332  1332 I VoLTE IMCB-2: {{{{[process_msg] msg_id=101602(0x00018CE2), dst=IMCB[2], IMCB_IMC_HEADER_FILE_VERNO=8b, MSG_ID_IMC_IN_BEGIN=100000, IMC_FEATURE_BITMAP=0x3 @0#190
03-12 11:11:04.411  1332  1332 I VoLTE IMCB-2: connection status change for module 2 as error_num 0 imcb_imcb_comm_error_handler()@0#1248
03-12 11:11:04.411  1332  1332 I VoLTE IMCB-2: connection status for modudle 2 @0#1271
03-12 11:11:04.411  1332  1332 I VoLTE IMCB-2: ENTER imcb_send_multiple_imc_va_connect_req()@0#3244
03-12 11:11:04.411  1332  1332 I VoLTE IMCB-2: ENTER imcb_send_imc_va_connect_req()@0#3227
03-12 11:11:04.411  1332  1332 I VoLTE IMCB-2: Pure Mesage Send dest=IMCB[2], msg_id=100003(0x000186A3), len=3456, IMCB_IMC_HEADER_FILE_VERNO=8b, MSG_ID_IMC_IN_BEGIN=100000, IMC_FEATURE_BITMAP=0x3 imcb_send_to_COMM()@0#248
03-12 11:11:04.411  1332  1332 I VoLTE IMCB-2: ENTER imcb_send_imc_va_connect_req()@1#3227
03-12 11:11:04.411  1332  1332 I VoLTE IMCB-2: Pure Mesage Send dest=IMCB[2], msg_id=100003(0x000186A3), len=3456, IMCB_IMC_HEADER_FILE_VERNO=8b, MSG_ID_IMC_IN_BEGIN=100000, IMC_FEATURE_BITMAP=0x3 imcb_send_to_COMM()@1#248}}}}
03-12 11:11:04.411  1332  1332 I VoLTE IMCB: {{{{ENTER imcb_send_imc_va_connect_req()@2#3227
03-12 11:11:04.411  1332  1332 I VoLTE IMCB: Pure Mesage Send dest=IMCB[2], msg_id=100003(0x000186A3), len=3456, IMCB_IMC_HEADER_FILE_VERNO=8b, MSG_ID_IMC_IN_BEGIN=100000, IMC_FEATURE_BITMAP=0x3 imcb_send_to_COMM()@2#248
03-12 11:11:04.411  1332  1332 I VoLTE IMCB: EndofMessage process_msg()@0#242}}}}
03-12 11:11:04.411   897   897 I hwcomposer: [HWCDisplay] (0 setActiveConfigWithConstraints():4091), config:1  
03-12 11:11:04.411   897   897 I hwcomposer: [HWCDisplay] (0 setActiveConfigWithConstraints():4141), now 14567104230, diff 507000, estimated_applied_time 16666667 queued_size:0  
03-12 11:11:04.412   958   958 I PowerHalWrapper: updateFps(): 90
03-12 11:11:04.412   958   958 I PowerHalWrapper: updateFps(): 90
03-12 11:11:04.415   958  1050 I GrallocExtra: gralloc_extra_query:is_SW3D 0
03-12 11:11:04.420  1178  1357 D AAL     : getTuningReg: getTuningReg: SmartBacklightStrength(id 41)
03-12 11:11:04.429   897  1385 W hwcomposer: [EVENT] monitorActiveThread: timeout check dpy:0 idx:14583770897 deadline:14583806051  
03-12 11:11:04.446   897  1385 W hwcomposer: [EVENT] monitorActiveThread: timeout check dpy:0 idx:14583770897 deadline:14602526051  
03-12 11:11:04.447  1277  1277 D AndroidRuntime: >>>>>> START com.android.internal.os.RuntimeInit uid 0 <<<<<<
03-12 11:11:04.453  1178  1357 D AALService: [CRTC_114] 03-12 11:11:04.424 BL= 255,ESS= 256, 
03-12 11:11:04.460  1120  1120 W hw-ProcessState: HwBinder is not supported on this device but this process is calling setThreadPoolConfiguration
03-12 11:11:04.461  1277  1277 I AndroidRuntime: Using default boot image
03-12 11:11:04.462  1277  1277 I AndroidRuntime: Leaving lock profiling enabled
03-12 11:11:04.463  1120  1120 I cameraserver: ServiceManager: 0xb4000074f8da22b0
03-12 11:11:04.463   897  1385 W hwcomposer: [EVENT] monitorActiveThread: timeout check dpy:0 idx:14583770897 deadline:14619406282  
03-12 11:11:04.467  1120  1120 I CameraService: CameraService started (pid=1120)
03-12 11:11:04.468  1120  1120 I CameraService: CameraService process starting
03-12 11:11:04.470  1120  1120 W BatteryNotifier: batterystats service unavailable!
03-12 11:11:04.473  1120  1120 W BatteryNotifier: batterystats service unavailable!
03-12 11:11:04.474  1120  1120 W HidlServiceManagement: hwservicemanager is not supported on the device.
03-12 11:11:04.474  1262  1262 D AndroidRuntime: >>>>>> START com.android.internal.os.RuntimeInit uid 0 <<<<<<
03-12 11:11:04.475  1120  1120 I HidlServiceManagement: Will not get any notifications for android.hardware.camera.provider@2.4::ICameraProvider/ without hwservicemanager but keeping the callback.
03-12 11:11:04.475  1120  1120 I HidlServiceManagement: Cannot list manifest for android.hardware.camera.provider@2.4::ICameraProvider without hwservicemanager
03-12 11:11:04.483   897  1385 W hwcomposer: [EVENT] monitorActiveThread: timeout check dpy:0 idx:14583770897 deadline:14636366666  
03-12 11:11:04.486  1120  1120 D CameraProviderManager: tryGetService: AIDL Camera provider HAL 'android.hardware.camera.provider.ICameraProvider/internal/0' is not actually available
03-12 11:11:04.486  1120  1120 W CameraProviderManager: tryToInitializeAidlProviderLocked: AIDL Camera provider HAL 'android.hardware.camera.provider.ICameraProvider/internal/0' is not actually available
03-12 11:11:04.488  1262  1262 I AndroidRuntime: Using default boot image
03-12 11:11:04.488  1262  1262 I AndroidRuntime: Leaving lock profiling enabled
03-12 11:11:04.490  1120  1120 D CameraProviderManager: tryGetService: AIDL Camera provider HAL 'android.hardware.camera.provider.ICameraProvider/virtual/0' is not actually available
03-12 11:11:04.490  1120  1120 W CameraProviderManager: tryToInitializeAidlProviderLocked: AIDL Camera provider HAL 'android.hardware.camera.provider.ICameraProvider/virtual/0' is not actually available
03-12 11:11:04.499  1332  1332 I VoLTE IMCB-2: {{{{[process_msg] msg_id=101602(0x00018CE2), dst=IMSA1[5], IMCB_IMC_HEADER_FILE_VERNO=8b, MSG_ID_IMC_IN_BEGIN=100000, IMC_FEATURE_BITMAP=0x3 @0#190
03-12 11:11:04.499  1332  1332 I VoLTE IMCB-2: connection status change for module 5 as error_num 0 imcb_imcb_comm_error_handler()@0#1248
03-12 11:11:04.499  1332  1332 I VoLTE IMCB-2: ENTER imcb_send_multiple_imc_va_connect_req()@0#3244
03-12 11:11:04.499  1332  1332 I VoLTE IMCB-2: ENTER imcb_send_imc_va_connect_req()@0#3227
03-12 11:11:04.499  1332  1332 I VoLTE IMCB-2: Pure Mesage Send dest=IMCB[2], msg_id=100003(0x000186A3), len=3456, IMCB_IMC_HEADER_FILE_VERNO=8b, MSG_ID_IMC_IN_BEGIN=100000, IMC_FEATURE_BITMAP=0x3 imcb_send_to_COMM()@0#248
03-12 11:11:04.499  1332  1332 I VoLTE IMCB-2: ENTER imcb_send_imc_va_connect_req()@1#3227
03-12 11:11:04.499  1332  1332 I VoLTE IMCB-2: Pure Mesage Send dest=IMCB[2], msg_id=100003(0x000186A3), len=3456, IMCB_IMC_HEADER_FILE_VERNO=8b, MSG_ID_IMC_IN_BEGIN=100000, IMC_FEATURE_BITMAP=0x3 imcb_send_to_COMM()@1#248
03-12 11:11:04.499  1332  1332 I VoLTE IMCB-2: ENTER imcb_send_imc_va_connect_req()@2#3227}}}}
03-12 11:11:04.499  1332  1332 I VoLTE IMCB-1: {{{{Pure Mesage Send dest=IMCB[2], msg_id=100003(0x000186A3), len=3456, IMCB_IMC_HEADER_FILE_VERNO=8b, MSG_ID_IMC_IN_BEGIN=100000, IMC_FEATURE_BITMAP=0x3 imcb_send_to_COMM()@2#248
03-12 11:11:04.499  1332  1332 I VoLTE IMCB-1: ENTER imcb_send_multiple_imc_imsa_connect_req()@0#3212
03-12 11:11:04.499  1332  1332 I VoLTE IMCB-1: ENTER imcb_send_imc_imsa_connect_req()@0#3196
03-12 11:11:04.499  1332  1332 I VoLTE IMCB-1: imcb_verno:0x8b imcb_set_imsa_connect_req_to_imc_para()@0#967
03-12 11:11:04.499  1332  1332 I VoLTE IMCB-1: Pure Mesage Send dest=IMCB[2], msg_id=100003(0x000186A3), len=3456, IMCB_IMC_HEADER_FILE_VERNO=8b, MSG_ID_IMC_IN_BEGIN=100000, IMC_FEATURE_BITMAP=0x3 imcb_send_to_COMM()@0#248
03-12 11:11:04.499  1332  1332 I VoLTE IMCB-1: ENTER imcb_send_imc_imsa_connect_req()@1#3196
03-12 11:11:04.499  1332  1332 I VoLTE IMCB-1: imcb_verno:0x8b imcb_set_imsa_connect_req_to_imc_para()@1#967}}}}
03-12 11:11:04.499  1332  1332 I VoLTE IMCB-1: {{{{Pure Mesage Send dest=IMCB[2], msg_id=100003(0x000186A3), len=3456, IMCB_IMC_HEADER_FILE_VERNO=8b, MSG_ID_IMC_IN_BEGIN=100000, IMC_FEATURE_BITMAP=0x3 imcb_send_to_COMM()@1#248
03-12 11:11:04.499  1332  1332 I VoLTE IMCB-1: ENTER imcb_send_imc_imsa_connect_req()@2#3196
03-12 11:11:04.499  1332  1332 I VoLTE IMCB-1: imcb_verno:0x8b imcb_set_imsa_connect_req_to_imc_para()@2#967
03-12 11:11:04.499  1332  1332 I VoLTE IMCB-1: Pure Mesage Send dest=IMCB[2], msg_id=100003(0x000186A3), len=3456, IMCB_IMC_HEADER_FILE_VERNO=8b, MSG_ID_IMC_IN_BEGIN=100000, IMC_FEATURE_BITMAP=0x3 imcb_send_to_COMM()@2#248
03-12 11:11:04.499  1332  1332 I VoLTE IMCB-1: ENTER imcb_send_multiple_imc_va_connect_req()@0#3244
03-12 11:11:04.499  1332  1332 I VoLTE IMCB-1: ENTER imcb_send_imc_va_connect_req()@0#3227
03-12 11:11:04.499  1332  1332 I VoLTE IMCB-1: Pure Mesage Send dest=IMCB[2], msg_id=100003(0x000186A3), len=3456, IMCB_IMC_HEADER_FILE_VERNO=8b, MSG_ID_IMC_IN_BEGIN=100000, IMC_FEATURE_BITMAP=0x3 imcb_send_to_COMM()@0#248
03-12 11:11:04.499  1332  1332 I VoLTE IMCB-1: ENTER imcb_send_imc_va_connect_req()@1#3227}}}}
03-12 11:11:04.499  1332  1332 I VoLTE IMCB: {{{{Pure Mesage Send dest=IMCB[2], msg_id=100003(0x000186A3), len=3456, IMCB_IMC_HEADER_FILE_VERNO=8b, MSG_ID_IMC_IN_BEGIN=100000, IMC_FEATURE_BITMAP=0x3 imcb_send_to_COMM()@1#248
03-12 11:11:04.499  1332  1332 I VoLTE IMCB: ENTER imcb_send_imc_va_connect_req()@2#3227
03-12 11:11:04.499  1332  1332 I VoLTE IMCB: Pure Mesage Send dest=IMCB[2], msg_id=100003(0x000186A3), len=3456, IMCB_IMC_HEADER_FILE_VERNO=8b, MSG_ID_IMC_IN_BEGIN=100000, IMC_FEATURE_BITMAP=0x3 imcb_send_to_COMM()@2#248
03-12 11:11:04.499  1332  1332 I VoLTE IMCB: EndofMessage process_msg()@0#242}}}}
03-12 11:11:04.500  1312  1312 E VoLTE IMSM: SOCK_Connect ok, fd = 5 (module/mdagent/volte_imsm_93/src/os_socket.c:305)
03-12 11:11:04.500  1312  1312 D VoLTE IMSM: create imcb receiver[0], task_sock = 0xb400007d228aaed0 (module/mdagent/volte_imsm_93/src/request_handler.c:214)
03-12 11:11:04.501   897  1385 W hwcomposer: [EVENT] monitorActiveThread: timeout check dpy:0 idx:14583770897 deadline:14656029128  
03-12 11:11:04.502  1120  1120 I HidlServiceManagement: Trying to get transport of android.frameworks.cameraservice.service@2.2::ICameraService/default without hwservicemanager
03-12 11:11:04.502  1120  1120 E HidlServiceManagement: Service android.frameworks.cameraservice.service@2.2::ICameraService/default must be in VINTF manifest in order to register/get.
03-12 11:11:04.502  1120  1120 W CameraService: onFirstRef: Did not register default android.frameworks.cameraservice.service@2.2
03-12 11:11:04.504  1332  1394 I VoLTE IMCB-CM: receive the nessage from IMC #72
03-12 11:11:04.505  1332  1394 I VoLTE IMCB-CM: receive the nessage from IMC #72
03-12 11:11:04.505  1332  1394 I VoLTE IMCB-CM: receive the nessage from IMC #72
03-12 11:11:04.505  1332  1394 I VoLTE IMCB-CM: receive the nessage from IMC #72
03-12 11:11:04.505  1332  1394 I VoLTE IMCB-CM: receive the nessage from IMC #72
03-12 11:11:04.505  1332  1394 I VoLTE IMCB-CM: receive the nessage from IMC #72
03-12 11:11:04.505  1332  1394 I VoLTE IMCB-CM: receive the nessage from IMC #72
03-12 11:11:04.505  1332  1394 I VoLTE IMCB-CM: receive the nessage from IMC #72
03-12 11:11:04.505  1332  1394 I VoLTE IMCB-CM: receive the nessage from IMC #72
03-12 11:11:04.505  1332  1394 I VoLTE IMCB-CM: receive the nessage from IMC #72
03-12 11:11:04.505  1332  1332 I VoLTE IMCB-0: {{{{[process_msg] msg_id=100008(0x000186A8), dst=IMCB[2], IMCB_IMC_HEADER_FILE_VERNO=8b, MSG_ID_IMC_IN_BEGIN=100000, IMC_FEATURE_BITMAP=0x3 @0#190
03-12 11:11:04.505  1332  1332 I VoLTE IMCB-0: ENTER imcb_imc_ims_init_ind_handler()@0#4696
03-12 11:11:04.505  1332  1332 I VoLTE IMCB-0: ENTER imcb_initial_sim()@0#1221
03-12 11:11:04.505  1332  1332 I VoLTE IMCB-0: ENTER imcb_send_imc_ims_reg_state_req()@0#2555
03-12 11:11:04.505  1332  1332 I VoLTE IMCB-0: acct_id:0, reg_state:0, cause:0, sip_cause:0, retry_after:0, reg_event:0, sip_uri_type:0 imcb_set_ims_reg_state_req_to_imc_para()@0#267
03-12 11:11:04.505  1332  1332 I VoLTE IMCB-0: Pure Mesage Send dest=IMCB[2], msg_id=100003(0x000186A3), len=3456, IMCB_IMC_HEADER_FILE_VERNO=8b, MSG_ID_IMC_IN_BEGIN=100000, IMC_FEATURE_BITMAP=0x3 imcb_send_to_COMM()@0#248
03-12 11:11:04.505  1332  1332 I VoLTE IMCB-0: ENTER imcb_send_imc_ims_reg_state_req()@0#2555
03-12 11:11:04.505  1332  1332 I VoLTE IMCB-0: acct_id:1, reg_state:0, cause:0, sip_cause:0, retry_after:0, reg_event:0, sip_uri_type:0 imcb_set_ims_reg_state_req_to_imc_para()@0#267}}}}
03-12 11:11:04.505  1312  1312 D VoLTE IMSM: version check begin (module/mdagent/volte_imsm_93/src/volte_imsm.c:173)
03-12 11:11:04.505  1332  1332 I VoLTE IMCB: {{{{Pure Mesage Send dest=IMCB[2], msg_id=100003(0x000186A3), len=3456, IMCB_IMC_HEADER_FILE_VERNO=8b, MSG_ID_IMC_IN_BEGIN=100000, IMC_FEATURE_BITMAP=0x3 imcb_send_to_COMM()@0#248
03-12 11:11:04.505  1332  1332 I VoLTE IMCB: sim:0 initiated ! imcb_initial_sim()@0#1230
03-12 11:11:04.505  1332  1332 I VoLTE IMCB: EndofMessage process_msg()@0#242}}}}
03-12 11:11:04.505  1312  1312 I VoLTE IMSMx: IMSM -> IMSMMD : [0] AP_ID_IMSM_GET_VERSION_REQ
03-12 11:11:04.505  1332  1332 I VoLTE IMCB: {{{{[process_msg] msg_id=100014(0x000186AE), dst=IMCB[2], IMCB_IMC_HEADER_FILE_VERNO=8b, MSG_ID_IMC_IN_BEGIN=100000, IMC_FEATURE_BITMAP=0x3 @0#190
03-12 11:11:04.505  1332  1332 I VoLTE IMCB: ENTER imcb_imc_sim_query_ind_handler()@0#6066
03-12 11:11:04.505  1332  1332 I VoLTE IMCB: Pure Mesage Send dest=IMSA1[5], msg_id=100508(0x0001889C), len=4, IMCB_IMC_HEADER_FILE_VERNO=8b, MSG_ID_IMC_IN_BEGIN=100000, IMC_FEATURE_BITMAP=0x3 imcb_send_to_COMM()@0#248
03-12 11:11:04.505  1332  1332 I VoLTE IMCB: EndofMessage process_msg()@0#242}}}}
03-12 11:11:04.505  1332  1332 I VoLTE IMCB-1: {{{{[process_msg] msg_id=100008(0x000186A8), dst=IMCB[2], IMCB_IMC_HEADER_FILE_VERNO=8b, MSG_ID_IMC_IN_BEGIN=100000, IMC_FEATURE_BITMAP=0x3 @1#190
03-12 11:11:04.505  1332  1332 I VoLTE IMCB-1: ENTER imcb_imc_ims_init_ind_handler()@1#4696
03-12 11:11:04.505  1332  1332 I VoLTE IMCB-1: ENTER imcb_initial_sim()@1#1221
03-12 11:11:04.505  1332  1332 I VoLTE IMCB-1: ENTER imcb_send_imc_ims_reg_state_req()@1#2555
03-12 11:11:04.505  1332  1332 I VoLTE IMCB-1: acct_id:2, reg_state:0, cause:0, sip_cause:0, retry_after:0, reg_event:0, sip_uri_type:0 imcb_set_ims_reg_state_req_to_imc_para()@1#267
03-12 11:11:04.505  1332  1332 I VoLTE IMCB-1: Pure Mesage Send dest=IMCB[2], msg_id=100003(0x000186A3), len=3456, IMCB_IMC_HEADER_FILE_VERNO=8b, MSG_ID_IMC_IN_BEGIN=100000, IMC_FEATURE_BITMAP=0x3 imcb_send_to_COMM()@1#248
03-12 11:11:04.505  1332  1332 I VoLTE IMCB-1: ENTER imcb_send_imc_ims_reg_state_req()@1#2555
03-12 11:11:04.505  1332  1332 I VoLTE IMCB-1: acct_id:3, reg_state:0, cause:0, sip_cause:0, retry_after:0, reg_event:0, sip_uri_type:0 imcb_set_ims_reg_state_req_to_imc_para()@1#267}}}}
03-12 11:11:04.505  1332  1332 I VoLTE IMCB: {{{{Pure Mesage Send dest=IMCB[2], msg_id=100003(0x000186A3), len=3456, IMCB_IMC_HEADER_FILE_VERNO=8b, MSG_ID_IMC_IN_BEGIN=100000, IMC_FEATURE_BITMAP=0x3 imcb_send_to_COMM()@1#248
03-12 11:11:04.505  1332  1332 I VoLTE IMCB: sim:1 initiated ! imcb_initial_sim()@1#1230
03-12 11:11:04.505  1332  1332 I VoLTE IMCB: EndofMessage process_msg()@0#242}}}}
03-12 11:11:04.505  1332  1332 I VoLTE IMCB: {{{{[process_msg] msg_id=100014(0x000186AE), dst=IMCB[2], IMCB_IMC_HEADER_FILE_VERNO=8b, MSG_ID_IMC_IN_BEGIN=100000, IMC_FEATURE_BITMAP=0x3 @1#190
03-12 11:11:04.505  1332  1332 I VoLTE IMCB: ENTER imcb_imc_sim_query_ind_handler()@1#6066
03-12 11:11:04.505  1332  1332 I VoLTE IMCB: Pure Mesage Send dest=IMSA1[5], msg_id=16877724(0x0101889C), len=4, IMCB_IMC_HEADER_FILE_VERNO=8b, MSG_ID_IMC_IN_BEGIN=100000, IMC_FEATURE_BITMAP=0x3 imcb_send_to_COMM()@1#248
03-12 11:11:04.505  1332  1332 I VoLTE IMCB: EndofMessage process_msg()@0#242}}}}
03-12 11:11:04.505  1332  1332 I VoLTE IMCB: {{{{[process_msg] msg_id=100035(0x000186C3), dst=IMCB[2], IMCB_IMC_HEADER_FILE_VERNO=8b, MSG_ID_IMC_IN_BEGIN=100000, IMC_FEATURE_BITMAP=0x3 @0#190
03-12 11:11:04.505  1332  1332 I VoLTE IMCB: ENTER imcb_imc_imsvops_notification_ind_handler()@0#6200
03-12 11:11:04.505  1332  1332 I VoLTE IMCB: Pure Mesage Send dest=UA[3], msg_id=12045(0x00002F0D), len=8, IMCB_IMC_HEADER_FILE_VERNO=8b, MSG_ID_IMC_IN_BEGIN=100000, IMC_FEATURE_BITMAP=0x3 imcb_send_to_COMM()@0#248
03-12 11:11:04.505  1332  1332 I VoLTE IMCB: EndofMessage process_msg()@0#242}}}}
03-12 11:11:04.505  1332  1332 I VoLTE IMCB: {{{{[process_msg] msg_id=100118(0x00018716), dst=IMCB[2], IMCB_IMC_HEADER_FILE_VERNO=8b, MSG_ID_IMC_IN_BEGIN=100000, IMC_FEATURE_BITMAP=0x3 @0#190
03-12 11:11:04.505  1332  1332 I VoLTE IMCB: ENTER imcb_imc_tlv_para_setting_ind_handler()@0#6348
03-12 11:11:04.505  1332  1332 I VoLTE IMCB: Pure Mesage Send dest=UA[3], msg_id=10051(0x00002743), len=32, IMCB_IMC_HEADER_FILE_VERNO=8b, MSG_ID_IMC_IN_BEGIN=100000, IMC_FEATURE_BITMAP=0x3 imcb_send_to_COMM()@0#248
03-12 11:11:04.505  1332  1332 I VoLTE IMCB: send REQ_UPDATE_RT_SETTING from tlv_para IMC to UA imcb_imc_tlv_para_setting_ind_handler()@0#6373
03-12 11:11:04.505  1332  1332 I VoLTE IMCB: EndofMessage process_msg()@0#242}}}}
03-12 11:11:04.506  1332  1332 I VoLTE IMCB: {{{{[process_msg] msg_id=100120(0x00018718), dst=IMCB[2], IMCB_IMC_HEADER_FILE_VERNO=8b, MSG_ID_IMC_IN_BEGIN=100000, IMC_FEATURE_BITMAP=0x3 @0#190
03-12 11:11:04.506  1332  1332 I VoLTE IMCB: Pure Mesage Send dest=UA[3], msg_id=1000001(0x000F4241), len=52, IMCB_IMC_HEADER_FILE_VERNO=8b, MSG_ID_IMC_IN_BEGIN=100000, IMC_FEATURE_BITMAP=0x3 imcb_send_to_COMM()@0#248
03-12 11:11:04.506  1332  1332 I VoLTE IMCB: Pure Mesage Send dest=UA[3], msg_id=1000001(0x000F4241), len=52, IMCB_IMC_HEADER_FILE_VERNO=8b, MSG_ID_IMC_IN_BEGIN=100000, IMC_FEATURE_BITMAP=0x3 @0#248
03-12 11:11:04.506  1332  1332 I VoLTE IMCB: EndofMessage process_msg()@0#242}}}}
03-12 11:11:04.506  1332  1332 I VoLTE IMCB: {{{{[process_msg] msg_id=100035(0x000186C3), dst=IMCB[2], IMCB_IMC_HEADER_FILE_VERNO=8b, MSG_ID_IMC_IN_BEGIN=100000, IMC_FEATURE_BITMAP=0x3 @1#190
03-12 11:11:04.506  1332  1332 I VoLTE IMCB: ENTER imcb_imc_imsvops_notification_ind_handler()@1#6200
03-12 11:11:04.506  1332  1332 I VoLTE IMCB: Pure Mesage Send dest=UA[3], msg_id=12045(0x00002F0D), len=8, IMCB_IMC_HEADER_FILE_VERNO=8b, MSG_ID_IMC_IN_BEGIN=100000, IMC_FEATURE_BITMAP=0x3 imcb_send_to_COMM()@1#248
03-12 11:11:04.506  1332  1332 I VoLTE IMCB: EndofMessage process_msg()@0#242}}}}
03-12 11:11:04.506  1332  1332 I VoLTE IMCB: {{{{[process_msg] msg_id=100118(0x00018716), dst=IMCB[2], IMCB_IMC_HEADER_FILE_VERNO=8b, MSG_ID_IMC_IN_BEGIN=100000, IMC_FEATURE_BITMAP=0x3 @1#190
03-12 11:11:04.506  1332  1332 I VoLTE IMCB: ENTER imcb_imc_tlv_para_setting_ind_handler()@1#6348
03-12 11:11:04.506  1332  1332 I VoLTE IMCB: Pure Mesage Send dest=UA[3], msg_id=10051(0x00002743), len=32, IMCB_IMC_HEADER_FILE_VERNO=8b, MSG_ID_IMC_IN_BEGIN=100000, IMC_FEATURE_BITMAP=0x3 imcb_send_to_COMM()@1#248
03-12 11:11:04.506  1332  1332 I VoLTE IMCB: send REQ_UPDATE_RT_SETTING from tlv_para IMC to UA imcb_imc_tlv_para_setting_ind_handler()@1#6373
03-12 11:11:04.506  1332  1332 I VoLTE IMCB: EndofMessage process_msg()@0#242}}}}
03-12 11:11:04.506  1332  1332 I VoLTE IMCB: {{{{[process_msg] msg_id=100120(0x00018718), dst=IMCB[2], IMCB_IMC_HEADER_FILE_VERNO=8b, MSG_ID_IMC_IN_BEGIN=100000, IMC_FEATURE_BITMAP=0x3 @1#190
03-12 11:11:04.506  1332  1332 I VoLTE IMCB: Pure Mesage Send dest=UA[3], msg_id=1000001(0x000F4241), len=52, IMCB_IMC_HEADER_FILE_VERNO=8b, MSG_ID_IMC_IN_BEGIN=100000, IMC_FEATURE_BITMAP=0x3 imcb_send_to_COMM()@1#248
03-12 11:11:04.506  1332  1332 I VoLTE IMCB: Pure Mesage Send dest=UA[3], msg_id=1000001(0x000F4241), len=52, IMCB_IMC_HEADER_FILE_VERNO=8b, MSG_ID_IMC_IN_BEGIN=100000, IMC_FEATURE_BITMAP=0x3 @1#248
03-12 11:11:04.506  1332  1332 I VoLTE IMCB: EndofMessage process_msg()@0#242}}}}
03-12 11:11:04.506  1312  1402 I VoLTE IMSMx: IMSMMD -> IMSM : [0] AP_ID_IMSM_GET_VERSION_CNF
03-12 11:11:04.506  1312  1400 I VoLTE IMSMx: IMCB -> IMSM : [0] SIM_QUERY_IND
03-12 11:11:04.506  1312  1312 D VoLTE IMSM: AP version = 6, MD version = 6 (module/mdagent/volte_imsm_93/src/volte_imsm.c:181)
03-12 11:11:04.506  1312  1312 I VoLTE IMSMx: IMSM -> IMSMMD : [0] AP_ID_SIMMNGR_SIM_INSERT_CHECK_REQ
03-12 11:11:04.506  1312  1400 I VoLTE IMSMx: IMCB -> IMSM : [1] SIM_QUERY_IND
03-12 11:11:04.507  1313  1354 I VoLTE REG: Reg[0] update vops = 0 (module/volte//volte_stack/src/reg/reg.c:5640)
03-12 11:11:04.507  1313  1354 I VoLTE REG: rcs_feature = 0 (module/volte//volte_stack/src/reg/reg.c:5755)
03-12 11:11:04.507  1313  1354 I VoLTE REG: rcs_state = 0 (module/volte//volte_stack/src/reg/reg.c:5758)
03-12 11:11:04.507  1313  1354 I VoLTE REG: Reg[2] update vops = 0 (module/volte//volte_stack/src/reg/reg.c:5640)
03-12 11:11:04.507  1313  1354 E VoLTE REG: invalid rcs information (module/volte//volte_stack/src/reg/reg.c:5746)
03-12 11:11:04.507  1317  1367 I VoLTE SMS: SMS[0] update is_vops = (0) (module/volte//volte_ua/src/sms/sms.c:3567)
03-12 11:11:04.507  1317  1367 I VoLTE SMS: SMS[2] update is_vops = (0) (module/volte//volte_ua/src/sms/sms.c:3567)
03-12 11:11:04.507  1312  1343 D VoLTE IMSM: ===> event queue = 0xb400007d428b5270, sim_id = 0, request_id = 100508 (module/mdagent/volte_imsm_93/src/imsm_handler.c:6055)
03-12 11:11:04.507  1312  1343 D VoLTE IMSM: Receive IMCB sim_id=0 request_id=100508 (module/mdagent/volte_imsm_93/src/imsm_handler.c:2818)
03-12 11:11:04.507  1312  1343 D VoLTE IMSM: receive MSG_ID_WRAP_IMSA_IMCB_SIM_QUERY_IND, transaction_id = 1 (module/mdagent/volte_imsm_93/src/imsm_handler.c:3330)
03-12 11:11:04.507  1312  1343 D VoLTE IMSM: send MSG_ID_WRAP_IMSA_IMCB_SIM_QUERY_RSP, transaction_id = 1, sim_usim_type = 0, isim_type = 3, session_id = 0 (module/mdagent/volte_imsm_93/src/imsm_handler.c:3351)
03-12 11:11:04.507  1312  1343 I VoLTE IMSMx: IMSM -> IMCB : [0] SIM_QUERY_RSP
03-12 11:11:04.507  1312  1402 I VoLTE IMSMx: IMSMMD -> IMSM : [0] AP_ID_SIMMNGR_SIM_INSERT_CHECK_CNF
03-12 11:11:04.507  1312  1312 I VoLTE IMSMx: IMSM -> IMSMMD : [1] AP_ID_SIMMNGR_SIM_INSERT_CHECK_REQ
03-12 11:11:04.507  1332  1332 I VoLTE IMCB: {{{{[process_msg] msg_id=100509(0x0001889D), dst=IMSA1[5], IMCB_IMC_HEADER_FILE_VERNO=8b, MSG_ID_IMC_IN_BEGIN=100000, IMC_FEATURE_BITMAP=0x3 @0#190
03-12 11:11:04.507  1332  1332 I VoLTE IMCB: ENTER imsa_imcb_sim_query_rsp_handler()@0#1540
03-12 11:11:04.507  1332  1332 I VoLTE IMCB: transaction_id:1, sim_usim_type:0, isim_type:3, session_id:0 @0#1543
03-12 11:11:04.507  1332  1332 I VoLTE IMCB: Pure Mesage Send dest=IMCB[2], msg_id=100003(0x000186A3), len=3456, IMCB_IMC_HEADER_FILE_VERNO=8b, MSG_ID_IMC_IN_BEGIN=100000, IMC_FEATURE_BITMAP=0x3 imcb_send_to_COMM()@0#248
03-12 11:11:04.507  1332  1332 I VoLTE IMCB: EndofMessage process_msg()@0#242}}}}
03-12 11:11:04.507  1312  1343 D VoLTE IMSM: ===> event queue = 0xb400007d428b5270, sim_id = 0, request_id = 800103 (module/mdagent/volte_imsm_93/src/imsm_handler.c:6055)
03-12 11:11:04.507  1312  1343 D VoLTE IMSM: MSG_ID_WRAP_MAL_IMSM_SIM_INSERT_CHECK_NOTIFY_IND, flag = 0 (module/mdagent/volte_imsm_93/src/imsm_handler.c:5621)
03-12 11:11:04.507  1312  1345 D VoLTE IMSM: ===> event queue = 0xb400007d428b48d0, sim_id = 1, request_id = 16877724 (module/mdagent/volte_imsm_93/src/imsm_handler.c:6055)
03-12 11:11:04.507  1312  1345 D VoLTE IMSM: Receive IMCB sim_id=1 request_id=100508 (module/mdagent/volte_imsm_93/src/imsm_handler.c:2818)
03-12 11:11:04.507  1312  1345 D VoLTE IMSM: receive MSG_ID_WRAP_IMSA_IMCB_SIM_QUERY_IND, transaction_id = 2 (module/mdagent/volte_imsm_93/src/imsm_handler.c:3330)
03-12 11:11:04.507  1312  1345 D VoLTE IMSM: send MSG_ID_WRAP_IMSA_IMCB_SIM_QUERY_RSP, transaction_id = 2, sim_usim_type = 0, isim_type = 3, session_id = 0 (module/mdagent/volte_imsm_93/src/imsm_handler.c:3351)
03-12 11:11:04.507  1312  1345 I VoLTE IMSMx: IMSM -> IMCB : [1] SIM_QUERY_RSP
03-12 11:11:04.507  1332  1332 I VoLTE IMCB: {{{{[process_msg] msg_id=100509(0x0001889D), dst=IMSA1[5], IMCB_IMC_HEADER_FILE_VERNO=8b, MSG_ID_IMC_IN_BEGIN=100000, IMC_FEATURE_BITMAP=0x3 @1#190
03-12 11:11:04.507  1332  1332 I VoLTE IMCB: ENTER imsa_imcb_sim_query_rsp_handler()@1#1540
03-12 11:11:04.507  1332  1332 I VoLTE IMCB: transaction_id:2, sim_usim_type:0, isim_type:3, session_id:0 @1#1543
03-12 11:11:04.507  1332  1332 I VoLTE IMCB: Pure Mesage Send dest=IMCB[2], msg_id=100003(0x000186A3), len=3456, IMCB_IMC_HEADER_FILE_VERNO=8b, MSG_ID_IMC_IN_BEGIN=100000, IMC_FEATURE_BITMAP=0x3 imcb_send_to_COMM()@1#248
03-12 11:11:04.507  1332  1332 I VoLTE IMCB: EndofMessage process_msg()@0#242}}}}
03-12 11:11:04.508  1312  1402 I VoLTE IMSMx: IMSMMD -> IMSM : [1] AP_ID_SIMMNGR_SIM_INSERT_CHECK_CNF
03-12 11:11:04.508  1312  1345 D VoLTE IMSM: ===> event queue = 0xb400007d428b48d0, sim_id = 1, request_id = 17577319 (module/mdagent/volte_imsm_93/src/imsm_handler.c:6055)
03-12 11:11:04.508  1312  1345 D VoLTE IMSM: MSG_ID_WRAP_MAL_IMSM_SIM_INSERT_CHECK_NOTIFY_IND, flag = 0 (module/mdagent/volte_imsm_93/src/imsm_handler.c:5621)
03-12 11:11:04.512   883   883 D Netd    : iptables-restore process 907 terminated status=256
03-12 11:11:04.513   883   883 E IptablesRestoreController: iptables error:
03-12 11:11:04.513   883   883 E IptablesRestoreController: ------- COMMAND -------
03-12 11:11:04.514   883   883 E IptablesRestoreController: *mangle
03-12 11:11:04.514   883   883 E IptablesRestoreController: -A connmark_mangle_INPUT -m connmark --mark 0/0x000FFFFF -j CONNMARK --save-mark --ctmask 0x000FFFFF --nfmask 0x000FFFFF
03-12 11:11:04.514   883   883 E IptablesRestoreController: -A connmark_mangle_OUTPUT -m connmark --mark 0/0x000FFFFF -j CONNMARK --save-mark --ctmask 0x000FFFFF --nfmask 0x000FFFFF
03-12 11:11:04.514   883   883 E IptablesRestoreController: COMMIT
03-12 11:11:04.514   883   883 E IptablesRestoreController: -------  ERROR -------
03-12 11:11:04.514   883   883 E IptablesRestoreController: iptables-restore: line 197 failed
03-12 11:11:04.514  1262  1262 I TrickyStore: Using CollectorTypeCMC GC.
03-12 11:11:04.515   883   883 E IptablesRestoreController: ----------------------
03-12 11:11:04.516  1277  1277 I lspd    : Using CollectorTypeCMC GC.
03-12 11:11:04.517  1120  1120 I CameraService: CameraService pinged cameraservice proxy
03-12 11:11:04.518   883   883 E IptablesRestoreController: Unable to send ping command: Broken pipe
03-12 11:11:04.518   883   883 I netd    : Setting up connmark hooks: 110652us
03-12 11:11:04.519  1120  1120 I cameraserver: ServiceManager: 0xb4000074f8da22b0 done instantiate
03-12 11:11:04.520   897  1385 W hwcomposer: [EVENT] monitorActiveThread: timeout check dpy:0 idx:14583770897 deadline:14674093666  
03-12 11:11:04.537   897  1385 W hwcomposer: [EVENT] monitorActiveThread: timeout check dpy:0 idx:14583770897 deadline:14692927589  
03-12 11:11:04.553   969   981 W ccci_fsd(1): O: X://NA77_005, flag 0x700, ret 1
03-12 11:11:04.554   897  1385 W hwcomposer: [EVENT] monitorActiveThread: timeout check dpy:0 idx:14583770897 deadline:14709848820  
03-12 11:11:04.555   969   981 W ccci_fsd(1): O: Y://NA77_005, flag 0x700, ret 1
03-12 11:11:04.557  1227  1227 W libc    : Access denied finding property "gf.debug.dump_data"
03-12 11:11:04.557  1227  1227 D [gf_ca_entry]: [gf_ca_invoke_command] whitebox is disabled.
03-12 11:11:04.560  1227  1227 W libc    : Access denied finding property "gf.debug.dump_data"
03-12 11:11:04.562  1227  1227 I GoodixServiceRegister: register GoodixFingerprintAIDLDaemon binder service
03-12 11:11:04.562  1227  1227 V vendor.goodix.hardware.biometrics.AIDL: nativeOpenHal()
03-12 11:11:04.562  1227  1227 V vendor.goodix.hardware.biometrics.AIDL: nativeOpenHal() 0x7414f39cfc
03-12 11:11:04.563  1227  1358 D [gf_ca_entry]: [gf_ca_invoke_command] whitebox is disabled.
03-12 11:11:04.566   389   389 I auditd  : avc:  denied  { find } for pid=1227 uid=1000 name=vendor.goodix.hardware.biometrics.fingerprint.cap.IGoodixFingerprintDaemon/default scontext=u:r:hal_fingerprint_default:s0 tcontext=u:object_r:gfp_aservice:s0 tclass=service_manager permissive=0
03-12 11:11:04.568  1227  1227 W ServiceManagerCppClient: Failed to get isDeclared for vendor.goodix.hardware.biometrics.fingerprint.cap.IGoodixFingerprintDaemon/default: Status(-1, EX_SECURITY): 'SELinux denied.'
03-12 11:11:04.568  1227  1227 E GoodixServiceRegister: service declare = 0,status = 0,name = vendor.goodix.hardware.biometrics.fingerprint.cap.IGoodixFingerprintDaemon/default
03-12 11:11:04.568  1227  1227 E GoodixServiceRegister: OK to register GoodixFingerprintAIDLDaemon binder service!
03-12 11:11:04.568  1227  1227 V [GF_HAL][FingerprintHal]: set_notify_callback
03-12 11:11:04.568  1227  1227 I android.hardware.biometrics.fingerprint-service.gf: gf_fingerprint init ok,add aosp aidl service
03-12 11:11:04.571   897  1385 W hwcomposer: [EVENT] monitorActiveThread: timeout check dpy:0 idx:14583770897 deadline:14726709436  
03-12 11:11:04.587  1227  1358 E [GF_HAL][gf_hal_milan]: [hal_milan_invoke_command] err=GF_SUCCESS, errno=0. reset g_hal_over_current_count to 0!
03-12 11:11:04.587  1227  1358 I [GF_HAL][gf_hal_milan]: [irq_pre_process] irq_type=INVALID_IRQ_TYPE, irq_type=0x0000
03-12 11:11:04.587  1227  1358 I [GF_HAL][gf_hal_milan]: [irq_process] invalid irq type 0
03-12 11:11:04.587   897  1385 W hwcomposer: [EVENT] monitorActiveThread: timeout check dpy:0 idx:14583770897 deadline:14743562589  
03-12 11:11:04.588  1227  1358 D [gf_ca_entry]: [gf_ca_invoke_command] whitebox is disabled.
03-12 11:11:04.592  1296  1296 I RILMUXD : 2059:poll_modem_ready(): Selected 1
03-12 11:11:04.593  1296  1296 I RILMUXD : 2064:poll_modem_ready(): Read 14 bytes from serial device
03-12 11:11:04.593  1296  1296 I RILMUXD : 2067:poll_modem_ready(): serial device buff: 
03-12 11:11:04.593  1296  1296 I RILMUXD : +EIND: 64
03-12 11:11:04.593  1296  1296 I RILMUXD : 
03-12 11:11:04.593  1296  1296 I RILMUXD : +EIND: 128
03-12 11:11:04.593  1296  1296 I RILMUXD : 2071:poll_modem_ready(): Received +EIND: 128
03-12 11:11:04.598  1296  1296 I RILMUXD : 3470:start_muxer(): Starting mux mode
03-12 11:11:04.601  1296  1296 I RILMUXD : 3703:watchdog(): Init control channel
03-12 11:11:04.606   941   941 D AudioParamParser-sys: tryAudioHalService(), Got MtkAudioService...
03-12 11:11:04.607   897  1385 W hwcomposer: [EVENT] monitorActiveThread: timeout check dpy:0 idx:14583770897 deadline:14760450974  
03-12 11:11:04.609   892   892 D AudioALSAHardware: -getParameters(), return "APP_GET_FO#MTK_BESLOUDNESS_RUN_WITH_HAL=no"
03-12 11:11:04.611  1227  1358 E [GF_HAL][gf_hal_milan]: [hal_milan_invoke_command] err=GF_SUCCESS, errno=0. reset g_hal_over_current_count to 0!
03-12 11:11:04.611  1227  1358 I [GF_HAL][gf_hal_milan]: [irq_pre_process] irq_type=INVALID_IRQ_TYPE, irq_type=0x0000
03-12 11:11:04.611  1227  1358 I [GF_HAL][gf_hal_milan]: [irq_process] invalid irq type 0
03-12 11:11:04.611  1227  1358 D [gf_ca_entry]: [gf_ca_invoke_command] whitebox is disabled.
03-12 11:11:04.612   892   892 D AudioALSAHardware: -getParameters(), return "APP_GET_FO#MTK_BESLOUDNESS_SUPPORT=no"
03-12 11:11:04.615   892   892 D AudioALSAHardware: -getParameters(), return "APP_GET_FO#MTK_USB_PHONECALL="
03-12 11:11:04.617   892   892 D AudioALSAHardware: -getParameters(), return "APP_GET_FO#MTK_AUDIO_NUMBER_OF_SPEAKER=2"
03-12 11:11:04.617  1296  1409 I RILMUXD : 2886:extract_frames(): Finish MUX Channel Setup Procedure
03-12 11:11:04.617  1296  1296 I RILMUXD : 3745:watchdog(): ril-daemon-mtk started!
03-12 11:11:04.619  1296  1296 I RILMUXD : 3751:watchdog(): muxd switch to user radio
03-12 11:11:04.622   892   892 D AudioALSAHardware: -getParameters(), return "APP_GET_FO#MTK_TTY_SUPPORT=yes"
03-12 11:11:04.624   897  1385 W hwcomposer: [EVENT] monitorActiveThread: timeout check dpy:0 idx:14583770897 deadline:14780398897  
03-12 11:11:04.625   892   892 D AudioALSAHardware: -getParameters(), return "APP_GET_FO#MTK_HIFIAUDIO_SUPPORT=no"
03-12 11:11:04.630   892   892 D AudioALSAHardware: -getParameters(), return "APP_GET_FO#MTK_AUDIO_HIERARCHICAL_PARAM_SUPPORT=yes"
03-12 11:11:04.631   892   892 D AudioALSAHardware: -getParameters(), return "APP_GET_FO#MTK_AUDIO_FM_DRIVER_DISABLE="
03-12 11:11:04.632  1407  1407 I [AIDL]fpc_daemon: Fingerprint HAL started
03-12 11:11:04.633  1407  1407 D [AIDL]fpc_daemon: find fp sensor gf3976
03-12 11:11:04.633  1407  1407 I [extension]fpc_extension: add_aidl_dummy_service
03-12 11:11:04.633  1407  1407 I [extension]fpc_extension: FpcExtension instantiate
03-12 11:11:04.633  1407  1407 I [extension]fpc_extension: Registering service: com.fingerprints.fpc.extension.IFpcExtension/default
03-12 11:11:04.636   892   892 D AudioALSAHardware: -getParameters(), return "APP_GET_FO#MTK_AURISYS_FRAMEWORK_SUPPORT=yes"
03-12 11:11:04.637   892   892 D AudioALSAHardware: -getParameters(), return "APP_GET_FO#MTK_BT_HEARING_AID_SUPPORT=no"
03-12 11:11:04.638   892   892 D AudioALSAHardware: -getParameters(), return "APP_GET_FO#MTK_BT_HEARING_AID_USING_AOSP_FMW="
03-12 11:11:04.639   892   892 D AudioALSAHardware: -getParameters(), return "APP_GET_FO#MTK_TC10_FEATURE="
03-12 11:11:04.640   892   892 D AudioALSAHardware: -getParameters(), return "APP_GET_FO#MTK_TC10_IN_HOUSE="
03-12 11:11:04.640   892   892 D AudioALSAHardware: -getParameters(), return "APP_GET_FO#MTK_AUDIO_A2DP_LATENCY_IMPROVE=no"
03-12 11:11:04.641   892   892 D AudioALSAHardware: -getParameters(), return "APP_GET_FO#MTK_MUSIC_ROUTE_TO_BTSCO_DURING_BTSCO_ON="
03-12 11:11:04.641   897  1385 W hwcomposer: [EVENT] monitorActiveThread: timeout check dpy:0 idx:14583770897 deadline:14797471589  
03-12 11:11:04.642   941   941 D AudioUtilmtk: MTK_AUDIOMIXER_ENABLE_DRC: 0
03-12 11:11:04.642   941   941 D AudioUtilmtk: MTK_ENABLE_STEREO_SPEAKER: 1
03-12 11:11:04.642   941   941 D AudioUtilmtk: foValue_MTK_USB_PHONECALL , MTK_USB_PHONECALL: 1
03-12 11:11:04.642   941   941 D AudioUtilmtk: MTK_TTY_SUPPORT 1
03-12 11:11:04.642   941   941 D AudioUtilmtk: MTK_HIFIAUDIO_SUPPORT: 0
03-12 11:11:04.642   941   941 D AudioUtilmtk: MTK_BESLOUDNESS_ENABLE : 0
03-12 11:11:04.642   941   941 D AudioUtilmtk: MTK_AUDIO_GAIN_TABLE: 1
03-12 11:11:04.642   941   941 D AudioUtilmtk: MTK_FM_ENABLE : 1
03-12 11:11:04.642   941   941 D AudioUtilmtk: MTK_AURISYS_FRAMEWORK_SUPPORT : 1
03-12 11:11:04.642   941   941 D AudioUtilmtk: MTK_BT_HEARING_AID_SUPPORT : 0
03-12 11:11:04.642   941   941 D AudioUtilmtk: MTK_BT_HEARING_AID_USING_AOSP_FMW : 0
03-12 11:11:04.642   941   941 D AudioUtilmtk: MTK_TC10_FEATURE : 0
03-12 11:11:04.642   941   941 D AudioUtilmtk: MTK_TC10_IN_HOUSE : 0
03-12 11:11:04.642   941   941 D AudioUtilmtk: MTK_AUDIO_A2DP_LATENCY_IMPROVE : 0
03-12 11:11:04.642   941   941 D AudioUtilmtk: foValue_MTK_MUSIC_ROUTE_TO_BTSCO_DURING_BTSCO_ON , MTK_MUSIC_ROUTE_TO_BTSCO_DURING_BTSCO_ON : 1
